<html>
<body>
<pre>
<h1>µVision Build Log</h1>
<h2>Tool Versions:</h2>
IDE-Version: ¦ÌVision V5.36.0.0
Copyright (C) 2021 ARM Ltd and ARM Germany GmbH. All rights reserved.
License Information: i 18575880679@163.com, d, LIC=8VRJ7-EBEEX-TGP7T-RDLR4-RY7SP-0MVZV
 
Tool Versions:
Toolchain:       MDK-ARM Plus  Version: 5.36.0.0
Toolchain Path:  C:\Keil_v5\ARM\ARMCC\Bin
C Compiler:      Armcc.exe V5.06 update 7 (build 960)
Assembler:       Armasm.exe V5.06 update 7 (build 960)
Linker/Locator:  ArmLink.exe V5.06 update 7 (build 960)
Library Manager: ArmAr.exe V5.06 update 7 (build 960)
Hex Converter:   FromElf.exe V5.06 update 7 (build 960)
CPU DLL:         SARMCM3.DLL V5.36.0.0
Dialog DLL:      DCM.DLL V1.17.3.0
Target DLL:      STLink\ST-LINKIII-KEIL_SWO.dll V3.0.9.0
Dialog DLL:      TCM.DLL V1.53.0.0
 
<h2>Project:</h2>
C:\Users\18575\Desktop\BLDC\firmware\closeLoop\MDK-ARM\stm32g431cbu6.uvprojx
Project File Date:  02/03/2024

<h2>Output:</h2>
*** Using Compiler 'V5.06 update 7 (build 960)', folder: 'C:\Keil_v5\ARM\ARMCC\Bin'
Build target 'stm32g431cbu6'
assembling startup_stm32g431xx.s...
compiling adc.c...
compiling dma.c...
compiling app_freertos.c...
../User/comm.h(18): warning:  #1295-D: Deprecated declaration printLog - give arg types
  void printLog();
../Core/Src/app_freertos.c: 1 warning, 0 errors
compiling i2c.c...
compiling opamp.c...
compiling main.c...
../User/comm.h(18): warning:  #1295-D: Deprecated declaration printLog - give arg types
  void printLog();
../Core/Src/main.c(245): warning:  #177-D: variable "obsever_cnt"  was declared but never referenced
    static uint16_t obsever_cnt;
../Core/Src/main.c: 2 warnings, 0 errors
compiling gpio.c...
compiling stm32g4xx_hal_msp.c...
compiling stm32g4xx_it.c...
../User/comm.h(18): warning:  #1295-D: Deprecated declaration printLog - give arg types
  void printLog();
../Core/Src/stm32g4xx_it.c: 1 warning, 0 errors
compiling usart.c...
compiling tim.c...
compiling stm32g4xx_hal_adc_ex.c...
compiling stm32g4xx_hal_flash.c...
compiling stm32g4xx_hal.c...
compiling stm32g4xx_hal_rcc.c...
compiling stm32g4xx_hal_rcc_ex.c...
compiling stm32g4xx_hal_flash_ex.c...
compiling stm32g4xx_hal_adc.c...
compiling stm32g4xx_hal_flash_ramfunc.c...
compiling stm32g4xx_hal_gpio.c...
compiling stm32g4xx_hal_exti.c...
compiling stm32g4xx_hal_dma.c...
compiling stm32g4xx_hal_pwr.c...
compiling stm32g4xx_hal_pwr_ex.c...
compiling stm32g4xx_hal_cortex.c...
compiling stm32g4xx_hal_dma_ex.c...
compiling stm32g4xx_hal_opamp.c...
compiling stm32g4xx_hal_i2c_ex.c...
compiling stm32g4xx_hal_i2c.c...
compiling stm32g4xx_hal_opamp_ex.c...
compiling stm32g4xx_hal_tim_ex.c...
compiling stm32g4xx_hal_uart.c...
compiling system_stm32g4xx.c...
compiling stm32g4xx_hal_tim.c...
compiling stm32g4xx_hal_uart_ex.c...
compiling foc.c...
..\User\comm.h(18): warning:  #1295-D: Deprecated declaration printLog - give arg types
  void printLog();
..\User\foc.c(226): warning:  #1-D: last line of file ends without a newline
  #endif
..\User\foc.c: 2 warnings, 0 errors
compiling pid.c...
..\User\comm.h(18): warning:  #1295-D: Deprecated declaration printLog - give arg types
  void printLog();
..\User\pid.c: 1 warning, 0 errors
compiling lowPassFilter.c...
..\User\comm.h(18): warning:  #1295-D: Deprecated declaration printLog - give arg types
  void printLog();
..\User\lowPassFilter.c: 1 warning, 0 errors
compiling as5600.c...
..\User\comm.h(18): warning:  #1295-D: Deprecated declaration printLog - give arg types
  void printLog();
..\User\as5600.c: 1 warning, 0 errors
compiling croutine.c...
compiling event_groups.c...
compiling list.c...
compiling queue.c...
compiling stream_buffer.c...
compiling time_utils.c...
..\User\comm.h(18): warning:  #1295-D: Deprecated declaration printLog - give arg types
  void printLog();
..\User\time_utils.c: 1 warning, 0 errors
compiling tasks.c...
compiling timers.c...
compiling heap_4.c...
compiling sensor.c...
..\User\comm.h(18): warning:  #1295-D: Deprecated declaration printLog - give arg types
  void printLog();
..\User\sensor.c(256): warning:  #1-D: last line of file ends without a newline
  }
..\User\sensor.c: 2 warnings, 0 errors
compiling bldcMotor.c...
..\User\comm.h(18): warning:  #1295-D: Deprecated declaration printLog - give arg types
  void printLog();
..\User\bldcMotor.c: 1 warning, 0 errors
compiling comm.c...
..\User\comm.h(18): warning:  #1295-D: Deprecated declaration printLog - give arg types
  void printLog();
..\User\comm.c(71): warning:  #225-D: the format string ends before this argument
        sprintf(sndBuff, "Hello World!\r\n", target);
..\User\comm.c: 2 warnings, 0 errors
compiling port.c...
compiling userMain.c...
..\User\comm.h(18): warning:  #1295-D: Deprecated declaration printLog - give arg types
  void printLog();
..\User\userMain.c: 1 warning, 0 errors
compiling cmsis_os2.c...
linking...
Program Size: Code=37108 RO-data=1524 RW-data=320 ZI-data=8448  
FromELF: creating hex file...
"stm32g431cbu6\stm32g431cbu6.axf" - 0 Error(s), 16 Warning(s).

<h2>Software Packages used:</h2>

Package Vendor: ARM
                http://www.keil.com/pack/ARM.CMSIS.5.8.0.pack
                ARM.CMSIS.5.8.0
                CMSIS (Common Microcontroller Software Interface Standard)
   * Component: CORE Version: 5.5.0

Package Vendor: Keil
                https://www.keil.com/pack/Keil.STM32G4xx_DFP.1.5.0.pack
                Keil.STM32G4xx_DFP.1.5.0
                STMicroelectronics STM32G4 Series Device Support, Drivers and Examples

<h2>Collection of Component include folders:</h2>
  .\RTE\_stm32g431cbu6
  C:\Users\18575\AppData\Local\Arm\Packs\ARM\CMSIS\5.8.0\CMSIS\Core\Include
  C:\Users\18575\AppData\Local\Arm\Packs\Keil\STM32G4xx_DFP\1.5.0\Drivers\CMSIS\Device\ST\STM32G4xx\Include

<h2>Collection of Component Files used:</h2>

   * Component: ARM::CMSIS:CORE:5.5.0
      Include file:  CMSIS\Core\Include\tz_context.h
Build Time Elapsed:  00:02:36
</pre>
</body>
</html>
