Component: ARM Compiler 5.06 update 7 (build 960) Tool: armlink [4d3601]

==============================================================================

Section Cross References

    startup_stm32g431xx.o(STACK) refers (Special) to heapauxi.o(.text) for __use_two_region_memory
    startup_stm32g431xx.o(HEAP) refers (Special) to heapauxi.o(.text) for __use_two_region_memory
    startup_stm32g431xx.o(RESET) refers (Special) to heapauxi.o(.text) for __use_two_region_memory
    startup_stm32g431xx.o(RESET) refers to startup_stm32g431xx.o(STACK) for __initial_sp
    startup_stm32g431xx.o(RESET) refers to startup_stm32g431xx.o(.text) for Reset_Handler
    startup_stm32g431xx.o(RESET) refers to stm32g4xx_it.o(i.NMI_Handler) for NMI_Handler
    startup_stm32g431xx.o(RESET) refers to stm32g4xx_it.o(i.HardFault_Handler) for HardFault_Handler
    startup_stm32g431xx.o(RESET) refers to stm32g4xx_it.o(i.MemManage_Handler) for MemManage_Handler
    startup_stm32g431xx.o(RESET) refers to stm32g4xx_it.o(i.BusFault_Handler) for BusFault_Handler
    startup_stm32g431xx.o(RESET) refers to stm32g4xx_it.o(i.UsageFault_Handler) for UsageFault_Handler
    startup_stm32g431xx.o(RESET) refers to port.o(.emb_text) for SVC_Handler
    startup_stm32g431xx.o(RESET) refers to stm32g4xx_it.o(i.DebugMon_Handler) for DebugMon_Handler
    startup_stm32g431xx.o(RESET) refers to stm32g4xx_it.o(i.SysTick_Handler) for SysTick_Handler
    startup_stm32g431xx.o(RESET) refers to stm32g4xx_it.o(i.USART3_IRQHandler) for USART3_IRQHandler
    startup_stm32g431xx.o(.text) refers (Special) to heapauxi.o(.text) for __use_two_region_memory
    startup_stm32g431xx.o(.text) refers to system_stm32g4xx.o(i.SystemInit) for SystemInit
    startup_stm32g431xx.o(.text) refers to __main.o(!!!main) for __main
    startup_stm32g431xx.o(.text) refers to startup_stm32g431xx.o(HEAP) for Heap_Mem
    startup_stm32g431xx.o(.text) refers to startup_stm32g431xx.o(STACK) for Stack_Mem
    main.o(i.SystemClock_Config) refers to rt_memclr_w.o(.text) for __aeabi_memclr4
    main.o(i.SystemClock_Config) refers to stm32g4xx_hal_pwr_ex.o(i.HAL_PWREx_ControlVoltageScaling) for HAL_PWREx_ControlVoltageScaling
    main.o(i.SystemClock_Config) refers to stm32g4xx_hal_rcc.o(i.HAL_RCC_OscConfig) for HAL_RCC_OscConfig
    main.o(i.SystemClock_Config) refers to stm32g4xx_hal_rcc.o(i.HAL_RCC_ClockConfig) for HAL_RCC_ClockConfig
    main.o(i.main) refers to stm32g4xx_hal.o(i.HAL_Init) for HAL_Init
    main.o(i.main) refers to main.o(i.SystemClock_Config) for SystemClock_Config
    main.o(i.main) refers to gpio.o(i.MX_GPIO_Init) for MX_GPIO_Init
    main.o(i.main) refers to usart.o(i.MX_USART3_UART_Init) for MX_USART3_UART_Init
    main.o(i.main) refers to cmsis_os2.o(i.osKernelInitialize) for osKernelInitialize
    main.o(i.main) refers to app_freertos.o(i.MX_FREERTOS_Init) for MX_FREERTOS_Init
    main.o(i.main) refers to cmsis_os2.o(i.osKernelStart) for osKernelStart
    app_freertos.o(i.MX_FREERTOS_Init) refers to cmsis_os2.o(i.osThreadNew) for osThreadNew
    app_freertos.o(i.MX_FREERTOS_Init) refers to app_freertos.o(.constdata) for .constdata
    app_freertos.o(i.MX_FREERTOS_Init) refers to app_freertos.o(i.StartDefaultTask) for StartDefaultTask
    app_freertos.o(i.MX_FREERTOS_Init) refers to app_freertos.o(.data) for .data
    app_freertos.o(i.StartDefaultTask) refers to usermain.o(i.userMain) for userMain
    app_freertos.o(i.StartDefaultTask) refers to tasks.o(i.vTaskDelete) for vTaskDelete
    app_freertos.o(i.StartDefaultTask) refers to app_freertos.o(.data) for .data
    app_freertos.o(.constdata) refers to app_freertos.o(.conststring) for .conststring
    usart.o(i.HAL_UART_MspDeInit) refers to stm32g4xx_hal_gpio.o(i.HAL_GPIO_DeInit) for HAL_GPIO_DeInit
    usart.o(i.HAL_UART_MspDeInit) refers to stm32g4xx_hal_cortex.o(i.HAL_NVIC_DisableIRQ) for HAL_NVIC_DisableIRQ
    usart.o(i.HAL_UART_MspInit) refers to rt_memclr_w.o(.text) for __aeabi_memclr4
    usart.o(i.HAL_UART_MspInit) refers to stm32g4xx_hal_rcc_ex.o(i.HAL_RCCEx_PeriphCLKConfig) for HAL_RCCEx_PeriphCLKConfig
    usart.o(i.HAL_UART_MspInit) refers to main.o(i.Error_Handler) for Error_Handler
    usart.o(i.HAL_UART_MspInit) refers to stm32g4xx_hal_gpio.o(i.HAL_GPIO_Init) for HAL_GPIO_Init
    usart.o(i.HAL_UART_MspInit) refers to stm32g4xx_hal_cortex.o(i.HAL_NVIC_SetPriority) for HAL_NVIC_SetPriority
    usart.o(i.HAL_UART_MspInit) refers to stm32g4xx_hal_cortex.o(i.HAL_NVIC_EnableIRQ) for HAL_NVIC_EnableIRQ
    usart.o(i.MX_USART3_UART_Init) refers to stm32g4xx_hal_uart.o(i.HAL_UART_Init) for HAL_UART_Init
    usart.o(i.MX_USART3_UART_Init) refers to main.o(i.Error_Handler) for Error_Handler
    usart.o(i.MX_USART3_UART_Init) refers to stm32g4xx_hal_uart_ex.o(i.HAL_UARTEx_SetTxFifoThreshold) for HAL_UARTEx_SetTxFifoThreshold
    usart.o(i.MX_USART3_UART_Init) refers to stm32g4xx_hal_uart_ex.o(i.HAL_UARTEx_SetRxFifoThreshold) for HAL_UARTEx_SetRxFifoThreshold
[...]
    .ARM.Collect$$libinit$$00000019          0x08000252   Section        0  libinit2.o(.ARM.Collect$$libinit$$00000019)
    .ARM.Collect$$libinit$$0000001B          0x08000252   Section        0  libinit2.o(.ARM.Collect$$libinit$$0000001B)
    .ARM.Collect$$libinit$$0000001D          0x08000252   Section        0  libinit2.o(.ARM.Collect$$libinit$$0000001D)
    .ARM.Collect$$libinit$$0000001F          0x08000252   Section        0  libinit2.o(.ARM.Collect$$libinit$$0000001F)
    .ARM.Collect$$libinit$$00000021          0x08000252   Section        0  libinit2.o(.ARM.Collect$$libinit$$00000021)
    .ARM.Collect$$libinit$$00000023          0x08000252   Section        0  libinit2.o(.ARM.Collect$$libinit$$00000023)
    .ARM.Collect$$libinit$$00000025          0x08000252   Section        0  libinit2.o(.ARM.Collect$$libinit$$00000025)
    .ARM.Collect$$libinit$$0000002C          0x08000252   Section        0  libinit2.o(.ARM.Collect$$libinit$$0000002C)
    .ARM.Collect$$libinit$$0000002E          0x08000252   Section        0  libinit2.o(.ARM.Collect$$libinit$$0000002E)
    .ARM.Collect$$libinit$$00000030          0x08000252   Section        0  libinit2.o(.ARM.Collect$$libinit$$00000030)
    .ARM.Collect$$libinit$$00000032          0x08000252   Section        0  libinit2.o(.ARM.Collect$$libinit$$00000032)
    .ARM.Collect$$libinit$$00000033          0x08000252   Section        2  libinit2.o(.ARM.Collect$$libinit$$00000033)
    .ARM.Collect$$libshutdown$$00000000      0x08000254   Section        2  libshutdown.o(.ARM.Collect$$libshutdown$$00000000)
    .ARM.Collect$$libshutdown$$00000002      0x08000256   Section        0  libshutdown2.o(.ARM.Collect$$libshutdown$$00000002)
    .ARM.Collect$$libshutdown$$00000004      0x08000256   Section        0  libshutdown2.o(.ARM.Collect$$libshutdown$$00000004)
    .ARM.Collect$$libshutdown$$00000006      0x08000256   Section        0  libshutdown2.o(.ARM.Collect$$libshutdown$$00000006)
    .ARM.Collect$$libshutdown$$00000009      0x08000256   Section        0  libshutdown2.o(.ARM.Collect$$libshutdown$$00000009)
    .ARM.Collect$$libshutdown$$0000000C      0x08000256   Section        0  libshutdown2.o(.ARM.Collect$$libshutdown$$0000000C)
    .ARM.Collect$$libshutdown$$0000000E      0x08000256   Section        0  libshutdown2.o(.ARM.Collect$$libshutdown$$0000000E)
    .ARM.Collect$$libshutdown$$00000011      0x08000256   Section        0  libshutdown2.o(.ARM.Collect$$libshutdown$$00000011)
    .ARM.Collect$$libshutdown$$00000012      0x08000256   Section        2  libshutdown2.o(.ARM.Collect$$libshutdown$$00000012)
    .ARM.Collect$$rtentry$$00000000          0x08000258   Section        0  __rtentry.o(.ARM.Collect$$rtentry$$00000000)
    .ARM.Collect$$rtentry$$00000002          0x08000258   Section        0  __rtentry2.o(.ARM.Collect$$rtentry$$00000002)
    .ARM.Collect$$rtentry$$00000004          0x08000258   Section        6  __rtentry4.o(.ARM.Collect$$rtentry$$00000004)
    .ARM.Collect$$rtentry$$00000009          0x0800025e   Section        0  __rtentry2.o(.ARM.Collect$$rtentry$$00000009)
    .ARM.Collect$$rtentry$$0000000A          0x0800025e   Section        4  __rtentry2.o(.ARM.Collect$$rtentry$$0000000A)
    .ARM.Collect$$rtentry$$0000000C          0x08000262   Section        0  __rtentry2.o(.ARM.Collect$$rtentry$$0000000C)
    .ARM.Collect$$rtentry$$0000000D          0x08000262   Section        8  __rtentry2.o(.ARM.Collect$$rtentry$$0000000D)
    .ARM.Collect$$rtexit$$00000000           0x0800026a   Section        2  rtexit.o(.ARM.Collect$$rtexit$$00000000)
    .ARM.Collect$$rtexit$$00000002           0x0800026c   Section        0  rtexit2.o(.ARM.Collect$$rtexit$$00000002)
    .ARM.Collect$$rtexit$$00000003           0x0800026c   Section        4  rtexit2.o(.ARM.Collect$$rtexit$$00000003)
    .ARM.Collect$$rtexit$$00000004           0x08000270   Section        6  rtexit2.o(.ARM.Collect$$rtexit$$00000004)
    .emb_text                                0x08000278   Section      190  port.o(.emb_text)
    $v0                                      0x08000278   Number         0  port.o(.emb_text)
    .text                                    0x08000338   Section       64  startup_stm32g431xx.o(.text)
    $v0                                      0x08000338   Number         0  startup_stm32g431xx.o(.text)
    .text                                    0x08000378   Section      238  lludivv7m.o(.text)
    .text                                    0x08000466   Section      138  rt_memcpy_v6.o(.text)
    .text                                    0x080004f0   Section      100  rt_memcpy_w.o(.text)
    .text                                    0x08000554   Section       16  aeabi_memset.o(.text)
    .text                                    0x08000564   Section       78  rt_memclr_w.o(.text)
    .text                                    0x080005b2   Section        0  heapauxi.o(.text)
    .text                                    0x080005b8   Section       68  rt_memclr.o(.text)
    .text                                    0x080005fc   Section       74  sys_stackheap_outer.o(.text)
    .text                                    0x08000646   Section        0  exit.o(.text)
    .text                                    0x08000658   Section        8  libspace.o(.text)
    .text                                    0x08000660   Section        0  sys_exit.o(.text)
    .text                                    0x0800066c   Section        2  use_no_semi.o(.text)
    .text                                    0x0800066e   Section        0  indicate_semi.o(.text)
    i.BusFault_Handler                       0x0800066e   Section        0  stm32g4xx_it.o(i.BusFault_Handler)
    i.DebugMon_Handler                       0x08000670   Section        0  stm32g4xx_it.o(i.DebugMon_Handler)
    i.Error_Handler                          0x08000672   Section        0  main.o(i.Error_Handler)
    i.HAL_DMA_Abort                          0x08000676   Section        0  stm32g4xx_hal_dma.o(i.HAL_DMA_Abort)
    i.HAL_DMA_Abort_IT                       0x080006e0   Section        0  stm32g4xx_hal_dma.o(i.HAL_DMA_Abort_IT)
    i.HAL_GPIO_Init                          0x08000758   Section        0  stm32g4xx_hal_gpio.o(i.HAL_GPIO_Init)
    i.HAL_GetTick                            0x080009a0   Section        0  stm32g4xx_hal.o(i.HAL_GetTick)
    i.HAL_IncTick                            0x080009ac   Section        0  stm32g4xx_hal.o(i.HAL_IncTick)
    i.HAL_Init                               0x080009bc   Section        0  stm32g4xx_hal.o(i.HAL_Init)
    i.HAL_InitTick                           0x080009dc   Section        0  stm32g4xx_hal.o(i.HAL_InitTick)
    i.HAL_MspInit                            0x08000a20   Section        0  stm32g4xx_hal_msp.o(i.HAL_MspInit)
    i.HAL_NVIC_EnableIRQ                     0x08000a5c   Section        0  stm32g4xx_hal_cortex.o(i.HAL_NVIC_EnableIRQ)
    i.HAL_NVIC_SetPriority                   0x08000a78   Section        0  stm32g4xx_hal_cortex.o(i.HAL_NVIC_SetPriority)
    i.HAL_NVIC_SetPriorityGrouping           0x08000ab8   Section        0  stm32g4xx_hal_cortex.o(i.HAL_NVIC_SetPriorityGrouping)
    i.HAL_PWREx_ControlVoltageScaling        0x08000adc   Section        0  stm32g4xx_hal_pwr_ex.o(i.HAL_PWREx_ControlVoltageScaling)
    i.HAL_PWREx_DisableUCPDDeadBattery       0x08000b98   Section        0  stm32g4xx_hal_pwr_ex.o(i.HAL_PWREx_DisableUCPDDeadBattery)
    i.HAL_RCCEx_PeriphCLKConfig              0x08000ba8   Section        0  stm32g4xx_hal_rcc_ex.o(i.HAL_RCCEx_PeriphCLKConfig)
    i.HAL_RCC_ClockConfig                    0x08000e30   Section        0  stm32g4xx_hal_rcc.o(i.HAL_RCC_ClockConfig)
    i.HAL_RCC_GetPCLK1Freq                   0x0800100c   Section        0  stm32g4xx_hal_rcc.o(i.HAL_RCC_GetPCLK1Freq)
    i.HAL_RCC_GetPCLK2Freq                   0x08001030   Section        0  stm32g4xx_hal_rcc.o(i.HAL_RCC_GetPCLK2Freq)
    i.HAL_RCC_GetSysClockFreq                0x08001054   Section        0  stm32g4xx_hal_rcc.o(i.HAL_RCC_GetSysClockFreq)
    i.HAL_RCC_OscConfig                      0x080010c0   Section        0  stm32g4xx_hal_rcc.o(i.HAL_RCC_OscConfig)
    i.HAL_SYSTICK_Config                     0x080014c4   Section        0  stm32g4xx_hal_cortex.o(i.HAL_SYSTICK_Config)
    i.HAL_UARTEx_DisableFifoMode             0x080014ec   Section        0  stm32g4xx_hal_uart_ex.o(i.HAL_UARTEx_DisableFifoMode)
    i.HAL_UARTEx_RxEventCallback             0x0800152a   Section        0  stm32g4xx_hal_uart.o(i.HAL_UARTEx_RxEventCallback)
    i.HAL_UARTEx_RxFifoFullCallback          0x0800152c   Section        0  stm32g4xx_hal_uart_ex.o(i.HAL_UARTEx_RxFifoFullCallback)
    i.HAL_UARTEx_SetRxFifoThreshold          0x0800152e   Section        0  stm32g4xx_hal_uart_ex.o(i.HAL_UARTEx_SetRxFifoThreshold)
    i.HAL_UARTEx_SetTxFifoThreshold          0x0800157a   Section        0  stm32g4xx_hal_uart_ex.o(i.HAL_UARTEx_SetTxFifoThreshold)
    i.HAL_UARTEx_TxFifoEmptyCallback         0x080015c6   Section        0  stm32g4xx_hal_uart_ex.o(i.HAL_UARTEx_TxFifoEmptyCallback)
    i.HAL_UARTEx_WakeupCallback              0x080015c8   Section        0  stm32g4xx_hal_uart_ex.o(i.HAL_UARTEx_WakeupCallback)
    i.HAL_UART_ErrorCallback                 0x080015ca   Section        0  stm32g4xx_hal_uart.o(i.HAL_UART_ErrorCallback)
    i.HAL_UART_IRQHandler                    0x080015cc   Section        0  stm32g4xx_hal_uart.o(i.HAL_UART_IRQHandler)
    i.HAL_UART_Init                          0x080018d8   Section        0  stm32g4xx_hal_uart.o(i.HAL_UART_Init)
    i.HAL_UART_MspInit                       0x08001944   Section        0  usart.o(i.HAL_UART_MspInit)
    i.HAL_UART_Transmit                      0x080019d4   Section        0  stm32g4xx_hal_uart.o(i.HAL_UART_Transmit)
    i.HAL_UART_TxCpltCallback                0x08001a82   Section        0  stm32g4xx_hal_uart.o(i.HAL_UART_TxCpltCallback)
    i.HardFault_Handler                      0x08001a84   Section        0  stm32g4xx_it.o(i.HardFault_Handler)
    i.MX_FREERTOS_Init                       0x08001a88   Section        0  app_freertos.o(i.MX_FREERTOS_Init)
    i.MX_GPIO_Init                           0x08001aa8   Section        0  gpio.o(i.MX_GPIO_Init)
    i.MX_USART3_UART_Init                    0x08001ae4   Section        0  usart.o(i.MX_USART3_UART_Init)
    i.MemManage_Handler                      0x08001b4c   Section        0  stm32g4xx_it.o(i.MemManage_Handler)
    i.NMI_Handler                            0x08001b4e   Section        0  stm32g4xx_it.o(i.NMI_Handler)
    i.StartDefaultTask                       0x08001b50   Section        0  app_freertos.o(i.StartDefaultTask)
    i.SysTick_Handler                        0x08001b68   Section        0  stm32g4xx_it.o(i.SysTick_Handler)
    i.SystemClock_Config                     0x08001b80   Section        0  main.o(i.SystemClock_Config)
    i.SystemInit                             0x08001be8   Section        0  system_stm32g4xx.o(i.SystemInit)
    i.UARTEx_SetNbDataToProcess              0x08001bf8   Section        0  stm32g4xx_hal_uart_ex.o(i.UARTEx_SetNbDataToProcess)
    UARTEx_SetNbDataToProcess                0x08001bf9   Thumb Code    62  stm32g4xx_hal_uart_ex.o(i.UARTEx_SetNbDataToProcess)
    i.UART_AdvFeatureConfig                  0x08001c3c   Section        0  stm32g4xx_hal_uart.o(i.UART_AdvFeatureConfig)
    i.UART_CheckIdleState                    0x08001d04   Section        0  stm32g4xx_hal_uart.o(i.UART_CheckIdleState)
    i.UART_DMAAbortOnError                   0x08001db0   Section        0  stm32g4xx_hal_uart.o(i.UART_DMAAbortOnError)
    UART_DMAAbortOnError                     0x08001db1   Thumb Code    20  stm32g4xx_hal_uart.o(i.UART_DMAAbortOnError)
    i.UART_EndRxTransfer                     0x08001dc4   Section        0  stm32g4xx_hal_uart.o(i.UART_EndRxTransfer)
    UART_EndRxTransfer                       0x08001dc5   Thumb Code    78  stm32g4xx_hal_uart.o(i.UART_EndRxTransfer)
    i.UART_SetConfig                         0x08001e18   Section        0  stm32g4xx_hal_uart.o(i.UART_SetConfig)
    i.UART_WaitOnFlagUntilTimeout            0x0800208c   Section        0  stm32g4xx_hal_uart.o(i.UART_WaitOnFlagUntilTimeout)
    i.USART3_IRQHandler                      0x08002120   Section        0  stm32g4xx_it.o(i.USART3_IRQHandler)
    i.UsageFault_Handler                     0x0800212c   Section        0  stm32g4xx_it.o(i.UsageFault_Handler)
    i._Z17communicationLoopPv                0x0800212e   Section        0  usermain.o(i._Z17communicationLoopPv)
    i.__NVIC_SetPriority                     0x0800213e   Section        0  stm32g4xx_hal_cortex.o(i.__NVIC_SetPriority)
    __NVIC_SetPriority                       0x0800213f   Thumb Code    32  stm32g4xx_hal_cortex.o(i.__NVIC_SetPriority)
    i.main                                   0x0800215e   Section        0  main.o(i.main)
    i.osDelay                                0x0800217c   Section        0  cmsis_os2.o(i.osDelay)
    i.osKernelInitialize                     0x08002198   Section        0  cmsis_os2.o(i.osKernelInitialize)
    i.osKernelStart                          0x080021bc   Section        0  cmsis_os2.o(i.osKernelStart)
    i.osThreadNew                            0x080021f4   Section        0  cmsis_os2.o(i.osThreadNew)
    i.printLog                               0x08002280   Section        0  comm.o(i.printLog)
    i.prvAddCurrentTaskToDelayedList         0x080022b8   Section        0  tasks.o(i.prvAddCurrentTaskToDelayedList)
    prvAddCurrentTaskToDelayedList           0x080022b9   Thumb Code    84  tasks.o(i.prvAddCurrentTaskToDelayedList)
    i.prvAddNewTaskToReadyList               0x08002314   Section        0  tasks.o(i.prvAddNewTaskToReadyList)
    prvAddNewTaskToReadyList                 0x08002315   Thumb Code   190  tasks.o(i.prvAddNewTaskToReadyList)
    i.prvCheckForValidListAndQueue           0x080023e4   Section        0  timers.o(i.prvCheckForValidListAndQueue)
    prvCheckForValidListAndQueue             0x080023e5   Thumb Code    72  timers.o(i.prvCheckForValidListAndQueue)
    i.prvCopyDataFromQueue                   0x0800243c   Section        0  queue.o(i.prvCopyDataFromQueue)
    prvCopyDataFromQueue                     0x0800243d   Thumb Code    38  queue.o(i.prvCopyDataFromQueue)
    i.prvCopyDataToQueue                     0x08002462   Section        0  queue.o(i.prvCopyDataToQueue)
    prvCopyDataToQueue                       0x08002463   Thumb Code   108  queue.o(i.prvCopyDataToQueue)
    i.prvDeleteTCB                           0x080024ce   Section        0  tasks.o(i.prvDeleteTCB)
    prvDeleteTCB                             0x080024cf   Thumb Code    52  tasks.o(i.prvDeleteTCB)
    i.prvHeapInit                            0x08002504   Section        0  heap_4.o(i.prvHeapInit)
    prvHeapInit                              0x08002505   Thumb Code    66  heap_4.o(i.prvHeapInit)
    i.prvIdleTask                            0x08002550   Section        0  tasks.o(i.prvIdleTask)
    prvIdleTask                              0x08002551   Thumb Code    82  tasks.o(i.prvIdleTask)
    i.prvInitialiseNewQueue                  0x080025b0   Section        0  queue.o(i.prvInitialiseNewQueue)
    prvInitialiseNewQueue                    0x080025b1   Thumb Code    34  queue.o(i.prvInitialiseNewQueue)
    i.prvInitialiseNewTask                   0x080025d4   Section        0  tasks.o(i.prvInitialiseNewTask)
    prvInitialiseNewTask                     0x080025d5   Thumb Code   176  tasks.o(i.prvInitialiseNewTask)
    i.prvInsertBlockIntoFreeList             0x08002684   Section        0  heap_4.o(i.prvInsertBlockIntoFreeList)
    prvInsertBlockIntoFreeList               0x08002685   Thumb Code    72  heap_4.o(i.prvInsertBlockIntoFreeList)
    i.prvInsertTimerInActiveList             0x080026d0   Section        0  timers.o(i.prvInsertTimerInActiveList)
    prvInsertTimerInActiveList               0x080026d1   Thumb Code    52  timers.o(i.prvInsertTimerInActiveList)
    i.prvIsQueueEmpty                        0x08002708   Section        0  queue.o(i.prvIsQueueEmpty)
    prvIsQueueEmpty                          0x08002709   Thumb Code    28  queue.o(i.prvIsQueueEmpty)
    i.prvProcessReceivedCommands             0x08002724   Section        0  timers.o(i.prvProcessReceivedCommands)
    prvProcessReceivedCommands               0x08002725   Thumb Code   248  timers.o(i.prvProcessReceivedCommands)
    i.prvProcessTimerOrBlockTask             0x08002820   Section        0  timers.o(i.prvProcessTimerOrBlockTask)
    prvProcessTimerOrBlockTask               0x08002821   Thumb Code   182  timers.o(i.prvProcessTimerOrBlockTask)
    i.prvResetNextTaskUnblockTime            0x080028e0   Section        0  tasks.o(i.prvResetNextTaskUnblockTime)
    prvResetNextTaskUnblockTime              0x080028e1   Thumb Code    26  tasks.o(i.prvResetNextTaskUnblockTime)
    i.prvSampleTimeNow                       0x08002900   Section        0  timers.o(i.prvSampleTimeNow)
    prvSampleTimeNow                         0x08002901   Thumb Code    36  timers.o(i.prvSampleTimeNow)
    i.prvSwitchTimerLists                    0x08002928   Section        0  timers.o(i.prvSwitchTimerLists)
    prvSwitchTimerLists                      0x08002929   Thumb Code   104  timers.o(i.prvSwitchTimerLists)
    i.prvTaskExitError                       0x08002994   Section        0  port.o(i.prvTaskExitError)
    prvTaskExitError                         0x08002995   Thumb Code    36  port.o(i.prvTaskExitError)
    i.prvTimerTask                           0x080029bc   Section        0  timers.o(i.prvTimerTask)
    prvTimerTask                             0x080029bd   Thumb Code    32  timers.o(i.prvTimerTask)
    i.prvUnlockQueue                         0x080029e0   Section        0  queue.o(i.prvUnlockQueue)
    prvUnlockQueue                           0x080029e1   Thumb Code   106  queue.o(i.prvUnlockQueue)
    i.pvPortMalloc                           0x08002a4c   Section        0  heap_4.o(i.pvPortMalloc)
    i.pxPortInitialiseStack                  0x08002b28   Section        0  port.o(i.pxPortInitialiseStack)
    i.userMain                               0x08002b54   Section        0  usermain.o(i.userMain)
    i.uxListRemove                           0x08002b80   Section        0  list.o(i.uxListRemove)
    i.vApplicationGetIdleTaskMemory          0x08002ba8   Section        0  cmsis_os2.o(i.vApplicationGetIdleTaskMemory)
    i.vApplicationGetTimerTaskMemory         0x08002bbc   Section        0  cmsis_os2.o(i.vApplicationGetTimerTaskMemory)
    i.vListInitialise                        0x08002bd4   Section        0  list.o(i.vListInitialise)
    i.vListInitialiseItem                    0x08002bea   Section        0  list.o(i.vListInitialiseItem)
    i.vListInsert                            0x08002bf0   Section        0  list.o(i.vListInsert)
    i.vListInsertEnd                         0x08002c20   Section        0  list.o(i.vListInsertEnd)
    i.vPortEnterCritical                     0x08002c38   Section        0  port.o(i.vPortEnterCritical)
    i.vPortExitCritical                      0x08002c78   Section        0  port.o(i.vPortExitCritical)
    i.vPortFree                              0x08002ca0   Section        0  heap_4.o(i.vPortFree)
    i.vPortSetupTimerInterrupt               0x08002d04   Section        0  port.o(i.vPortSetupTimerInterrupt)
    i.vPortValidateInterruptPriority         0x08002d28   Section        0  port.o(i.vPortValidateInterruptPriority)
    i.vQueueAddToRegistry                    0x08002d7c   Section        0  queue.o(i.vQueueAddToRegistry)
    i.vQueueWaitForMessageRestricted         0x08002da4   Section        0  queue.o(i.vQueueWaitForMessageRestricted)
    i.vTaskDelay                             0x08002de8   Section        0  tasks.o(i.vTaskDelay)
    i.vTaskDelete                            0x08002e34   Section        0  tasks.o(i.vTaskDelete)
    i.vTaskInternalSetTimeOutState           0x08002ec4   Section        0  tasks.o(i.vTaskInternalSetTimeOutState)
    i.vTaskMissedYield                       0x08002ed4   Section        0  tasks.o(i.vTaskMissedYield)
    i.vTaskPlaceOnEventList                  0x08002ee0   Section        0  tasks.o(i.vTaskPlaceOnEventList)
    i.vTaskPlaceOnEventListRestricted        0x08002f10   Section        0  tasks.o(i.vTaskPlaceOnEventListRestricted)
    i.vTaskStartScheduler                    0x08002f48   Section        0  tasks.o(i.vTaskStartScheduler)
    i.vTaskSuspendAll                        0x08002fd0   Section        0  tasks.o(i.vTaskSuspendAll)
    i.vTaskSwitchContext                     0x08002fe0   Section        0  tasks.o(i.vTaskSwitchContext)
    i.xPortStartScheduler                    0x08003044   Section        0  port.o(i.xPortStartScheduler)
    i.xPortSysTickHandler                    0x08003138   Section        0  port.o(i.xPortSysTickHandler)
    i.xQueueGenericCreateStatic              0x08003164   Section        0  queue.o(i.xQueueGenericCreateStatic)
    i.xQueueGenericReset                     0x080031cc   Section        0  queue.o(i.xQueueGenericReset)
    i.xQueueGenericSend                      0x08003254   Section        0  queue.o(i.xQueueGenericSend)
    i.xQueueGenericSendFromISR               0x080033b4   Section        0  queue.o(i.xQueueGenericSendFromISR)
    i.xQueueReceive                          0x08003474   Section        0  queue.o(i.xQueueReceive)
    i.xTaskCheckForTimeOut                   0x080035ac   Section        0  tasks.o(i.xTaskCheckForTimeOut)
    i.xTaskCreate                            0x08003620   Section        0  tasks.o(i.xTaskCreate)
    i.xTaskCreateStatic                      0x0800367a   Section        0  tasks.o(i.xTaskCreateStatic)
    i.xTaskGetSchedulerState                 0x080036d0   Section        0  tasks.o(i.xTaskGetSchedulerState)
    i.xTaskGetTickCount                      0x080036ec   Section        0  tasks.o(i.xTaskGetTickCount)
    i.xTaskIncrementTick                     0x080036f8   Section        0  tasks.o(i.xTaskIncrementTick)
    i.xTaskPriorityDisinherit                0x080037c0   Section        0  tasks.o(i.xTaskPriorityDisinherit)
    i.xTaskRemoveFromEventList               0x08003840   Section        0  tasks.o(i.xTaskRemoveFromEventList)
    i.xTaskResumeAll                         0x080038b0   Section        0  tasks.o(i.xTaskResumeAll)
    i.xTimerCreateTimerTask                  0x08003974   Section        0  timers.o(i.xTimerCreateTimerTask)
    i.xTimerGenericCommand                   0x080039d4   Section        0  timers.o(i.xTimerGenericCommand)
    x$fpl$fpinit                             0x08003a3c   Section       10  fpinit.o(x$fpl$fpinit)
    $v0                                      0x08003a3c   Number         0  fpinit.o(x$fpl$fpinit)
    .constdata                               0x08003a48   Section       36  app_freertos.o(.constdata)
    .constdata                               0x08003a6c   Section       24  stm32g4xx_hal_uart.o(.constdata)
    .constdata                               0x08003a84   Section       16  stm32g4xx_hal_uart_ex.o(.constdata)
    numerator                                0x08003a84   Data           8  stm32g4xx_hal_uart_ex.o(.constdata)
    denominator                              0x08003a8c   Data           8  stm32g4xx_hal_uart_ex.o(.constdata)
    .constdata                               0x08003a94   Section       16  system_stm32g4xx.o(.constdata)
    .constdata                               0x08003aa4   Section        8  system_stm32g4xx.o(.constdata)
    .constdata                               0x08003aac   Section       36  usermain.o(.constdata)
    .conststring                             0x08003ad0   Section       12  app_freertos.o(.conststring)
    .conststring                             0x08003adc   Section        9  usermain.o(.conststring)
    .data                                    0x20000000   Section        4  app_freertos.o(.data)
    .data                                    0x20000004   Section       12  stm32g4xx_hal.o(.data)
    .data                                    0x20000010   Section        4  system_stm32g4xx.o(.data)
    .data                                    0x20000014   Section       60  tasks.o(.data)
    uxDeletedTasksWaitingCleanUp             0x20000018   Data           4  tasks.o(.data)
    uxCurrentNumberOfTasks                   0x2000001c   Data           4  tasks.o(.data)
    xTickCount                               0x20000020   Data           4  tasks.o(.data)
    uxTopReadyPriority                       0x20000024   Data           4  tasks.o(.data)
    xSchedulerRunning                        0x20000028   Data           4  tasks.o(.data)
    xPendedTicks                             0x2000002c   Data           4  tasks.o(.data)
    xYieldPending                            0x20000030   Data           4  tasks.o(.data)
    xNumOfOverflows                          0x20000034   Data           4  tasks.o(.data)
    uxTaskNumber                             0x20000038   Data           4  tasks.o(.data)
    xNextTaskUnblockTime                     0x2000003c   Data           4  tasks.o(.data)
    xIdleTaskHandle                          0x20000040   Data           4  tasks.o(.data)
    uxSchedulerSuspended                     0x20000044   Data           4  tasks.o(.data)
    pxDelayedTaskList                        0x20000048   Data           4  tasks.o(.data)
    pxOverflowDelayedTaskList                0x2000004c   Data           4  tasks.o(.data)
    .data                                    0x20000050   Section       20  timers.o(.data)
    xTimerQueue                              0x20000050   Data           4  timers.o(.data)
    xTimerTaskHandle                         0x20000054   Data           4  timers.o(.data)
    xLastTime                                0x20000058   Data           4  timers.o(.data)
    pxCurrentTimerList                       0x2000005c   Data           4  timers.o(.data)
    pxOverflowTimerList                      0x20000060   Data           4  timers.o(.data)
    .data                                    0x20000064   Section        4  cmsis_os2.o(.data)
    KernelState                              0x20000064   Data           4  cmsis_os2.o(.data)
    .data                                    0x20000068   Section       32  heap_4.o(.data)
    pxEnd                                    0x20000068   Data           4  heap_4.o(.data)
    xFreeBytesRemaining                      0x2000006c   Data           4  heap_4.o(.data)
    xMinimumEverFreeBytesRemaining           0x20000070   Data           4  heap_4.o(.data)
    xNumberOfSuccessfulAllocations           0x20000074   Data           4  heap_4.o(.data)
    xNumberOfSuccessfulFrees                 0x20000078   Data           4  heap_4.o(.data)
    xBlockAllocatedBit                       0x2000007c   Data           4  heap_4.o(.data)
    xStart                                   0x20000080   Data           8  heap_4.o(.data)
    .data                                    0x20000088   Section       12  port.o(.data)
    ucMaxSysCallPriority                     0x20000088   Data           1  port.o(.data)
    uxCriticalNesting                        0x2000008c   Data           4  port.o(.data)
    ulMaxPRIGROUPValue                       0x20000090   Data           4  port.o(.data)
    .data                                    0x20000094   Section        4  usermain.o(.data)
    .bss                                     0x20000098   Section      148  usart.o(.bss)
    .bss                                     0x2000012c   Section       64  queue.o(.bss)
    .bss                                     0x2000016c   Section     1220  tasks.o(.bss)
    pxReadyTasksLists                        0x2000016c   Data        1120  tasks.o(.bss)
    xDelayedTaskList1                        0x200005cc   Data          20  tasks.o(.bss)
    xDelayedTaskList2                        0x200005e0   Data          20  tasks.o(.bss)
    xPendingReadyList                        0x200005f4   Data          20  tasks.o(.bss)
    xTasksWaitingTermination                 0x20000608   Data          20  tasks.o(.bss)
    xSuspendedTaskList                       0x2000061c   Data          20  tasks.o(.bss)
    .bss                                     0x20000630   Section      280  timers.o(.bss)
    xStaticTimerQueue                        0x20000630   Data          80  timers.o(.bss)
    ucStaticTimerQueueStorage                0x20000680   Data         160  timers.o(.bss)
    xActiveTimerList1                        0x20000720   Data          20  timers.o(.bss)
    xActiveTimerList2                        0x20000734   Data          20  timers.o(.bss)
    .bss                                     0x20000748   Section     1720  cmsis_os2.o(.bss)
    Idle_TCB                                 0x20000748   Data          92  cmsis_os2.o(.bss)
    Idle_Stack                               0x200007a4   Data         512  cmsis_os2.o(.bss)
    Timer_TCB                                0x200009a4   Data          92  cmsis_os2.o(.bss)
    Timer_Stack                              0x20000a00   Data        1024  cmsis_os2.o(.bss)
    .bss                                     0x20000e00   Section     3072  heap_4.o(.bss)
    ucHeap                                   0x20000e00   Data        3072  heap_4.o(.bss)
    .bss                                     0x20001a00   Section       96  libspace.o(.bss)
    HEAP                                     0x20001a60   Section      512  startup_stm32g431xx.o(HEAP)
    Heap_Mem                                 0x20001a60   Data         512  startup_stm32g431xx.o(HEAP)
    STACK                                    0x20001c60   Section     1024  startup_stm32g431xx.o(STACK)
    Stack_Mem                                0x20001c60   Data        1024  startup_stm32g431xx.o(STACK)
    __initial_sp                             0x20002060   Data           0  startup_stm32g431xx.o(STACK)

    Global Symbols

    Symbol Name                              Value     Ov Type        Size  Object(Section)

    BuildAttributes$$THM_ISAv4$E$P$D$K$B$S$7EM$VFPi3$EXTD16$VFPS$VFMA$PE$A:L22UL41UL21$X:L11$S22US41US21$IEEE1$IW$USESV6$~STKCKD$USESV7$~SHL$OSPACE$ROPI$EBA8$UX$STANDARDLIB$REQ8$PRES8$EABIv2 0x00000000   Number         0  anon$$obj.o ABSOLUTE
    __ARM_use_no_argv                        0x00000000   Number         0  main.o ABSOLUTE
    __ARM_exceptions_init                     - Undefined Weak Reference
    __alloca_initialize                       - Undefined Weak Reference
    __arm_fini_                               - Undefined Weak Reference
    __arm_preinit_                            - Undefined Weak Reference
    __cpp_initialize__aeabi_                  - Undefined Weak Reference
    __cxa_finalize                            - Undefined Weak Reference
    __rt_locale                               - Undefined Weak Reference
    __sigvec_lookup                           - Undefined Weak Reference
    _atexit_init                              - Undefined Weak Reference
    _call_atexit_fns                          - Undefined Weak Reference
    _clock_init                               - Undefined Weak Reference
    _fp_trap_init                             - Undefined Weak Reference
    _fp_trap_shutdown                         - Undefined Weak Reference
    _get_lc_collate                           - Undefined Weak Reference
    _get_lc_ctype                             - Undefined Weak Reference
    _get_lc_monetary                          - Undefined Weak Reference
    _get_lc_numeric                           - Undefined Weak Reference
    _get_lc_time                              - Undefined Weak Reference
    _getenv_init                              - Undefined Weak Reference
    _handle_redirection                       - Undefined Weak Reference
    _init_alloc                               - Undefined Weak Reference
    _init_user_alloc                          - Undefined Weak Reference
    _initio                                   - Undefined Weak Reference
    _rand_init                                - Undefined Weak Reference
    _signal_finish                            - Undefined Weak Reference
    _signal_init                              - Undefined Weak Reference
    _terminate_alloc                          - Undefined Weak Reference
    _terminate_user_alloc                     - Undefined Weak Reference
    _terminateio                              - Undefined Weak Reference
    __Vectors_Size                           0x000001d8   Number         0  startup_stm32g431xx.o ABSOLUTE
    __Vectors                                0x08000000   Data           4  startup_stm32g431xx.o(RESET)
    __Vectors_End                            0x080001d8   Data           0  startup_stm32g431xx.o(RESET)
    __main                                   0x080001d9   Thumb Code     8  __main.o(!!!main)
    __scatterload                            0x080001e1   Thumb Code     0  __scatter.o(!!!scatter)
    __scatterload_rt2                        0x080001e1   Thumb Code    44  __scatter.o(!!!scatter)
    __scatterload_rt2_thumb_only             0x080001e1   Thumb Code     0  __scatter.o(!!!scatter)
    __scatterload_null                       0x080001ef   Thumb Code     0  __scatter.o(!!!scatter)
    __scatterload_copy                       0x08000215   Thumb Code    26  __scatter_copy.o(!!handler_copy)
    __scatterload_zeroinit                   0x08000231   Thumb Code    28  __scatter_zi.o(!!handler_zi)
    __rt_lib_init                            0x0800024d   Thumb Code     0  libinit.o(.ARM.Collect$$libinit$$00000000)
    __rt_lib_init_fp_1                       0x0800024f   Thumb Code     0  libinit2.o(.ARM.Collect$$libinit$$00000001)
    __rt_lib_init_alloca_1                   0x08000253   Thumb Code     0  libinit2.o(.ARM.Collect$$libinit$$0000002E)
    __rt_lib_init_argv_1                     0x08000253   Thumb Code     0  libinit2.o(.ARM.Collect$$libinit$$0000002C)
    __rt_lib_init_atexit_1                   0x08000253   Thumb Code     0  libinit2.o(.ARM.Collect$$libinit$$0000001B)
    __rt_lib_init_clock_1                    0x08000253   Thumb Code     0  libinit2.o(.ARM.Collect$$libinit$$00000021)
    __rt_lib_init_cpp_1                      0x08000253   Thumb Code     0  libinit2.o(.ARM.Collect$$libinit$$00000032)
    __rt_lib_init_exceptions_1               0x08000253   Thumb Code     0  libinit2.o(.ARM.Collect$$libinit$$00000030)
    __rt_lib_init_fp_trap_1                  0x08000253   Thumb Code     0  libinit2.o(.ARM.Collect$$libinit$$0000001F)
    __rt_lib_init_getenv_1                   0x08000253   Thumb Code     0  libinit2.o(.ARM.Collect$$libinit$$00000023)
    __rt_lib_init_heap_1                     0x08000253   Thumb Code     0  libinit2.o(.ARM.Collect$$libinit$$0000000A)
    __rt_lib_init_lc_collate_1               0x08000253   Thumb Code     0  libinit2.o(.ARM.Collect$$libinit$$00000011)
    __rt_lib_init_lc_ctype_1                 0x08000253   Thumb Code     0  libinit2.o(.ARM.Collect$$libinit$$00000013)
    __rt_lib_init_lc_monetary_1              0x08000253   Thumb Code     0  libinit2.o(.ARM.Collect$$libinit$$00000015)
    __rt_lib_init_lc_numeric_1               0x08000253   Thumb Code     0  libinit2.o(.ARM.Collect$$libinit$$00000017)
    __rt_lib_init_lc_time_1                  0x08000253   Thumb Code     0  libinit2.o(.ARM.Collect$$libinit$$00000019)
    __rt_lib_init_preinit_1                  0x08000253   Thumb Code     0  libinit2.o(.ARM.Collect$$libinit$$00000004)
    __rt_lib_init_rand_1                     0x08000253   Thumb Code     0  libinit2.o(.ARM.Collect$$libinit$$0000000E)
    __rt_lib_init_return                     0x08000253   Thumb Code     0  libinit2.o(.ARM.Collect$$libinit$$00000033)
    __rt_lib_init_signal_1                   0x08000253   Thumb Code     0  libinit2.o(.ARM.Collect$$libinit$$0000001D)
    __rt_lib_init_stdio_1                    0x08000253   Thumb Code     0  libinit2.o(.ARM.Collect$$libinit$$00000025)
    __rt_lib_init_user_alloc_1               0x08000253   Thumb Code     0  libinit2.o(.ARM.Collect$$libinit$$0000000C)
    __rt_lib_shutdown                        0x08000255   Thumb Code     0  libshutdown.o(.ARM.Collect$$libshutdown$$00000000)
    __rt_lib_shutdown_cpp_1                  0x08000257   Thumb Code     0  libshutdown2.o(.ARM.Collect$$libshutdown$$00000004)
    __rt_lib_shutdown_fini_1                 0x08000257   Thumb Code     0  libshutdown2.o(.ARM.Collect$$libshutdown$$00000002)
    __rt_lib_shutdown_fp_trap_1              0x08000257   Thumb Code     0  libshutdown2.o(.ARM.Collect$$libshutdown$$00000009)
    __rt_lib_shutdown_heap_1                 0x08000257   Thumb Code     0  libshutdown2.o(.ARM.Collect$$libshutdown$$00000011)
    __rt_lib_shutdown_return                 0x08000257   Thumb Code     0  libshutdown2.o(.ARM.Collect$$libshutdown$$00000012)
    __rt_lib_shutdown_signal_1               0x08000257   Thumb Code     0  libshutdown2.o(.ARM.Collect$$libshutdown$$0000000C)
    __rt_lib_shutdown_stdio_1                0x08000257   Thumb Code     0  libshutdown2.o(.ARM.Collect$$libshutdown$$00000006)
    __rt_lib_shutdown_user_alloc_1           0x08000257   Thumb Code     0  libshutdown2.o(.ARM.Collect$$libshutdown$$0000000E)
    __rt_entry                               0x08000259   Thumb Code     0  __rtentry.o(.ARM.Collect$$rtentry$$00000000)
    __rt_entry_presh_1                       0x08000259   Thumb Code     0  __rtentry2.o(.ARM.Collect$$rtentry$$00000002)
    __rt_entry_sh                            0x08000259   Thumb Code     0  __rtentry4.o(.ARM.Collect$$rtentry$$00000004)
    __rt_entry_li                            0x0800025f   Thumb Code     0  __rtentry2.o(.ARM.Collect$$rtentry$$0000000A)
    __rt_entry_postsh_1                      0x0800025f   Thumb Code     0  __rtentry2.o(.ARM.Collect$$rtentry$$00000009)
    __rt_entry_main                          0x08000263   Thumb Code     0  __rtentry2.o(.ARM.Collect$$rtentry$$0000000D)
    __rt_entry_postli_1                      0x08000263   Thumb Code     0  __rtentry2.o(.ARM.Collect$$rtentry$$0000000C)
    __rt_exit                                0x0800026b   Thumb Code     0  rtexit.o(.ARM.Collect$$rtexit$$00000000)
    __rt_exit_ls                             0x0800026d   Thumb Code     0  rtexit2.o(.ARM.Collect$$rtexit$$00000003)
    __rt_exit_prels_1                        0x0800026d   Thumb Code     0  rtexit2.o(.ARM.Collect$$rtexit$$00000002)
    __rt_exit_exit                           0x08000271   Thumb Code     0  rtexit2.o(.ARM.Collect$$rtexit$$00000004)
    SVC_Handler                              0x08000279   Thumb Code    28  port.o(.emb_text)
    __asm___6_port_c_39a90d8d__prvStartFirstTask 0x08000299   Thumb Code    36  port.o(.emb_text)
    __asm___6_port_c_39a90d8d__prvEnableVFP  0x080002c1   Thumb Code    16  port.o(.emb_text)
    PendSV_Handler                           0x080002d5   Thumb Code    88  port.o(.emb_text)
    vPortGetIPSR                             0x08000331   Thumb Code     6  port.o(.emb_text)
    Reset_Handler                            0x08000339   Thumb Code     8  startup_stm32g431xx.o(.text)
    ADC1_2_IRQHandler                        0x08000353   Thumb Code     0  startup_stm32g431xx.o(.text)
    COMP1_2_3_IRQHandler                     0x08000353   Thumb Code     0  startup_stm32g431xx.o(.text)
    COMP4_IRQHandler                         0x08000353   Thumb Code     0  startup_stm32g431xx.o(.text)
    CORDIC_IRQHandler                        0x08000353   Thumb Code     0  startup_stm32g431xx.o(.text)
    CRS_IRQHandler                           0x08000353   Thumb Code     0  startup_stm32g431xx.o(.text)
    DMA1_Channel1_IRQHandler                 0x08000353   Thumb Code     0  startup_stm32g431xx.o(.text)
    DMA1_Channel2_IRQHandler                 0x08000353   Thumb Code     0  startup_stm32g431xx.o(.text)
    DMA1_Channel3_IRQHandler                 0x08000353   Thumb Code     0  startup_stm32g431xx.o(.text)
    DMA1_Channel4_IRQHandler                 0x08000353   Thumb Code     0  startup_stm32g431xx.o(.text)
    DMA1_Channel5_IRQHandler                 0x08000353   Thumb Code     0  startup_stm32g431xx.o(.text)
    DMA1_Channel6_IRQHandler                 0x08000353   Thumb Code     0  startup_stm32g431xx.o(.text)
    DMA2_Channel1_IRQHandler                 0x08000353   Thumb Code     0  startup_stm32g431xx.o(.text)
    DMA2_Channel2_IRQHandler                 0x08000353   Thumb Code     0  startup_stm32g431xx.o(.text)
    DMA2_Channel3_IRQHandler                 0x08000353   Thumb Code     0  startup_stm32g431xx.o(.text)
    DMA2_Channel4_IRQHandler                 0x08000353   Thumb Code     0  startup_stm32g431xx.o(.text)
    DMA2_Channel5_IRQHandler                 0x08000353   Thumb Code     0  startup_stm32g431xx.o(.text)
    DMA2_Channel6_IRQHandler                 0x08000353   Thumb Code     0  startup_stm32g431xx.o(.text)
    DMAMUX_OVR_IRQHandler                    0x08000353   Thumb Code     0  startup_stm32g431xx.o(.text)
    EXTI0_IRQHandler                         0x08000353   Thumb Code     0  startup_stm32g431xx.o(.text)
    EXTI15_10_IRQHandler                     0x08000353   Thumb Code     0  startup_stm32g431xx.o(.text)
    EXTI1_IRQHandler                         0x08000353   Thumb Code     0  startup_stm32g431xx.o(.text)
    EXTI2_IRQHandler                         0x08000353   Thumb Code     0  startup_stm32g431xx.o(.text)
    EXTI3_IRQHandler                         0x08000353   Thumb Code     0  startup_stm32g431xx.o(.text)
    EXTI4_IRQHandler                         0x08000353   Thumb Code     0  startup_stm32g431xx.o(.text)
    EXTI9_5_IRQHandler                       0x08000353   Thumb Code     0  startup_stm32g431xx.o(.text)
    FDCAN1_IT0_IRQHandler                    0x08000353   Thumb Code     0  startup_stm32g431xx.o(.text)
    FDCAN1_IT1_IRQHandler                    0x08000353   Thumb Code     0  startup_stm32g431xx.o(.text)
    FLASH_IRQHandler                         0x08000353   Thumb Code     0  startup_stm32g431xx.o(.text)
    FMAC_IRQHandler                          0x08000353   Thumb Code     0  startup_stm32g431xx.o(.text)
    FPU_IRQHandler                           0x08000353   Thumb Code     0  startup_stm32g431xx.o(.text)
    I2C1_ER_IRQHandler                       0x08000353   Thumb Code     0  startup_stm32g431xx.o(.text)
    I2C1_EV_IRQHandler                       0x08000353   Thumb Code     0  startup_stm32g431xx.o(.text)
    I2C2_ER_IRQHandler                       0x08000353   Thumb Code     0  startup_stm32g431xx.o(.text)
    I2C2_EV_IRQHandler                       0x08000353   Thumb Code     0  startup_stm32g431xx.o(.text)
    I2C3_ER_IRQHandler                       0x08000353   Thumb Code     0  startup_stm32g431xx.o(.text)
    I2C3_EV_IRQHandler                       0x08000353   Thumb Code     0  startup_stm32g431xx.o(.text)
    LPTIM1_IRQHandler                        0x08000353   Thumb Code     0  startup_stm32g431xx.o(.text)
    LPUART1_IRQHandler                       0x08000353   Thumb Code     0  startup_stm32g431xx.o(.text)
    PVD_PVM_IRQHandler                       0x08000353   Thumb Code     0  startup_stm32g431xx.o(.text)
    RCC_IRQHandler                           0x08000353   Thumb Code     0  startup_stm32g431xx.o(.text)
    RNG_IRQHandler                           0x08000353   Thumb Code     0  startup_stm32g431xx.o(.text)
    RTC_Alarm_IRQHandler                     0x08000353   Thumb Code     0  startup_stm32g431xx.o(.text)
    RTC_TAMP_LSECSS_IRQHandler               0x08000353   Thumb Code     0  startup_stm32g431xx.o(.text)
    RTC_WKUP_IRQHandler                      0x08000353   Thumb Code     0  startup_stm32g431xx.o(.text)
    SAI1_IRQHandler                          0x08000353   Thumb Code     0  startup_stm32g431xx.o(.text)
    SPI1_IRQHandler                          0x08000353   Thumb Code     0  startup_stm32g431xx.o(.text)
    SPI2_IRQHandler                          0x08000353   Thumb Code     0  startup_stm32g431xx.o(.text)
    SPI3_IRQHandler                          0x08000353   Thumb Code     0  startup_stm32g431xx.o(.text)
    TIM1_BRK_TIM15_IRQHandler                0x08000353   Thumb Code     0  startup_stm32g431xx.o(.text)
    TIM1_CC_IRQHandler                       0x08000353   Thumb Code     0  startup_stm32g431xx.o(.text)
    TIM1_TRG_COM_TIM17_IRQHandler            0x08000353   Thumb Code     0  startup_stm32g431xx.o(.text)
    TIM1_UP_TIM16_IRQHandler                 0x08000353   Thumb Code     0  startup_stm32g431xx.o(.text)
    TIM2_IRQHandler                          0x08000353   Thumb Code     0  startup_stm32g431xx.o(.text)
    TIM3_IRQHandler                          0x08000353   Thumb Code     0  startup_stm32g431xx.o(.text)
    TIM4_IRQHandler                          0x08000353   Thumb Code     0  startup_stm32g431xx.o(.text)
    TIM6_DAC_IRQHandler                      0x08000353   Thumb Code     0  startup_stm32g431xx.o(.text)
    TIM7_IRQHandler                          0x08000353   Thumb Code     0  startup_stm32g431xx.o(.text)
    TIM8_BRK_IRQHandler                      0x08000353   Thumb Code     0  startup_stm32g431xx.o(.text)
    TIM8_CC_IRQHandler                       0x08000353   Thumb Code     0  startup_stm32g431xx.o(.text)
    TIM8_TRG_COM_IRQHandler                  0x08000353   Thumb Code     0  startup_stm32g431xx.o(.text)
    TIM8_UP_IRQHandler                       0x08000353   Thumb Code     0  startup_stm32g431xx.o(.text)
    UART4_IRQHandler                         0x08000353   Thumb Code     0  startup_stm32g431xx.o(.text)
    UCPD1_IRQHandler                         0x08000353   Thumb Code     0  startup_stm32g431xx.o(.text)
    USART1_IRQHandler                        0x08000353   Thumb Code     0  startup_stm32g431xx.o(.text)
    USART2_IRQHandler                        0x08000353   Thumb Code     0  startup_stm32g431xx.o(.text)
    USBWakeUp_IRQHandler                     0x08000353   Thumb Code     0  startup_stm32g431xx.o(.text)
    USB_HP_IRQHandler                        0x08000353   Thumb Code     0  startup_stm32g431xx.o(.text)
    USB_LP_IRQHandler                        0x08000353   Thumb Code     0  startup_stm32g431xx.o(.text)
    WWDG_IRQHandler                          0x08000353   Thumb Code     0  startup_stm32g431xx.o(.text)
    __user_initial_stackheap                 0x08000355   Thumb Code     0  startup_stm32g431xx.o(.text)
    __aeabi_uldivmod                         0x08000379   Thumb Code     0  lludivv7m.o(.text)
    _ll_udiv                                 0x08000379   Thumb Code   238  lludivv7m.o(.text)
    __aeabi_memcpy                           0x08000467   Thumb Code     0  rt_memcpy_v6.o(.text)
    __rt_memcpy                              0x08000467   Thumb Code   138  rt_memcpy_v6.o(.text)
    _memcpy_lastbytes                        0x080004cd   Thumb Code     0  rt_memcpy_v6.o(.text)
    __aeabi_memcpy4                          0x080004f1   Thumb Code     0  rt_memcpy_w.o(.text)
    __aeabi_memcpy8                          0x080004f1   Thumb Code     0  rt_memcpy_w.o(.text)
    __rt_memcpy_w                            0x080004f1   Thumb Code   100  rt_memcpy_w.o(.text)
    _memcpy_lastbytes_aligned                0x08000539   Thumb Code     0  rt_memcpy_w.o(.text)
    __aeabi_memset                           0x08000555   Thumb Code    16  aeabi_memset.o(.text)
    __aeabi_memclr4                          0x08000565   Thumb Code     0  rt_memclr_w.o(.text)
    __aeabi_memclr8                          0x08000565   Thumb Code     0  rt_memclr_w.o(.text)
    __rt_memclr_w                            0x08000565   Thumb Code    78  rt_memclr_w.o(.text)
    _memset_w                                0x08000569   Thumb Code     0  rt_memclr_w.o(.text)
    __use_two_region_memory                  0x080005b3   Thumb Code     2  heapauxi.o(.text)
    __rt_heap_escrow$2region                 0x080005b5   Thumb Code     2  heapauxi.o(.text)
    __rt_heap_expand$2region                 0x080005b7   Thumb Code     2  heapauxi.o(.text)
    __aeabi_memclr                           0x080005b9   Thumb Code     0  rt_memclr.o(.text)
    __rt_memclr                              0x080005b9   Thumb Code    68  rt_memclr.o(.text)
    _memset                                  0x080005bd   Thumb Code     0  rt_memclr.o(.text)
    __user_setup_stackheap                   0x080005fd   Thumb Code    74  sys_stackheap_outer.o(.text)
    exit                                     0x08000647   Thumb Code    18  exit.o(.text)
    __user_libspace                          0x08000659   Thumb Code     8  libspace.o(.text)
    __user_perproc_libspace                  0x08000659   Thumb Code     0  libspace.o(.text)
    __user_perthread_libspace                0x08000659   Thumb Code     0  libspace.o(.text)
    _sys_exit                                0x08000661   Thumb Code     8  sys_exit.o(.text)
    __I$use$semihosting                      0x0800066d   Thumb Code     0  use_no_semi.o(.text)
    __use_no_semihosting_swi                 0x0800066d   Thumb Code     2  use_no_semi.o(.text)
    BusFault_Handler                         0x0800066f   Thumb Code     2  stm32g4xx_it.o(i.BusFault_Handler)
    __semihosting_library_function           0x0800066f   Thumb Code     0  indicate_semi.o(.text)
    DebugMon_Handler                         0x08000671   Thumb Code     2  stm32g4xx_it.o(i.DebugMon_Handler)
    Error_Handler                            0x08000673   Thumb Code     4  main.o(i.Error_Handler)
    HAL_DMA_Abort                            0x08000677   Thumb Code   106  stm32g4xx_hal_dma.o(i.HAL_DMA_Abort)
    HAL_DMA_Abort_IT                         0x080006e1   Thumb Code   120  stm32g4xx_hal_dma.o(i.HAL_DMA_Abort_IT)
    HAL_GPIO_Init                            0x08000759   Thumb Code   550  stm32g4xx_hal_gpio.o(i.HAL_GPIO_Init)
    HAL_GetTick                              0x080009a1   Thumb Code     6  stm32g4xx_hal.o(i.HAL_GetTick)
    HAL_IncTick                              0x080009ad   Thumb Code    12  stm32g4xx_hal.o(i.HAL_IncTick)
    HAL_Init                                 0x080009bd   Thumb Code    30  stm32g4xx_hal.o(i.HAL_Init)
    HAL_InitTick                             0x080009dd   Thumb Code    58  stm32g4xx_hal.o(i.HAL_InitTick)
    HAL_MspInit                              0x08000a21   Thumb Code    54  stm32g4xx_hal_msp.o(i.HAL_MspInit)
    HAL_NVIC_EnableIRQ                       0x08000a5d   Thumb Code    26  stm32g4xx_hal_cortex.o(i.HAL_NVIC_EnableIRQ)
    HAL_NVIC_SetPriority                     0x08000a79   Thumb Code    60  stm32g4xx_hal_cortex.o(i.HAL_NVIC_SetPriority)
    HAL_NVIC_SetPriorityGrouping             0x08000ab9   Thumb Code    26  stm32g4xx_hal_cortex.o(i.HAL_NVIC_SetPriorityGrouping)
    HAL_PWREx_ControlVoltageScaling          0x08000add   Thumb Code   174  stm32g4xx_hal_pwr_ex.o(i.HAL_PWREx_ControlVoltageScaling)
    HAL_PWREx_DisableUCPDDeadBattery         0x08000b99   Thumb Code    12  stm32g4xx_hal_pwr_ex.o(i.HAL_PWREx_DisableUCPDDeadBattery)
    HAL_RCCEx_PeriphCLKConfig                0x08000ba9   Thumb Code   638  stm32g4xx_hal_rcc_ex.o(i.HAL_RCCEx_PeriphCLKConfig)
    HAL_RCC_ClockConfig                      0x08000e31   Thumb Code   444  stm32g4xx_hal_rcc.o(i.HAL_RCC_ClockConfig)
    HAL_RCC_GetPCLK1Freq                     0x0800100d   Thumb Code    24  stm32g4xx_hal_rcc.o(i.HAL_RCC_GetPCLK1Freq)
    HAL_RCC_GetPCLK2Freq                     0x08001031   Thumb Code    24  stm32g4xx_hal_rcc.o(i.HAL_RCC_GetPCLK2Freq)
    HAL_RCC_GetSysClockFreq                  0x08001055   Thumb Code    98  stm32g4xx_hal_rcc.o(i.HAL_RCC_GetSysClockFreq)
    HAL_RCC_OscConfig                        0x080010c1   Thumb Code  1028  stm32g4xx_hal_rcc.o(i.HAL_RCC_OscConfig)
    HAL_SYSTICK_Config                       0x080014c5   Thumb Code    40  stm32g4xx_hal_cortex.o(i.HAL_SYSTICK_Config)
    HAL_UARTEx_DisableFifoMode               0x080014ed   Thumb Code    62  stm32g4xx_hal_uart_ex.o(i.HAL_UARTEx_DisableFifoMode)
    HAL_UARTEx_RxEventCallback               0x0800152b   Thumb Code     2  stm32g4xx_hal_uart.o(i.HAL_UARTEx_RxEventCallback)
    HAL_UARTEx_RxFifoFullCallback            0x0800152d   Thumb Code     2  stm32g4xx_hal_uart_ex.o(i.HAL_UARTEx_RxFifoFullCallback)
    HAL_UARTEx_SetRxFifoThreshold            0x0800152f   Thumb Code    76  stm32g4xx_hal_uart_ex.o(i.HAL_UARTEx_SetRxFifoThreshold)
    HAL_UARTEx_SetTxFifoThreshold            0x0800157b   Thumb Code    76  stm32g4xx_hal_uart_ex.o(i.HAL_UARTEx_SetTxFifoThreshold)
    HAL_UARTEx_TxFifoEmptyCallback           0x080015c7   Thumb Code     2  stm32g4xx_hal_uart_ex.o(i.HAL_UARTEx_TxFifoEmptyCallback)
    HAL_UARTEx_WakeupCallback                0x080015c9   Thumb Code     2  stm32g4xx_hal_uart_ex.o(i.HAL_UARTEx_WakeupCallback)
    HAL_UART_ErrorCallback                   0x080015cb   Thumb Code     2  stm32g4xx_hal_uart.o(i.HAL_UART_ErrorCallback)
    HAL_UART_IRQHandler                      0x080015cd   Thumb Code   766  stm32g4xx_hal_uart.o(i.HAL_UART_IRQHandler)
    HAL_UART_Init                            0x080018d9   Thumb Code   106  stm32g4xx_hal_uart.o(i.HAL_UART_Init)
    HAL_UART_MspInit                         0x08001945   Thumb Code   130  usart.o(i.HAL_UART_MspInit)
    HAL_UART_Transmit                        0x080019d5   Thumb Code   174  stm32g4xx_hal_uart.o(i.HAL_UART_Transmit)
    HAL_UART_TxCpltCallback                  0x08001a83   Thumb Code     2  stm32g4xx_hal_uart.o(i.HAL_UART_TxCpltCallback)
    HardFault_Handler                        0x08001a85   Thumb Code     2  stm32g4xx_it.o(i.HardFault_Handler)
    MX_FREERTOS_Init                         0x08001a89   Thumb Code    18  app_freertos.o(i.MX_FREERTOS_Init)
    MX_GPIO_Init                             0x08001aa9   Thumb Code    54  gpio.o(i.MX_GPIO_Init)
    MX_USART3_UART_Init                      0x08001ae5   Thumb Code    94  usart.o(i.MX_USART3_UART_Init)
    MemManage_Handler                        0x08001b4d   Thumb Code     2  stm32g4xx_it.o(i.MemManage_Handler)
    NMI_Handler                              0x08001b4f   Thumb Code     2  stm32g4xx_it.o(i.NMI_Handler)
    StartDefaultTask                         0x08001b51   Thumb Code    18  app_freertos.o(i.StartDefaultTask)
    SysTick_Handler                          0x08001b69   Thumb Code    24  stm32g4xx_it.o(i.SysTick_Handler)
    SystemClock_Config                       0x08001b81   Thumb Code   104  main.o(i.SystemClock_Config)
    SystemInit                               0x08001be9   Thumb Code    12  system_stm32g4xx.o(i.SystemInit)
    UART_AdvFeatureConfig                    0x08001c3d   Thumb Code   200  stm32g4xx_hal_uart.o(i.UART_AdvFeatureConfig)
    UART_CheckIdleState                      0x08001d05   Thumb Code   172  stm32g4xx_hal_uart.o(i.UART_CheckIdleState)
    UART_SetConfig                           0x08001e19   Thumb Code   582  stm32g4xx_hal_uart.o(i.UART_SetConfig)
    UART_WaitOnFlagUntilTimeout              0x0800208d   Thumb Code   148  stm32g4xx_hal_uart.o(i.UART_WaitOnFlagUntilTimeout)
    USART3_IRQHandler                        0x08002121   Thumb Code     6  stm32g4xx_it.o(i.USART3_IRQHandler)
    UsageFault_Handler                       0x0800212d   Thumb Code     2  stm32g4xx_it.o(i.UsageFault_Handler)
    communicationLoop(void*)                 0x0800212f   Thumb Code    16  usermain.o(i._Z17communicationLoopPv)
    main                                     0x0800215f   Thumb Code    30  main.o(i.main)
    osDelay                                  0x0800217d   Thumb Code    26  cmsis_os2.o(i.osDelay)
    osKernelInitialize                       0x08002199   Thumb Code    32  cmsis_os2.o(i.osKernelInitialize)
    osKernelStart                            0x080021bd   Thumb Code    48  cmsis_os2.o(i.osKernelStart)
    osThreadNew                              0x080021f5   Thumb Code   138  cmsis_os2.o(i.osThreadNew)
    printLog                                 0x08002281   Thumb Code    32  comm.o(i.printLog)
    pvPortMalloc                             0x08002a4d   Thumb Code   216  heap_4.o(i.pvPortMalloc)
    pxPortInitialiseStack                    0x08002b29   Thumb Code    40  port.o(i.pxPortInitialiseStack)
    userMain                                 0x08002b55   Thumb Code    32  usermain.o(i.userMain)
    uxListRemove                             0x08002b81   Thumb Code    38  list.o(i.uxListRemove)
    vApplicationGetIdleTaskMemory            0x08002ba9   Thumb Code    16  cmsis_os2.o(i.vApplicationGetIdleTaskMemory)
    vApplicationGetTimerTaskMemory           0x08002bbd   Thumb Code    18  cmsis_os2.o(i.vApplicationGetTimerTaskMemory)
    vListInitialise                          0x08002bd5   Thumb Code    22  list.o(i.vListInitialise)
    vListInitialiseItem                      0x08002beb   Thumb Code     6  list.o(i.vListInitialiseItem)
    vListInsert                              0x08002bf1   Thumb Code    48  list.o(i.vListInsert)
    vListInsertEnd                           0x08002c21   Thumb Code    24  list.o(i.vListInsertEnd)
    vPortEnterCritical                       0x08002c39   Thumb Code    54  port.o(i.vPortEnterCritical)
    vPortExitCritical                        0x08002c79   Thumb Code    34  port.o(i.vPortExitCritical)
    vPortFree                                0x08002ca1   Thumb Code    94  heap_4.o(i.vPortFree)
    vPortSetupTimerInterrupt                 0x08002d05   Thumb Code    32  port.o(i.vPortSetupTimerInterrupt)
    vPortValidateInterruptPriority           0x08002d29   Thumb Code    74  port.o(i.vPortValidateInterruptPriority)
    vQueueAddToRegistry                      0x08002d7d   Thumb Code    34  queue.o(i.vQueueAddToRegistry)
    vQueueWaitForMessageRestricted           0x08002da5   Thumb Code    68  queue.o(i.vQueueWaitForMessageRestricted)
    vTaskDelay                               0x08002de9   Thumb Code    66  tasks.o(i.vTaskDelay)
    vTaskDelete                              0x08002e35   Thumb Code   130  tasks.o(i.vTaskDelete)
    vTaskInternalSetTimeOutState             0x08002ec5   Thumb Code    12  tasks.o(i.vTaskInternalSetTimeOutState)
    vTaskMissedYield                         0x08002ed5   Thumb Code     8  tasks.o(i.vTaskMissedYield)
    vTaskPlaceOnEventList                    0x08002ee1   Thumb Code    44  tasks.o(i.vTaskPlaceOnEventList)
    vTaskPlaceOnEventListRestricted          0x08002f11   Thumb Code    52  tasks.o(i.vTaskPlaceOnEventListRestricted)
    vTaskStartScheduler                      0x08002f49   Thumb Code   118  tasks.o(i.vTaskStartScheduler)
    vTaskSuspendAll                          0x08002fd1   Thumb Code    10  tasks.o(i.vTaskSuspendAll)
    vTaskSwitchContext                       0x08002fe1   Thumb Code    90  tasks.o(i.vTaskSwitchContext)
    xPortStartScheduler                      0x08003045   Thumb Code   222  port.o(i.xPortStartScheduler)
    xPortSysTickHandler                      0x08003139   Thumb Code    38  port.o(i.xPortSysTickHandler)
    xQueueGenericCreateStatic                0x08003165   Thumb Code   102  queue.o(i.xQueueGenericCreateStatic)
    xQueueGenericReset                       0x080031cd   Thumb Code   132  queue.o(i.xQueueGenericReset)
    xQueueGenericSend                        0x08003255   Thumb Code   346  queue.o(i.xQueueGenericSend)
    xQueueGenericSendFromISR                 0x080033b5   Thumb Code   190  queue.o(i.xQueueGenericSendFromISR)
    xQueueReceive                            0x08003475   Thumb Code   308  queue.o(i.xQueueReceive)
    xTaskCheckForTimeOut                     0x080035ad   Thumb Code   112  tasks.o(i.xTaskCheckForTimeOut)
    xTaskCreate                              0x08003621   Thumb Code    90  tasks.o(i.xTaskCreate)
    xTaskCreateStatic                        0x0800367b   Thumb Code    86  tasks.o(i.xTaskCreateStatic)
    xTaskGetSchedulerState                   0x080036d1   Thumb Code    22  tasks.o(i.xTaskGetSchedulerState)
    xTaskGetTickCount                        0x080036ed   Thumb Code     6  tasks.o(i.xTaskGetTickCount)
    xTaskIncrementTick                       0x080036f9   Thumb Code   192  tasks.o(i.xTaskIncrementTick)
    xTaskPriorityDisinherit                  0x080037c1   Thumb Code   118  tasks.o(i.xTaskPriorityDisinherit)
    xTaskRemoveFromEventList                 0x08003841   Thumb Code    98  tasks.o(i.xTaskRemoveFromEventList)
    xTaskResumeAll                           0x080038b1   Thumb Code   182  tasks.o(i.xTaskResumeAll)
    xTimerCreateTimerTask                    0x08003975   Thumb Code    78  timers.o(i.xTimerCreateTimerTask)
    xTimerGenericCommand                     0x080039d5   Thumb Code    98  timers.o(i.xTimerGenericCommand)
    _fp_init                                 0x08003a3d   Thumb Code    10  fpinit.o(x$fpl$fpinit)
    __fplib_config_fpu_vfp                   0x08003a45   Thumb Code     0  fpinit.o(x$fpl$fpinit)
    __fplib_config_pureend_doubles           0x08003a45   Thumb Code     0  fpinit.o(x$fpl$fpinit)
    defaultTask_attributes                   0x08003a48   Data          36  app_freertos.o(.constdata)
    UARTPrescTable                           0x08003a6c   Data          24  stm32g4xx_hal_uart.o(.constdata)
    AHBPrescTable                            0x08003a94   Data          16  system_stm32g4xx.o(.constdata)
    APBPrescTable                            0x08003aa4   Data           8  system_stm32g4xx.o(.constdata)
    Region$$Table$$Base                      0x08003ae8   Number         0  anon$$obj.o(Region$$Table)
    Region$$Table$$Limit                     0x08003b08   Number         0  anon$$obj.o(Region$$Table)
    defaultTaskHandle                        0x20000000   Data           4  app_freertos.o(.data)
    uwTickPrio                               0x20000004   Data           4  stm32g4xx_hal.o(.data)
    uwTickFreq                               0x20000008   Data           4  stm32g4xx_hal.o(.data)
    uwTick                                   0x2000000c   Data           4  stm32g4xx_hal.o(.data)
    SystemCoreClock                          0x20000010   Data           4  system_stm32g4xx.o(.data)
    pxCurrentTCB                             0x20000014   Data           4  tasks.o(.data)
    commTaskHandle                           0x20000094   Data           4  usermain.o(.data)
    huart3                                   0x20000098   Data         148  usart.o(.bss)
    xQueueRegistry                           0x2000012c   Data          64  queue.o(.bss)
    __libspace_start                         0x20001a00   Data          96  libspace.o(.bss)
    __temporary_stack_top$libspace           0x20001a60   Data           0  libspace.o(.bss)



==============================================================================

Memory Map of the image

  Image Entry point : 0x080001d9

  Load Region LR_IROM1 (Base: 0x08000000, Size: 0x00003ba0, Max: 0x00020000, ABSOLUTE)

    Execution Region ER_IROM1 (Exec base: 0x08000000, Load base: 0x08000000, Size: 0x00003b08, Max: 0x00020000, ABSOLUTE)

    Exec Addr    Load Addr    Size         Type   Attr      Idx    E Section Name        Object

    0x08000000   0x08000000   0x000001d8   Data   RO            3    RESET               startup_stm32g431xx.o
    0x080001d8   0x080001d8   0x00000008   Code   RO         4462  * !!!main             c_w.l(__main.o)
    0x080001e0   0x080001e0   0x00000034   Code   RO         4633    !!!scatter          c_w.l(__scatter.o)
    0x08000214   0x08000214   0x0000001a   Code   RO         4635    !!handler_copy      c_w.l(__scatter_copy.o)
    0x0800022e   0x0800022e   0x00000002   PAD
    0x08000230   0x08000230   0x0000001c   Code   RO         4637    !!handler_zi        c_w.l(__scatter_zi.o)
    0x0800024c   0x0800024c   0x00000002   Code   RO         4501    .ARM.Collect$$libinit$$00000000  c_w.l(libinit.o)
    0x0800024e   0x0800024e   0x00000004   Code   RO         4513    .ARM.Collect$$libinit$$00000001  c_w.l(libinit2.o)
    0x08000252   0x08000252   0x00000000   Code   RO         4516    .ARM.Collect$$libinit$$00000004  c_w.l(libinit2.o)
    0x08000252   0x08000252   0x00000000   Code   RO         4519    .ARM.Collect$$libinit$$0000000A  c_w.l(libinit2.o)
    0x08000252   0x08000252   0x00000000   Code   RO         4521    .ARM.Collect$$libinit$$0000000C  c_w.l(libinit2.o)
    0x08000252   0x08000252   0x00000000   Code   RO         4523    .ARM.Collect$$libinit$$0000000E  c_w.l(libinit2.o)
    0x08000252   0x08000252   0x00000000   Code   RO         4526    .ARM.Collect$$libinit$$00000011  c_w.l(libinit2.o)
    0x08000252   0x08000252   0x00000000   Code   RO         4528    .ARM.Collect$$libinit$$00000013  c_w.l(libinit2.o)
    0x08000252   0x08000252   0x00000000   Code   RO         4530    .ARM.Collect$$libinit$$00000015  c_w.l(libinit2.o)
    0x08000252   0x08000252   0x00000000   Code   RO         4532    .ARM.Collect$$libinit$$00000017  c_w.l(libinit2.o)
    0x08000252   0x08000252   0x00000000   Code   RO         4534    .ARM.Collect$$libinit$$00000019  c_w.l(libinit2.o)
    0x08000252   0x08000252   0x00000000   Code   RO         4536    .ARM.Collect$$libinit$$0000001B  c_w.l(libinit2.o)
    0x08000252   0x08000252   0x00000000   Code   RO         4538    .ARM.Collect$$libinit$$0000001D  c_w.l(libinit2.o)
    0x08000252   0x08000252   0x00000000   Code   RO         4540    .ARM.Collect$$libinit$$0000001F  c_w.l(libinit2.o)
    0x08000252   0x08000252   0x00000000   Code   RO         4542    .ARM.Collect$$libinit$$00000021  c_w.l(libinit2.o)
    0x08000252   0x08000252   0x00000000   Code   RO         4544    .ARM.Collect$$libinit$$00000023  c_w.l(libinit2.o)
    0x08000252   0x08000252   0x00000000   Code   RO         4546    .ARM.Collect$$libinit$$00000025  c_w.l(libinit2.o)
    0x08000252   0x08000252   0x00000000   Code   RO         4550    .ARM.Collect$$libinit$$0000002C  c_w.l(libinit2.o)
    0x08000252   0x08000252   0x00000000   Code   RO         4552    .ARM.Collect$$libinit$$0000002E  c_w.l(libinit2.o)
    0x08000252   0x08000252   0x00000000   Code   RO         4554    .ARM.Collect$$libinit$$00000030  c_w.l(libinit2.o)
    0x08000252   0x08000252   0x00000000   Code   RO         4556    .ARM.Collect$$libinit$$00000032  c_w.l(libinit2.o)
    0x08000252   0x08000252   0x00000002   Code   RO         4557    .ARM.Collect$$libinit$$00000033  c_w.l(libinit2.o)
    0x08000254   0x08000254   0x00000002   Code   RO         4588    .ARM.Collect$$libshutdown$$00000000  c_w.l(libshutdown.o)
    0x08000256   0x08000256   0x00000000   Code   RO         4614    .ARM.Collect$$libshutdown$$00000002  c_w.l(libshutdown2.o)
    0x08000256   0x08000256   0x00000000   Code   RO         4616    .ARM.Collect$$libshutdown$$00000004  c_w.l(libshutdown2.o)
    0x08000256   0x08000256   0x00000000   Code   RO         4618    .ARM.Collect$$libshutdown$$00000006  c_w.l(libshutdown2.o)
    0x08000256   0x08000256   0x00000000   Code   RO         4621    .ARM.Collect$$libshutdown$$00000009  c_w.l(libshutdown2.o)
    0x08000256   0x08000256   0x00000000   Code   RO         4624    .ARM.Collect$$libshutdown$$0000000C  c_w.l(libshutdown2.o)
    0x08000256   0x08000256   0x00000000   Code   RO         4626    .ARM.Collect$$libshutdown$$0000000E  c_w.l(libshutdown2.o)
    0x08000256   0x08000256   0x00000000   Code   RO         4629    .ARM.Collect$$libshutdown$$00000011  c_w.l(libshutdown2.o)
    0x08000256   0x08000256   0x00000002   Code   RO         4630    .ARM.Collect$$libshutdown$$00000012  c_w.l(libshutdown2.o)
    0x08000258   0x08000258   0x00000000   Code   RO         4464    .ARM.Collect$$rtentry$$00000000  c_w.l(__rtentry.o)
    0x08000258   0x08000258   0x00000000   Code   RO         4472    .ARM.Collect$$rtentry$$00000002  c_w.l(__rtentry2.o)
    0x08000258   0x08000258   0x00000006   Code   RO         4484    .ARM.Collect$$rtentry$$00000004  c_w.l(__rtentry4.o)
    0x0800025e   0x0800025e   0x00000000   Code   RO         4474    .ARM.Collect$$rtentry$$00000009  c_w.l(__rtentry2.o)
    0x0800025e   0x0800025e   0x00000004   Code   RO         4475    .ARM.Collect$$rtentry$$0000000A  c_w.l(__rtentry2.o)
    0x08000262   0x08000262   0x00000000   Code   RO         4477    .ARM.Collect$$rtentry$$0000000C  c_w.l(__rtentry2.o)
    0x08000262   0x08000262   0x00000008   Code   RO         4478    .ARM.Collect$$rtentry$$0000000D  c_w.l(__rtentry2.o)
    0x0800026a   0x0800026a   0x00000002   Code   RO         4505    .ARM.Collect$$rtexit$$00000000  c_w.l(rtexit.o)
    0x0800026c   0x0800026c   0x00000000   Code   RO         4561    .ARM.Collect$$rtexit$$00000002  c_w.l(rtexit2.o)
    0x0800026c   0x0800026c   0x00000004   Code   RO         4562    .ARM.Collect$$rtexit$$00000003  c_w.l(rtexit2.o)
    0x08000270   0x08000270   0x00000006   Code   RO         4563    .ARM.Collect$$rtexit$$00000004  c_w.l(rtexit2.o)
    0x08000276   0x08000276   0x00000002   PAD
    0x08000278   0x08000278   0x000000be   Code   RO         4168    .emb_text           port.o
    0x08000336   0x08000336   0x00000002   PAD
    0x08000338   0x08000338   0x00000040   Code   RO            4    .text               startup_stm32g431xx.o
    0x08000378   0x08000378   0x000000ee   Code   RO         4448    .text               c_w.l(lludivv7m.o)
    0x08000466   0x08000466   0x0000008a   Code   RO         4450    .text               c_w.l(rt_memcpy_v6.o)
    0x080004f0   0x080004f0   0x00000064   Code   RO         4452    .text               c_w.l(rt_memcpy_w.o)
    0x08000554   0x08000554   0x00000010   Code   RO         4456    .text               c_w.l(aeabi_memset.o)
    0x08000564   0x08000564   0x0000004e   Code   RO         4458    .text               c_w.l(rt_memclr_w.o)
    0x080005b2   0x080005b2   0x00000006   Code   RO         4460    .text               c_w.l(heapauxi.o)
    0x080005b8   0x080005b8   0x00000044   Code   RO         4469    .text               c_w.l(rt_memclr.o)
    0x080005fc   0x080005fc   0x0000004a   Code   RO         4488    .text               c_w.l(sys_stackheap_outer.o)
    0x08000646   0x08000646   0x00000012   Code   RO         4490    .text               c_w.l(exit.o)
    0x08000658   0x08000658   0x00000008   Code   RO         4502    .text               c_w.l(libspace.o)
    0x08000660   0x08000660   0x0000000c   Code   RO         4558    .text               c_w.l(sys_exit.o)
    0x0800066c   0x0800066c   0x00000002   Code   RO         4577    .text               c_w.l(use_no_semi.o)
    0x0800066e   0x0800066e   0x00000000   Code   RO         4579    .text               c_w.l(indicate_semi.o)
    0x0800066e   0x0800066e   0x00000002   Code   RO          297    i.BusFault_Handler  stm32g4xx_it.o
    0x08000670   0x08000670   0x00000002   Code   RO          298    i.DebugMon_Handler  stm32g4xx_it.o
    0x08000672   0x08000672   0x00000004   Code   RO           13    i.Error_Handler     main.o
    0x08000676   0x08000676   0x0000006a   Code   RO         1245    i.HAL_DMA_Abort     stm32g4xx_hal_dma.o
    0x080006e0   0x080006e0   0x00000078   Code   RO         1246    i.HAL_DMA_Abort_IT  stm32g4xx_hal_dma.o
    0x08000758   0x08000758   0x00000248   Code   RO         1107    i.HAL_GPIO_Init     stm32g4xx_hal_gpio.o
    0x080009a0   0x080009a0   0x0000000c   Code   RO          402    i.HAL_GetTick       stm32g4xx_hal.o
    0x080009ac   0x080009ac   0x00000010   Code   RO          408    i.HAL_IncTick       stm32g4xx_hal.o
    0x080009bc   0x080009bc   0x0000001e   Code   RO          409    i.HAL_Init          stm32g4xx_hal.o
    0x080009da   0x080009da   0x00000002   PAD
    0x080009dc   0x080009dc   0x00000044   Code   RO          410    i.HAL_InitTick      stm32g4xx_hal.o
    0x08000a20   0x08000a20   0x0000003c   Code   RO          367    i.HAL_MspInit       stm32g4xx_hal_msp.o
    0x08000a5c   0x08000a5c   0x0000001a   Code   RO         1754    i.HAL_NVIC_EnableIRQ  stm32g4xx_hal_cortex.o
    0x08000a76   0x08000a76   0x00000002   PAD
    0x08000a78   0x08000a78   0x00000040   Code   RO         1760    i.HAL_NVIC_SetPriority  stm32g4xx_hal_cortex.o
    0x08000ab8   0x08000ab8   0x00000024   Code   RO         1761    i.HAL_NVIC_SetPriorityGrouping  stm32g4xx_hal_cortex.o
    0x08000adc   0x08000adc   0x000000bc   Code   RO         1510    i.HAL_PWREx_ControlVoltageScaling  stm32g4xx_hal_pwr_ex.o
    0x08000b98   0x08000b98   0x00000010   Code   RO         1522    i.HAL_PWREx_DisableUCPDDeadBattery  stm32g4xx_hal_pwr_ex.o
    0x08000ba8   0x08000ba8   0x00000288   Code   RO          769    i.HAL_RCCEx_PeriphCLKConfig  stm32g4xx_hal_rcc_ex.o
    0x08000e30   0x08000e30   0x000001dc   Code   RO          644    i.HAL_RCC_ClockConfig  stm32g4xx_hal_rcc.o
    0x0800100c   0x0800100c   0x00000024   Code   RO          652    i.HAL_RCC_GetPCLK1Freq  stm32g4xx_hal_rcc.o
    0x08001030   0x08001030   0x00000024   Code   RO          653    i.HAL_RCC_GetPCLK2Freq  stm32g4xx_hal_rcc.o
    0x08001054   0x08001054   0x0000006c   Code   RO          654    i.HAL_RCC_GetSysClockFreq  stm32g4xx_hal_rcc.o
    0x080010c0   0x080010c0   0x00000404   Code   RO          657    i.HAL_RCC_OscConfig  stm32g4xx_hal_rcc.o
    0x080014c4   0x080014c4   0x00000028   Code   RO         1765    i.HAL_SYSTICK_Config  stm32g4xx_hal_cortex.o
    0x080014ec   0x080014ec   0x0000003e   Code   RO         2340    i.HAL_UARTEx_DisableFifoMode  stm32g4xx_hal_uart_ex.o
    0x0800152a   0x0800152a   0x00000002   Code   RO         1929    i.HAL_UARTEx_RxEventCallback  stm32g4xx_hal_uart.o
    0x0800152c   0x0800152c   0x00000002   Code   RO         2348    i.HAL_UARTEx_RxFifoFullCallback  stm32g4xx_hal_uart_ex.o
    0x0800152e   0x0800152e   0x0000004c   Code   RO         2349    i.HAL_UARTEx_SetRxFifoThreshold  stm32g4xx_hal_uart_ex.o
    0x0800157a   0x0800157a   0x0000004c   Code   RO         2350    i.HAL_UARTEx_SetTxFifoThreshold  stm32g4xx_hal_uart_ex.o
    0x080015c6   0x080015c6   0x00000002   Code   RO         2352    i.HAL_UARTEx_TxFifoEmptyCallback  stm32g4xx_hal_uart_ex.o
    0x080015c8   0x080015c8   0x00000002   Code   RO         2353    i.HAL_UARTEx_WakeupCallback  stm32g4xx_hal_uart_ex.o
    0x080015ca   0x080015ca   0x00000002   Code   RO         1945    i.HAL_UART_ErrorCallback  stm32g4xx_hal_uart.o
    0x080015cc   0x080015cc   0x0000030c   Code   RO         1948    i.HAL_UART_IRQHandler  stm32g4xx_hal_uart.o
    0x080018d8   0x080018d8   0x0000006a   Code   RO         1949    i.HAL_UART_Init     stm32g4xx_hal_uart.o
    0x08001942   0x08001942   0x00000002   PAD
    0x08001944   0x08001944   0x00000090   Code   RO          256    i.HAL_UART_MspInit  usart.o
    0x080019d4   0x080019d4   0x000000ae   Code   RO         1958    i.HAL_UART_Transmit  stm32g4xx_hal_uart.o
    0x08001a82   0x08001a82   0x00000002   Code   RO         1961    i.HAL_UART_TxCpltCallback  stm32g4xx_hal_uart.o
    0x08001a84   0x08001a84   0x00000002   Code   RO          299    i.HardFault_Handler  stm32g4xx_it.o
    0x08001a86   0x08001a86   0x00000002   PAD
    0x08001a88   0x08001a88   0x00000020   Code   RO          212    i.MX_FREERTOS_Init  app_freertos.o
    0x08001aa8   0x08001aa8   0x0000003c   Code   RO          188    i.MX_GPIO_Init      gpio.o
    0x08001ae4   0x08001ae4   0x00000068   Code   RO          257    i.MX_USART3_UART_Init  usart.o
    0x08001b4c   0x08001b4c   0x00000002   Code   RO          300    i.MemManage_Handler  stm32g4xx_it.o
    0x08001b4e   0x08001b4e   0x00000002   Code   RO          301    i.NMI_Handler       stm32g4xx_it.o
    0x08001b50   0x08001b50   0x00000018   Code   RO          213    i.StartDefaultTask  app_freertos.o
    0x08001b68   0x08001b68   0x00000018   Code   RO          302    i.SysTick_Handler   stm32g4xx_it.o
    0x08001b80   0x08001b80   0x00000068   Code   RO           14    i.SystemClock_Config  main.o
    0x08001be8   0x08001be8   0x00000010   Code   RO         2459    i.SystemInit        system_stm32g4xx.o
    0x08001bf8   0x08001bf8   0x00000044   Code   RO         2354    i.UARTEx_SetNbDataToProcess  stm32g4xx_hal_uart_ex.o
    0x08001c3c   0x08001c3c   0x000000c8   Code   RO         1963    i.UART_AdvFeatureConfig  stm32g4xx_hal_uart.o
    0x08001d04   0x08001d04   0x000000ac   Code   RO         1964    i.UART_CheckIdleState  stm32g4xx_hal_uart.o
    0x08001db0   0x08001db0   0x00000014   Code   RO         1965    i.UART_DMAAbortOnError  stm32g4xx_hal_uart.o
    0x08001dc4   0x08001dc4   0x00000054   Code   RO         1975    i.UART_EndRxTransfer  stm32g4xx_hal_uart.o
    0x08001e18   0x08001e18   0x00000274   Code   RO         1981    i.UART_SetConfig    stm32g4xx_hal_uart.o
    0x0800208c   0x0800208c   0x00000094   Code   RO         1988    i.UART_WaitOnFlagUntilTimeout  stm32g4xx_hal_uart.o
    0x08002120   0x08002120   0x0000000c   Code   RO          303    i.USART3_IRQHandler  stm32g4xx_it.o
    0x0800212c   0x0800212c   0x00000002   Code   RO          304    i.UsageFault_Handler  stm32g4xx_it.o
    0x0800212e   0x0800212e   0x00000010   Code   RO         4376    i._Z17communicationLoopPv  usermain.o
    0x0800213e   0x0800213e   0x00000020   Code   RO         1767    i.__NVIC_SetPriority  stm32g4xx_hal_cortex.o
    0x0800215e   0x0800215e   0x0000001e   Code   RO           15    i.main              main.o
    0x0800217c   0x0800217c   0x0000001a   Code   RO         3607    i.osDelay           cmsis_os2.o
    0x08002196   0x08002196   0x00000002   PAD
    0x08002198   0x08002198   0x00000024   Code   RO         3621    i.osKernelInitialize  cmsis_os2.o
    0x080021bc   0x080021bc   0x00000038   Code   RO         3624    i.osKernelStart     cmsis_os2.o
    0x080021f4   0x080021f4   0x0000008a   Code   RO         3666    i.osThreadNew       cmsis_os2.o
    0x0800227e   0x0800227e   0x00000002   PAD
    0x08002280   0x08002280   0x00000038   Code   RO         4248    i.printLog          comm.o
    0x080022b8   0x080022b8   0x0000005c   Code   RO         3067    i.prvAddCurrentTaskToDelayedList  tasks.o
    0x08002314   0x08002314   0x000000d0   Code   RO         3068    i.prvAddNewTaskToReadyList  tasks.o
    0x080023e4   0x080023e4   0x00000058   Code   RO         3432    i.prvCheckForValidListAndQueue  timers.o
    0x0800243c   0x0800243c   0x00000026   Code   RO         2664    i.prvCopyDataFromQueue  queue.o
    0x08002462   0x08002462   0x0000006c   Code   RO         2665    i.prvCopyDataToQueue  queue.o
    0x080024ce   0x080024ce   0x00000034   Code   RO         3069    i.prvDeleteTCB      tasks.o
    0x08002502   0x08002502   0x00000002   PAD
    0x08002504   0x08002504   0x0000004c   Code   RO         4113    i.prvHeapInit       heap_4.o
    0x08002550   0x08002550   0x00000060   Code   RO         3070    i.prvIdleTask       tasks.o
    0x080025b0   0x080025b0   0x00000022   Code   RO         2667    i.prvInitialiseNewQueue  queue.o
    0x080025d2   0x080025d2   0x00000002   PAD
    0x080025d4   0x080025d4   0x000000b0   Code   RO         3071    i.prvInitialiseNewTask  tasks.o
    0x08002684   0x08002684   0x0000004c   Code   RO         4114    i.prvInsertBlockIntoFreeList  heap_4.o
    0x080026d0   0x080026d0   0x00000038   Code   RO         3434    i.prvInsertTimerInActiveList  timers.o
    0x08002708   0x08002708   0x0000001c   Code   RO         2668    i.prvIsQueueEmpty   queue.o
    0x08002724   0x08002724   0x000000fc   Code   RO         3435    i.prvProcessReceivedCommands  timers.o
    0x08002820   0x08002820   0x000000c0   Code   RO         3436    i.prvProcessTimerOrBlockTask  timers.o
    0x080028e0   0x080028e0   0x00000020   Code   RO         3073    i.prvResetNextTaskUnblockTime  tasks.o
    0x08002900   0x08002900   0x00000028   Code   RO         3437    i.prvSampleTimeNow  timers.o
    0x08002928   0x08002928   0x0000006c   Code   RO         3438    i.prvSwitchTimerLists  timers.o
    0x08002994   0x08002994   0x00000028   Code   RO         4169    i.prvTaskExitError  port.o
    0x080029bc   0x080029bc   0x00000024   Code   RO         3439    i.prvTimerTask      timers.o
    0x080029e0   0x080029e0   0x0000006a   Code   RO         2669    i.prvUnlockQueue    queue.o
    0x08002a4a   0x08002a4a   0x00000002   PAD
    0x08002a4c   0x08002a4c   0x000000dc   Code   RO         4115    i.pvPortMalloc      heap_4.o
    0x08002b28   0x08002b28   0x0000002c   Code   RO         4170    i.pxPortInitialiseStack  port.o
    0x08002b54   0x08002b54   0x0000002c   Code   RO         4377    i.userMain          usermain.o
    0x08002b80   0x08002b80   0x00000026   Code   RO         2624    i.uxListRemove      list.o
    0x08002ba6   0x08002ba6   0x00000002   PAD
    0x08002ba8   0x08002ba8   0x00000014   Code   RO         3678    i.vApplicationGetIdleTaskMemory  cmsis_os2.o
    0x08002bbc   0x08002bbc   0x00000018   Code   RO         3679    i.vApplicationGetTimerTaskMemory  cmsis_os2.o
    0x08002bd4   0x08002bd4   0x00000016   Code   RO         2625    i.vListInitialise   list.o
    0x08002bea   0x08002bea   0x00000006   Code   RO         2626    i.vListInitialiseItem  list.o
    0x08002bf0   0x08002bf0   0x00000030   Code   RO         2627    i.vListInsert       list.o
    0x08002c20   0x08002c20   0x00000018   Code   RO         2628    i.vListInsertEnd    list.o
    0x08002c38   0x08002c38   0x00000040   Code   RO         4172    i.vPortEnterCritical  port.o
    0x08002c78   0x08002c78   0x00000028   Code   RO         4173    i.vPortExitCritical  port.o
    0x08002ca0   0x08002ca0   0x00000064   Code   RO         4116    i.vPortFree         heap_4.o
    0x08002d04   0x08002d04   0x00000024   Code   RO         4174    i.vPortSetupTimerInterrupt  port.o
    0x08002d28   0x08002d28   0x00000054   Code   RO         4175    i.vPortValidateInterruptPriority  port.o
    0x08002d7c   0x08002d7c   0x00000028   Code   RO         2675    i.vQueueAddToRegistry  queue.o
    0x08002da4   0x08002da4   0x00000044   Code   RO         2679    i.vQueueWaitForMessageRestricted  queue.o
    0x08002de8   0x08002de8   0x0000004c   Code   RO         3086    i.vTaskDelay        tasks.o
    0x08002e34   0x08002e34   0x00000090   Code   RO         3088    i.vTaskDelete       tasks.o
    0x08002ec4   0x08002ec4   0x00000010   Code   RO         3091    i.vTaskInternalSetTimeOutState  tasks.o
    0x08002ed4   0x08002ed4   0x0000000c   Code   RO         3092    i.vTaskMissedYield  tasks.o
    0x08002ee0   0x08002ee0   0x00000030   Code   RO         3094    i.vTaskPlaceOnEventList  tasks.o
    0x08002f10   0x08002f10   0x00000038   Code   RO         3095    i.vTaskPlaceOnEventListRestricted  tasks.o
    0x08002f48   0x08002f48   0x00000088   Code   RO         3103    i.vTaskStartScheduler  tasks.o
    0x08002fd0   0x08002fd0   0x00000010   Code   RO         3105    i.vTaskSuspendAll   tasks.o
    0x08002fe0   0x08002fe0   0x00000064   Code   RO         3106    i.vTaskSwitchContext  tasks.o
    0x08003044   0x08003044   0x000000f4   Code   RO         4176    i.xPortStartScheduler  port.o
    0x08003138   0x08003138   0x0000002c   Code   RO         4177    i.xPortSysTickHandler  port.o
    0x08003164   0x08003164   0x00000066   Code   RO         2685    i.xQueueGenericCreateStatic  queue.o
    0x080031ca   0x080031ca   0x00000002   PAD
    0x080031cc   0x080031cc   0x00000088   Code   RO         2686    i.xQueueGenericReset  queue.o
    0x08003254   0x08003254   0x00000160   Code   RO         2687    i.xQueueGenericSend  queue.o
    0x080033b4   0x080033b4   0x000000be   Code   RO         2688    i.xQueueGenericSendFromISR  queue.o
    0x08003472   0x08003472   0x00000002   PAD
    0x08003474   0x08003474   0x00000138   Code   RO         2697    i.xQueueReceive     queue.o
    0x080035ac   0x080035ac   0x00000074   Code   RO         3108    i.xTaskCheckForTimeOut  tasks.o
    0x08003620   0x08003620   0x0000005a   Code   RO         3109    i.xTaskCreate       tasks.o
    0x0800367a   0x0800367a   0x00000056   Code   RO         3110    i.xTaskCreateStatic  tasks.o
    0x080036d0   0x080036d0   0x0000001c   Code   RO         3114    i.xTaskGetSchedulerState  tasks.o
    0x080036ec   0x080036ec   0x0000000c   Code   RO         3115    i.xTaskGetTickCount  tasks.o
    0x080036f8   0x080036f8   0x000000c8   Code   RO         3117    i.xTaskIncrementTick  tasks.o
    0x080037c0   0x080037c0   0x00000080   Code   RO         3120    i.xTaskPriorityDisinherit  tasks.o
    0x08003840   0x08003840   0x00000070   Code   RO         3122    i.xTaskRemoveFromEventList  tasks.o
    0x080038b0   0x080038b0   0x000000c4   Code   RO         3123    i.xTaskResumeAll    tasks.o
    0x08003974   0x08003974   0x00000060   Code   RO         3448    i.xTimerCreateTimerTask  timers.o
    0x080039d4   0x080039d4   0x00000068   Code   RO         3449    i.xTimerGenericCommand  timers.o
    0x08003a3c   0x08003a3c   0x0000000a   Code   RO         4573    x$fpl$fpinit        fz_wm.l(fpinit.o)
    0x08003a46   0x08003a46   0x00000002   PAD
    0x08003a48   0x08003a48   0x00000024   Data   RO          214    .constdata          app_freertos.o
    0x08003a6c   0x08003a6c   0x00000018   Data   RO         1989    .constdata          stm32g4xx_hal_uart.o
    0x08003a84   0x08003a84   0x00000010   Data   RO         2355    .constdata          stm32g4xx_hal_uart_ex.o
    0x08003a94   0x08003a94   0x00000010   Data   RO         2460    .constdata          system_stm32g4xx.o
    0x08003aa4   0x08003aa4   0x00000008   Data   RO         2461    .constdata          system_stm32g4xx.o
    0x08003aac   0x08003aac   0x00000024   Data   RO         4380    .constdata          usermain.o
    0x08003ad0   0x08003ad0   0x0000000c   Data   RO          215    .conststring        app_freertos.o
    0x08003adc   0x08003adc   0x00000009   Data   RO         4381    .conststring        usermain.o
    0x08003ae5   0x08003ae5   0x00000003   PAD
    0x08003ae8   0x08003ae8   0x00000020   Data   RO         4631    Region$$Table       anon$$obj.o


    Execution Region RW_IRAM1 (Exec base: 0x20000000, Load base: 0x08003b08, Size: 0x00002060, Max: 0x00008000, ABSOLUTE)

    Exec Addr    Load Addr    Size         Type   Attr      Idx    E Section Name        Object

    0x20000000   0x08003b08   0x00000004   Data   RW          216    .data               app_freertos.o
    0x20000004   0x08003b0c   0x0000000c   Data   RW          429    .data               stm32g4xx_hal.o
    0x20000010   0x08003b18   0x00000004   Data   RW         2462    .data               system_stm32g4xx.o
    0x20000014   0x08003b1c   0x0000003c   Data   RW         3126    .data               tasks.o
    0x20000050   0x08003b58   0x00000014   Data   RW         3457    .data               timers.o
    0x20000064   0x08003b6c   0x00000004   Data   RW         3681    .data               cmsis_os2.o
    0x20000068   0x08003b70   0x00000020   Data   RW         4122    .data               heap_4.o
    0x20000088   0x08003b90   0x0000000c   Data   RW         4178    .data               port.o
    0x20000094   0x08003b9c   0x00000004   Data   RW         4382    .data               usermain.o
    0x20000098        -       0x00000094   Zero   RW          258    .bss                usart.o
    0x2000012c        -       0x00000040   Zero   RW         2701    .bss                queue.o
    0x2000016c        -       0x000004c4   Zero   RW         3125    .bss                tasks.o
    0x20000630        -       0x00000118   Zero   RW         3456    .bss                timers.o
    0x20000748        -       0x000006b8   Zero   RW         3680    .bss                cmsis_os2.o
    0x20000e00        -       0x00000c00   Zero   RW         4121    .bss                heap_4.o
    0x20001a00        -       0x00000060   Zero   RW         4503    .bss                c_w.l(libspace.o)
    0x20001a60        -       0x00000200   Zero   RW            2    HEAP                startup_stm32g431xx.o
    0x20001c60        -       0x00000400   Zero   RW            1    STACK               startup_stm32g431xx.o


==============================================================================

Image component sizes


      Code (inc. data)   RO Data    RW Data    ZI Data      Debug   Object Name

        56         20         48          4          0       1797   app_freertos.o
       300         22          0          4       1720      64717   cmsis_os2.o
        56         24          0          0          0       4839   comm.o
         0          0          0          0          0      19488   event_groups.o
        60          6          0          0          0        851   gpio.o
       472         24          0         32       3072       4915   heap_4.o
       138          0          0          0          0       3594   list.o
       138          0          0          0          0     592449   main.o
       786         82          0         12          0      11605   port.o
      1514         20          0          0         64      17524   queue.o
        64         26        472          0       1536        852   startup_stm32g431xx.o
       126         20          0         12          0       3737   stm32g4xx_hal.o
       198         14          0          0          0      33887   stm32g4xx_hal_cortex.o
       226          0          0          0          0       1963   stm32g4xx_hal_dma.o
       584         34          0          0          0       1700   stm32g4xx_hal_gpio.o
        60          6          0          0          0        886   stm32g4xx_hal_msp.o
       204         18          0          0          0       1421   stm32g4xx_hal_pwr_ex.o
      1684         88          0          0          0       6316   stm32g4xx_hal_rcc.o
       648         10          0          0          0       1892   stm32g4xx_hal_rcc_ex.o
      2318         86         24          0          0      30816   stm32g4xx_hal_uart.o
       288          6         16          0          0       5434   stm32g4xx_hal_uart_ex.o
        48          6          0          0          0       3855   stm32g4xx_it.o
         0          0          0          0          0        392   stream_buffer.o
        16          4         24          4          0       1151   system_stm32g4xx.o
      2228        182          0         60       1220      27990   tasks.o
       972         80          0         20        280      32251   timers.o
       248         24          0          0        148       1826   usart.o
        60         12         45          4          0       5292   usermain.o

    ----------------------------------------------------------------------
     13518        814        664        152       8040     883440   Object Totals
         0          0         32          0          0          0   (incl. Generated)
        26          0          3          0          0          0   (incl. Padding)

    ----------------------------------------------------------------------

      Code (inc. data)   RO Data    RW Data    ZI Data      Debug   Library Member Name

         8          0          0          0          0         68   __main.o
         0          0          0          0          0          0   __rtentry.o
        12          0          0          0          0          0   __rtentry2.o
         6          0          0          0          0          0   __rtentry4.o
        52          8          0          0          0          0   __scatter.o
        26          0          0          0          0          0   __scatter_copy.o
        28          0          0          0          0          0   __scatter_zi.o
        16          0          0          0          0         68   aeabi_memset.o
        18          0          0          0          0         80   exit.o
         6          0          0          0          0        152   heapauxi.o
         0          0          0          0          0          0   indicate_semi.o
         2          0          0          0          0          0   libinit.o
         6          0          0          0          0          0   libinit2.o
         2          0          0          0          0          0   libshutdown.o
         2          0          0          0          0          0   libshutdown2.o
         8          4          0          0         96         68   libspace.o
       238          0          0          0          0        100   lludivv7m.o
        68          0          0          0          0         68   rt_memclr.o
        78          0          0          0          0         80   rt_memclr_w.o
       138          0          0          0          0         68   rt_memcpy_v6.o
       100          0          0          0          0         80   rt_memcpy_w.o
         2          0          0          0          0          0   rtexit.o
        10          0          0          0          0          0   rtexit2.o
        12          4          0          0          0         68   sys_exit.o
        74          0          0          0          0         80   sys_stackheap_outer.o
         2          0          0          0          0         68   use_no_semi.o
        10          0          0          0          0        116   fpinit.o

    ----------------------------------------------------------------------
       930         16          0          0         96       1164   Library Totals
         6          0          0          0          0          0   (incl. Padding)

    ----------------------------------------------------------------------

      Code (inc. data)   RO Data    RW Data    ZI Data      Debug   Library Name

       914         16          0          0         96       1048   c_w.l
        10          0          0          0          0        116   fz_wm.l

    ----------------------------------------------------------------------
       930         16          0          0         96       1164   Library Totals

    ----------------------------------------------------------------------

==============================================================================


      Code (inc. data)   RO Data    RW Data    ZI Data      Debug   

     14448        830        664        152       8136     872036   Grand Totals
     14448        830        664        152       8136     872036   ELF Image Totals
     14448        830        664        152          0          0   ROM Totals

==============================================================================

    Total RO  Size (Code + RO Data)                15112 (  14.76kB)
    Total RW  Size (RW Data + ZI Data)              8288 (   8.09kB)
    Total ROM Size (Code + RO Data + RW Data)      15264 (  14.91kB)

==============================================================================

