Component: ARM Compiler 5.06 update 7 (build 960) Tool: armlink [4d3601]

==============================================================================

Section Cross References

    startup_stm32g431xx.o(STACK) refers (Special) to heapauxi.o(.text) for __use_two_region_memory
    startup_stm32g431xx.o(HEAP) refers (Special) to heapauxi.o(.text) for __use_two_region_memory
    startup_stm32g431xx.o(RESET) refers (Special) to heapauxi.o(.text) for __use_two_region_memory
    startup_stm32g431xx.o(RESET) refers to startup_stm32g431xx.o(STACK) for __initial_sp
    startup_stm32g431xx.o(RESET) refers to startup_stm32g431xx.o(.text) for Reset_Handler
    startup_stm32g431xx.o(RESET) refers to stm32g4xx_it.o(i.NMI_Handler) for NMI_Handler
    startup_stm32g431xx.o(RESET) refers to stm32g4xx_it.o(i.HardFault_Handler) for HardFault_Handler
    startup_stm32g431xx.o(RESET) refers to stm32g4xx_it.o(i.MemManage_Handler) for MemManage_Handler
    startup_stm32g431xx.o(RESET) refers to stm32g4xx_it.o(i.BusFault_Handler) for BusFault_Handler
    startup_stm32g431xx.o(RESET) refers to stm32g4xx_it.o(i.UsageFault_Handler) for UsageFault_Handler
    startup_stm32g431xx.o(RESET) refers to port.o(.emb_text) for SVC_Handler
    startup_stm32g431xx.o(RESET) refers to stm32g4xx_it.o(i.DebugMon_Handler) for DebugMon_Handler
    startup_stm32g431xx.o(RESET) refers to stm32g4xx_it.o(i.SysTick_Handler) for SysTick_Handler
    startup_stm32g431xx.o(RESET) refers to stm32g4xx_it.o(i.USART3_IRQHandler) for USART3_IRQHandler
    startup_stm32g431xx.o(.text) refers (Special) to heapauxi.o(.text) for __use_two_region_memory
    startup_stm32g431xx.o(.text) refers to system_stm32g4xx.o(i.SystemInit) for SystemInit
    startup_stm32g431xx.o(.text) refers to __main.o(!!!main) for __main
    startup_stm32g431xx.o(.text) refers to startup_stm32g431xx.o(HEAP) for Heap_Mem
    startup_stm32g431xx.o(.text) refers to startup_stm32g431xx.o(STACK) for Stack_Mem
    main.o(i.SystemClock_Config) refers to rt_memclr_w.o(.text) for __aeabi_memclr4
    main.o(i.SystemClock_Config) refers to stm32g4xx_hal_pwr_ex.o(i.HAL_PWREx_ControlVoltageScaling) for HAL_PWREx_ControlVoltageScaling
    main.o(i.SystemClock_Config) refers to stm32g4xx_hal_rcc.o(i.HAL_RCC_OscConfig) for HAL_RCC_OscConfig
    main.o(i.SystemClock_Config) refers to main.o(i.Error_Handler) for Error_Handler
    main.o(i.SystemClock_Config) refers to stm32g4xx_hal_rcc.o(i.HAL_RCC_ClockConfig) for HAL_RCC_ClockConfig
    main.o(i.main) refers to stm32g4xx_hal.o(i.HAL_Init) for HAL_Init
    main.o(i.main) refers to main.o(i.SystemClock_Config) for SystemClock_Config
    main.o(i.main) refers to gpio.o(i.MX_GPIO_Init) for MX_GPIO_Init
    main.o(i.main) refers to usart.o(i.MX_USART3_UART_Init) for MX_USART3_UART_Init
    main.o(i.main) refers to i2c.o(i.MX_I2C1_Init) for MX_I2C1_Init
    main.o(i.main) refers to stm32g4xx_hal_uart.o(i.HAL_UART_Receive_IT) for HAL_UART_Receive_IT
    main.o(i.main) refers to cmsis_os2.o(i.osKernelInitialize) for osKernelInitialize
    main.o(i.main) refers to app_freertos.o(i.MX_FREERTOS_Init) for MX_FREERTOS_Init
    main.o(i.main) refers to cmsis_os2.o(i.osKernelStart) for osKernelStart
    main.o(i.main) refers to comm.o(.data) for aRxBuffer
    main.o(i.main) refers to usart.o(.bss) for huart3
    app_freertos.o(i.MX_FREERTOS_Init) refers to cmsis_os2.o(i.osThreadNew) for osThreadNew
    app_freertos.o(i.MX_FREERTOS_Init) refers to app_freertos.o(.constdata) for defaultTask_attributes
    app_freertos.o(i.MX_FREERTOS_Init) refers to app_freertos.o(i.StartDefaultTask) for StartDefaultTask
    app_freertos.o(i.MX_FREERTOS_Init) refers to app_freertos.o(.data) for defaultTaskHandle
    app_freertos.o(i.StartDefaultTask) refers to usermain.o(i.userMain) for userMain
    app_freertos.o(i.StartDefaultTask) refers to tasks.o(i.vTaskDelete) for vTaskDelete
    app_freertos.o(i.StartDefaultTask) refers to app_freertos.o(.data) for defaultTaskHandle
    app_freertos.o(.constdata) refers to app_freertos.o(.conststring) for .conststring
    i2c.o(i.HAL_I2C_MspDeInit) refers to stm32g4xx_hal_gpio.o(i.HAL_GPIO_DeInit) for HAL_GPIO_DeInit
    i2c.o(i.HAL_I2C_MspInit) refers to rt_memclr_w.o(.text) for __aeabi_memclr4
    i2c.o(i.HAL_I2C_MspInit) refers to stm32g4xx_hal_rcc_ex.o(i.HAL_RCCEx_PeriphCLKConfig) for HAL_RCCEx_PeriphCLKConfig
    i2c.o(i.HAL_I2C_MspInit) refers to main.o(i.Error_Handler) for Error_Handler
    i2c.o(i.HAL_I2C_MspInit) refers to stm32g4xx_hal_gpio.o(i.HAL_GPIO_Init) for HAL_GPIO_Init
    i2c.o(i.MX_I2C1_Init) refers to stm32g4xx_hal_i2c.o(i.HAL_I2C_Init) for HAL_I2C_Init
    i2c.o(i.MX_I2C1_Init) refers to main.o(i.Error_Handler) for Error_Handler
    i2c.o(i.MX_I2C1_Init) refers to stm32g4xx_hal_i2c_ex.o(i.HAL_I2CEx_ConfigAnalogFilter) for HAL_I2CEx_ConfigAnalogFilter
    i2c.o(i.MX_I2C1_Init) refers to stm32g4xx_hal_i2c_ex.o(i.HAL_I2CEx_ConfigDigitalFilter) for HAL_I2CEx_ConfigDigitalFilter
[...]
    .data                                    0x20000098   Section        8  comm.o(.data)
    .bss                                     0x200000a0   Section       84  i2c.o(.bss)
    .bss                                     0x200000f4   Section      148  usart.o(.bss)
    .bss                                     0x20000188   Section       64  queue.o(.bss)
    .bss                                     0x200001c8   Section     1220  tasks.o(.bss)
    pxReadyTasksLists                        0x200001c8   Data        1120  tasks.o(.bss)
    xDelayedTaskList1                        0x20000628   Data          20  tasks.o(.bss)
    xDelayedTaskList2                        0x2000063c   Data          20  tasks.o(.bss)
    xPendingReadyList                        0x20000650   Data          20  tasks.o(.bss)
    xTasksWaitingTermination                 0x20000664   Data          20  tasks.o(.bss)
    xSuspendedTaskList                       0x20000678   Data          20  tasks.o(.bss)
    .bss                                     0x2000068c   Section      280  timers.o(.bss)
    xActiveTimerList1                        0x2000068c   Data          20  timers.o(.bss)
    xActiveTimerList2                        0x200006a0   Data          20  timers.o(.bss)
    xStaticTimerQueue                        0x200006b4   Data          80  timers.o(.bss)
    ucStaticTimerQueueStorage                0x20000704   Data         160  timers.o(.bss)
    .bss                                     0x200007a4   Section     1720  cmsis_os2.o(.bss)
    Idle_TCB                                 0x200007a4   Data          92  cmsis_os2.o(.bss)
    Idle_Stack                               0x20000800   Data         512  cmsis_os2.o(.bss)
    Timer_TCB                                0x20000a00   Data          92  cmsis_os2.o(.bss)
    Timer_Stack                              0x20000a5c   Data        1024  cmsis_os2.o(.bss)
    .bss                                     0x20000e5c   Section     3072  heap_4.o(.bss)
    ucHeap                                   0x20000e5c   Data        3072  heap_4.o(.bss)
    .bss                                     0x20001a5c   Section       33  comm.o(.bss)
    .bss                                     0x20001a80   Section       96  libspace.o(.bss)
    HEAP                                     0x20001ae0   Section      512  startup_stm32g431xx.o(HEAP)
    Heap_Mem                                 0x20001ae0   Data         512  startup_stm32g431xx.o(HEAP)
    STACK                                    0x20001ce0   Section     1024  startup_stm32g431xx.o(STACK)
    Stack_Mem                                0x20001ce0   Data        1024  startup_stm32g431xx.o(STACK)
    __initial_sp                             0x200020e0   Data           0  startup_stm32g431xx.o(STACK)

    Global Symbols

    Symbol Name                              Value     Ov Type        Size  Object(Section)

    BuildAttributes$$THM_ISAv4$E$P$D$K$B$S$7EM$VFPi3$EXTD16$VFPS$VFMA$PE$A:L22UL41UL21$X:L11$S22US41US21$IEEE1$IW$USESV6$~STKCKD$USESV7$~SHL$OTIME$ROPI$IEEEX$EBA8$UX$STANDARDLIB$REQ8$PRES8$EABIv2 0x00000000   Number         0  anon$$obj.o ABSOLUTE
    __ARM_use_no_argv                        0x00000000   Number         0  main.o ABSOLUTE
    _printf_flags                            0x00000000   Number         0  printf_stubs.o ABSOLUTE
    _printf_return_value                     0x00000000   Number         0  printf_stubs.o ABSOLUTE
    _printf_sizespec                         0x00000000   Number         0  printf_stubs.o ABSOLUTE
    _printf_widthprec                        0x00000000   Number         0  printf_stubs.o ABSOLUTE
    typeinfo for DriverBase                   - Undefined Weak Reference
    typeinfo for EncoderBase                  - Undefined Weak Reference
    typeinfo for CurrentSenseBase             - Undefined Weak Reference
    typeinfo for DriverFD6288QBase            - Undefined Weak Reference
    typeinfo for EncoderAS5600Base            - Undefined Weak Reference
    __ARM_exceptions_init                     - Undefined Weak Reference
    __alloca_initialize                       - Undefined Weak Reference
    __arm_fini_                               - Undefined Weak Reference
    __arm_preinit_                            - Undefined Weak Reference
    __cpp_initialize__aeabi_                  - Undefined Weak Reference
    __cxa_finalize                            - Undefined Weak Reference
    __sigvec_lookup                           - Undefined Weak Reference
    _atexit_init                              - Undefined Weak Reference
    _call_atexit_fns                          - Undefined Weak Reference
    _clock_init                               - Undefined Weak Reference
    _fp_trap_init                             - Undefined Weak Reference
    _fp_trap_shutdown                         - Undefined Weak Reference
    _get_lc_collate                           - Undefined Weak Reference
    _get_lc_monetary                          - Undefined Weak Reference
    _get_lc_time                              - Undefined Weak Reference
    _getenv_init                              - Undefined Weak Reference
    _handle_redirection                       - Undefined Weak Reference
    _init_alloc                               - Undefined Weak Reference
    _init_user_alloc                          - Undefined Weak Reference
    _initio                                   - Undefined Weak Reference
    _printf_post_padding                      - Undefined Weak Reference
    _printf_pre_padding                       - Undefined Weak Reference
    _rand_init                                - Undefined Weak Reference
    _signal_finish                            - Undefined Weak Reference
    _signal_init                              - Undefined Weak Reference
    _terminate_alloc                          - Undefined Weak Reference
    _terminate_user_alloc                     - Undefined Weak Reference
    _terminateio                              - Undefined Weak Reference
    __Vectors_Size                           0x000001d8   Number         0  startup_stm32g431xx.o ABSOLUTE
    __Vectors                                0x08000000   Data           4  startup_stm32g431xx.o(RESET)
    __Vectors_End                            0x080001d8   Data           0  startup_stm32g431xx.o(RESET)
    __main                                   0x080001d9   Thumb Code     8  __main.o(!!!main)
    __scatterload                            0x080001e1   Thumb Code     0  __scatter.o(!!!scatter)
    __scatterload_rt2                        0x080001e1   Thumb Code    44  __scatter.o(!!!scatter)
    __scatterload_rt2_thumb_only             0x080001e1   Thumb Code     0  __scatter.o(!!!scatter)
    __scatterload_null                       0x080001ef   Thumb Code     0  __scatter.o(!!!scatter)
    __scatterload_copy                       0x08000215   Thumb Code    26  __scatter_copy.o(!!handler_copy)
    __scatterload_zeroinit                   0x08000231   Thumb Code    28  __scatter_zi.o(!!handler_zi)
    _printf_f                                0x0800024d   Thumb Code     0  _printf_f.o(.ARM.Collect$$_printf_percent$$00000003)
    _printf_percent                          0x0800024d   Thumb Code     0  _printf_percent.o(.ARM.Collect$$_printf_percent$$00000000)
    _printf_percent_end                      0x08000253   Thumb Code     0  _printf_percent_end.o(.ARM.Collect$$_printf_percent$$00000017)
    __rt_lib_init                            0x08000257   Thumb Code     0  libinit.o(.ARM.Collect$$libinit$$00000000)
    __rt_lib_init_fp_1                       0x08000259   Thumb Code     0  libinit2.o(.ARM.Collect$$libinit$$00000001)
    __rt_lib_init_heap_1                     0x0800025d   Thumb Code     0  libinit2.o(.ARM.Collect$$libinit$$0000000A)
    __rt_lib_init_lc_common                  0x0800025d   Thumb Code     0  libinit2.o(.ARM.Collect$$libinit$$0000000F)
    __rt_lib_init_preinit_1                  0x0800025d   Thumb Code     0  libinit2.o(.ARM.Collect$$libinit$$00000004)
    __rt_lib_init_rand_1                     0x0800025d   Thumb Code     0  libinit2.o(.ARM.Collect$$libinit$$0000000E)
    __rt_lib_init_user_alloc_1               0x0800025d   Thumb Code     0  libinit2.o(.ARM.Collect$$libinit$$0000000C)
    __rt_lib_init_lc_collate_1               0x08000263   Thumb Code     0  libinit2.o(.ARM.Collect$$libinit$$00000011)
    __rt_lib_init_lc_ctype_2                 0x08000263   Thumb Code     0  libinit2.o(.ARM.Collect$$libinit$$00000012)
    __rt_lib_init_lc_ctype_1                 0x0800026f   Thumb Code     0  libinit2.o(.ARM.Collect$$libinit$$00000013)
    __rt_lib_init_lc_monetary_1              0x0800026f   Thumb Code     0  libinit2.o(.ARM.Collect$$libinit$$00000015)
    __rt_lib_init_lc_numeric_2               0x0800026f   Thumb Code     0  libinit2.o(.ARM.Collect$$libinit$$00000016)
    __rt_lib_init_alloca_1                   0x08000279   Thumb Code     0  libinit2.o(.ARM.Collect$$libinit$$0000002E)
    __rt_lib_init_argv_1                     0x08000279   Thumb Code     0  libinit2.o(.ARM.Collect$$libinit$$0000002C)
    __rt_lib_init_atexit_1                   0x08000279   Thumb Code     0  libinit2.o(.ARM.Collect$$libinit$$0000001B)
    __rt_lib_init_clock_1                    0x08000279   Thumb Code     0  libinit2.o(.ARM.Collect$$libinit$$00000021)
    __rt_lib_init_cpp_1                      0x08000279   Thumb Code     0  libinit2.o(.ARM.Collect$$libinit$$00000032)
    __rt_lib_init_exceptions_1               0x08000279   Thumb Code     0  libinit2.o(.ARM.Collect$$libinit$$00000030)
    __rt_lib_init_fp_trap_1                  0x08000279   Thumb Code     0  libinit2.o(.ARM.Collect$$libinit$$0000001F)
    __rt_lib_init_getenv_1                   0x08000279   Thumb Code     0  libinit2.o(.ARM.Collect$$libinit$$00000023)
    __rt_lib_init_lc_numeric_1               0x08000279   Thumb Code     0  libinit2.o(.ARM.Collect$$libinit$$00000017)
    __rt_lib_init_lc_time_1                  0x08000279   Thumb Code     0  libinit2.o(.ARM.Collect$$libinit$$00000019)
    __rt_lib_init_return                     0x08000279   Thumb Code     0  libinit2.o(.ARM.Collect$$libinit$$00000033)
    __rt_lib_init_signal_1                   0x08000279   Thumb Code     0  libinit2.o(.ARM.Collect$$libinit$$0000001D)
    __rt_lib_init_stdio_1                    0x08000279   Thumb Code     0  libinit2.o(.ARM.Collect$$libinit$$00000025)
    __rt_lib_shutdown                        0x0800027b   Thumb Code     0  libshutdown.o(.ARM.Collect$$libshutdown$$00000000)
    __rt_lib_shutdown_cpp_1                  0x0800027d   Thumb Code     0  libshutdown2.o(.ARM.Collect$$libshutdown$$00000004)
    __rt_lib_shutdown_fini_1                 0x0800027d   Thumb Code     0  libshutdown2.o(.ARM.Collect$$libshutdown$$00000002)
    __rt_lib_shutdown_fp_trap_1              0x0800027d   Thumb Code     0  libshutdown2.o(.ARM.Collect$$libshutdown$$00000009)
    __rt_lib_shutdown_heap_1                 0x0800027d   Thumb Code     0  libshutdown2.o(.ARM.Collect$$libshutdown$$00000011)
    __rt_lib_shutdown_return                 0x0800027d   Thumb Code     0  libshutdown2.o(.ARM.Collect$$libshutdown$$00000012)
    __rt_lib_shutdown_signal_1               0x0800027d   Thumb Code     0  libshutdown2.o(.ARM.Collect$$libshutdown$$0000000C)
    __rt_lib_shutdown_stdio_1                0x0800027d   Thumb Code     0  libshutdown2.o(.ARM.Collect$$libshutdown$$00000006)
    __rt_lib_shutdown_user_alloc_1           0x0800027d   Thumb Code     0  libshutdown2.o(.ARM.Collect$$libshutdown$$0000000E)
    __rt_entry                               0x0800027f   Thumb Code     0  __rtentry.o(.ARM.Collect$$rtentry$$00000000)
    __rt_entry_presh_1                       0x0800027f   Thumb Code     0  __rtentry2.o(.ARM.Collect$$rtentry$$00000002)
    __rt_entry_sh                            0x0800027f   Thumb Code     0  __rtentry4.o(.ARM.Collect$$rtentry$$00000004)
    __rt_entry_li                            0x08000285   Thumb Code     0  __rtentry2.o(.ARM.Collect$$rtentry$$0000000A)
    __rt_entry_postsh_1                      0x08000285   Thumb Code     0  __rtentry2.o(.ARM.Collect$$rtentry$$00000009)
    __rt_entry_main                          0x08000289   Thumb Code     0  __rtentry2.o(.ARM.Collect$$rtentry$$0000000D)
    __rt_entry_postli_1                      0x08000289   Thumb Code     0  __rtentry2.o(.ARM.Collect$$rtentry$$0000000C)
    __rt_exit                                0x08000291   Thumb Code     0  rtexit.o(.ARM.Collect$$rtexit$$00000000)
    __rt_exit_ls                             0x08000293   Thumb Code     0  rtexit2.o(.ARM.Collect$$rtexit$$00000003)
    __rt_exit_prels_1                        0x08000293   Thumb Code     0  rtexit2.o(.ARM.Collect$$rtexit$$00000002)
    __rt_exit_exit                           0x08000297   Thumb Code     0  rtexit2.o(.ARM.Collect$$rtexit$$00000004)
    SVC_Handler                              0x0800029d   Thumb Code    28  port.o(.emb_text)
    __asm___6_port_c_39a90d8d__prvStartFirstTask 0x080002bd   Thumb Code    36  port.o(.emb_text)
    __asm___6_port_c_39a90d8d__prvEnableVFP  0x080002e5   Thumb Code    16  port.o(.emb_text)
    PendSV_Handler                           0x080002f9   Thumb Code    88  port.o(.emb_text)
    vPortGetIPSR                             0x08000355   Thumb Code     6  port.o(.emb_text)
    Reset_Handler                            0x0800035d   Thumb Code     8  startup_stm32g431xx.o(.text)
    ADC1_2_IRQHandler                        0x08000377   Thumb Code     0  startup_stm32g431xx.o(.text)
    COMP1_2_3_IRQHandler                     0x08000377   Thumb Code     0  startup_stm32g431xx.o(.text)
    COMP4_IRQHandler                         0x08000377   Thumb Code     0  startup_stm32g431xx.o(.text)
    CORDIC_IRQHandler                        0x08000377   Thumb Code     0  startup_stm32g431xx.o(.text)
    CRS_IRQHandler                           0x08000377   Thumb Code     0  startup_stm32g431xx.o(.text)
    DMA1_Channel1_IRQHandler                 0x08000377   Thumb Code     0  startup_stm32g431xx.o(.text)
    DMA1_Channel2_IRQHandler                 0x08000377   Thumb Code     0  startup_stm32g431xx.o(.text)
    DMA1_Channel3_IRQHandler                 0x08000377   Thumb Code     0  startup_stm32g431xx.o(.text)
    DMA1_Channel4_IRQHandler                 0x08000377   Thumb Code     0  startup_stm32g431xx.o(.text)
    DMA1_Channel5_IRQHandler                 0x08000377   Thumb Code     0  startup_stm32g431xx.o(.text)
    DMA1_Channel6_IRQHandler                 0x08000377   Thumb Code     0  startup_stm32g431xx.o(.text)
    DMA2_Channel1_IRQHandler                 0x08000377   Thumb Code     0  startup_stm32g431xx.o(.text)
    DMA2_Channel2_IRQHandler                 0x08000377   Thumb Code     0  startup_stm32g431xx.o(.text)
    DMA2_Channel3_IRQHandler                 0x08000377   Thumb Code     0  startup_stm32g431xx.o(.text)
    DMA2_Channel4_IRQHandler                 0x08000377   Thumb Code     0  startup_stm32g431xx.o(.text)
    DMA2_Channel5_IRQHandler                 0x08000377   Thumb Code     0  startup_stm32g431xx.o(.text)
    DMA2_Channel6_IRQHandler                 0x08000377   Thumb Code     0  startup_stm32g431xx.o(.text)
    DMAMUX_OVR_IRQHandler                    0x08000377   Thumb Code     0  startup_stm32g431xx.o(.text)
    EXTI0_IRQHandler                         0x08000377   Thumb Code     0  startup_stm32g431xx.o(.text)
    EXTI15_10_IRQHandler                     0x08000377   Thumb Code     0  startup_stm32g431xx.o(.text)
    EXTI1_IRQHandler                         0x08000377   Thumb Code     0  startup_stm32g431xx.o(.text)
    EXTI2_IRQHandler                         0x08000377   Thumb Code     0  startup_stm32g431xx.o(.text)
    EXTI3_IRQHandler                         0x08000377   Thumb Code     0  startup_stm32g431xx.o(.text)
    EXTI4_IRQHandler                         0x08000377   Thumb Code     0  startup_stm32g431xx.o(.text)
    EXTI9_5_IRQHandler                       0x08000377   Thumb Code     0  startup_stm32g431xx.o(.text)
    FDCAN1_IT0_IRQHandler                    0x08000377   Thumb Code     0  startup_stm32g431xx.o(.text)
    FDCAN1_IT1_IRQHandler                    0x08000377   Thumb Code     0  startup_stm32g431xx.o(.text)
    FLASH_IRQHandler                         0x08000377   Thumb Code     0  startup_stm32g431xx.o(.text)
    FMAC_IRQHandler                          0x08000377   Thumb Code     0  startup_stm32g431xx.o(.text)
    FPU_IRQHandler                           0x08000377   Thumb Code     0  startup_stm32g431xx.o(.text)
    I2C1_ER_IRQHandler                       0x08000377   Thumb Code     0  startup_stm32g431xx.o(.text)
    I2C1_EV_IRQHandler                       0x08000377   Thumb Code     0  startup_stm32g431xx.o(.text)
    I2C2_ER_IRQHandler                       0x08000377   Thumb Code     0  startup_stm32g431xx.o(.text)
    I2C2_EV_IRQHandler                       0x08000377   Thumb Code     0  startup_stm32g431xx.o(.text)
    I2C3_ER_IRQHandler                       0x08000377   Thumb Code     0  startup_stm32g431xx.o(.text)
    I2C3_EV_IRQHandler                       0x08000377   Thumb Code     0  startup_stm32g431xx.o(.text)
    LPTIM1_IRQHandler                        0x08000377   Thumb Code     0  startup_stm32g431xx.o(.text)
    LPUART1_IRQHandler                       0x08000377   Thumb Code     0  startup_stm32g431xx.o(.text)
    PVD_PVM_IRQHandler                       0x08000377   Thumb Code     0  startup_stm32g431xx.o(.text)
    RCC_IRQHandler                           0x08000377   Thumb Code     0  startup_stm32g431xx.o(.text)
    RNG_IRQHandler                           0x08000377   Thumb Code     0  startup_stm32g431xx.o(.text)
    RTC_Alarm_IRQHandler                     0x08000377   Thumb Code     0  startup_stm32g431xx.o(.text)
    RTC_TAMP_LSECSS_IRQHandler               0x08000377   Thumb Code     0  startup_stm32g431xx.o(.text)
    RTC_WKUP_IRQHandler                      0x08000377   Thumb Code     0  startup_stm32g431xx.o(.text)
    SAI1_IRQHandler                          0x08000377   Thumb Code     0  startup_stm32g431xx.o(.text)
    SPI1_IRQHandler                          0x08000377   Thumb Code     0  startup_stm32g431xx.o(.text)
    SPI2_IRQHandler                          0x08000377   Thumb Code     0  startup_stm32g431xx.o(.text)
    SPI3_IRQHandler                          0x08000377   Thumb Code     0  startup_stm32g431xx.o(.text)
    TIM1_BRK_TIM15_IRQHandler                0x08000377   Thumb Code     0  startup_stm32g431xx.o(.text)
    TIM1_CC_IRQHandler                       0x08000377   Thumb Code     0  startup_stm32g431xx.o(.text)
    TIM1_TRG_COM_TIM17_IRQHandler            0x08000377   Thumb Code     0  startup_stm32g431xx.o(.text)
    TIM1_UP_TIM16_IRQHandler                 0x08000377   Thumb Code     0  startup_stm32g431xx.o(.text)
    TIM2_IRQHandler                          0x08000377   Thumb Code     0  startup_stm32g431xx.o(.text)
    TIM3_IRQHandler                          0x08000377   Thumb Code     0  startup_stm32g431xx.o(.text)
    TIM4_IRQHandler                          0x08000377   Thumb Code     0  startup_stm32g431xx.o(.text)
    TIM6_DAC_IRQHandler                      0x08000377   Thumb Code     0  startup_stm32g431xx.o(.text)
    TIM7_IRQHandler                          0x08000377   Thumb Code     0  startup_stm32g431xx.o(.text)
    TIM8_BRK_IRQHandler                      0x08000377   Thumb Code     0  startup_stm32g431xx.o(.text)
    TIM8_CC_IRQHandler                       0x08000377   Thumb Code     0  startup_stm32g431xx.o(.text)
    TIM8_TRG_COM_IRQHandler                  0x08000377   Thumb Code     0  startup_stm32g431xx.o(.text)
    TIM8_UP_IRQHandler                       0x08000377   Thumb Code     0  startup_stm32g431xx.o(.text)
    UART4_IRQHandler                         0x08000377   Thumb Code     0  startup_stm32g431xx.o(.text)
    UCPD1_IRQHandler                         0x08000377   Thumb Code     0  startup_stm32g431xx.o(.text)
    USART1_IRQHandler                        0x08000377   Thumb Code     0  startup_stm32g431xx.o(.text)
    USART2_IRQHandler                        0x08000377   Thumb Code     0  startup_stm32g431xx.o(.text)
    USBWakeUp_IRQHandler                     0x08000377   Thumb Code     0  startup_stm32g431xx.o(.text)
    USB_HP_IRQHandler                        0x08000377   Thumb Code     0  startup_stm32g431xx.o(.text)
    USB_LP_IRQHandler                        0x08000377   Thumb Code     0  startup_stm32g431xx.o(.text)
    WWDG_IRQHandler                          0x08000377   Thumb Code     0  startup_stm32g431xx.o(.text)
    __user_initial_stackheap                 0x08000379   Thumb Code     0  startup_stm32g431xx.o(.text)
    __aeabi_uldivmod                         0x0800039d   Thumb Code     0  lludivv7m.o(.text)
    _ll_udiv                                 0x0800039d   Thumb Code   238  lludivv7m.o(.text)
    __2sprintf                               0x0800048d   Thumb Code    34  noretval__2sprintf.o(.text)
    __printf                                 0x080004b5   Thumb Code   270  __printf_wp.o(.text)
    __aeabi_memcpy                           0x080005c3   Thumb Code     0  rt_memcpy_v6.o(.text)
    __rt_memcpy                              0x080005c3   Thumb Code   138  rt_memcpy_v6.o(.text)
    _memcpy_lastbytes                        0x08000629   Thumb Code     0  rt_memcpy_v6.o(.text)
    __aeabi_memcpy4                          0x0800064d   Thumb Code     0  rt_memcpy_w.o(.text)
    __aeabi_memcpy8                          0x0800064d   Thumb Code     0  rt_memcpy_w.o(.text)
    __rt_memcpy_w                            0x0800064d   Thumb Code   100  rt_memcpy_w.o(.text)
    _memcpy_lastbytes_aligned                0x08000695   Thumb Code     0  rt_memcpy_w.o(.text)
    __aeabi_memset                           0x080006b1   Thumb Code    16  aeabi_memset.o(.text)
    __aeabi_memclr                           0x080006c1   Thumb Code     0  rt_memclr.o(.text)
    __rt_memclr                              0x080006c1   Thumb Code    68  rt_memclr.o(.text)
    _memset                                  0x080006c5   Thumb Code     0  rt_memclr.o(.text)
    __aeabi_memclr4                          0x08000705   Thumb Code     0  rt_memclr_w.o(.text)
    __aeabi_memclr8                          0x08000705   Thumb Code     0  rt_memclr_w.o(.text)
    __rt_memclr_w                            0x08000705   Thumb Code    78  rt_memclr_w.o(.text)
    _memset_w                                0x08000709   Thumb Code     0  rt_memclr_w.o(.text)
    __use_two_region_memory                  0x08000753   Thumb Code     2  heapauxi.o(.text)
    __rt_heap_escrow$2region                 0x08000755   Thumb Code     2  heapauxi.o(.text)
    __rt_heap_expand$2region                 0x08000757   Thumb Code     2  heapauxi.o(.text)
    __read_errno                             0x08000759   Thumb Code    10  _rserrno.o(.text)
    __set_errno                              0x08000763   Thumb Code    12  _rserrno.o(.text)
    __lib_sel_fp_printf                      0x0800076f   Thumb Code     2  _printf_fp_dec.o(.text)
    _printf_fp_dec_real                      0x08000921   Thumb Code   620  _printf_fp_dec.o(.text)
    _printf_char_common                      0x08000b97   Thumb Code    32  _printf_char_common.o(.text)
    _sputc                                   0x08000bbd   Thumb Code    10  _sputc.o(.text)
    __strtod_int                             0x08000c05   Thumb Code    90  strtod.o(.text)
    __rt_locale                              0x08000c6d   Thumb Code     8  rt_locale_intlibspace.o(.text)
    __aeabi_errno_addr                       0x08000c75   Thumb Code     8  rt_errno_addr_intlibspace.o(.text)
    __errno$intlibspace                      0x08000c75   Thumb Code     0  rt_errno_addr_intlibspace.o(.text)
    __rt_errno_addr$intlibspace              0x08000c75   Thumb Code     0  rt_errno_addr_intlibspace.o(.text)
    _ll_udiv10                               0x08000c7d   Thumb Code   138  lludiv10.o(.text)
    isspace                                  0x08000d07   Thumb Code    18  isspace.o(.text)
    _printf_fp_infnan                        0x08000d19   Thumb Code   112  _printf_fp_infnan.o(.text)
    _sgetc                                   0x08000d99   Thumb Code    30  _sgetc.o(.text)
    _sbackspace                              0x08000db7   Thumb Code    34  _sgetc.o(.text)
    _btod_etento                             0x08000dd9   Thumb Code   224  bigflt0.o(.text)
    __user_libspace                          0x08000ebd   Thumb Code     8  libspace.o(.text)
    __user_perproc_libspace                  0x08000ebd   Thumb Code     0  libspace.o(.text)
    __user_perthread_libspace                0x08000ebd   Thumb Code     0  libspace.o(.text)
    __user_setup_stackheap                   0x08000ec5   Thumb Code    74  sys_stackheap_outer.o(.text)
    __rt_ctype_table                         0x08000f11   Thumb Code    16  rt_ctype_table.o(.text)
    _scanf_really_real                       0x0800116d   Thumb Code   684  scanf_fp.o(.text)
    exit                                     0x08001419   Thumb Code    18  exit.o(.text)
    strcmp                                   0x0800142d   Thumb Code   128  strcmpv7m.o(.text)
    _sys_exit                                0x080014ad   Thumb Code     8  sys_exit.o(.text)
    _scanf_really_hex_real                   0x080014b9   Thumb Code   786  scanf_hexfp.o(.text)
    _scanf_really_infnan                     0x080017d9   Thumb Code   292  scanf_infnan.o(.text)
    __I$use$semihosting                      0x0800190d   Thumb Code     0  use_no_semi.o(.text)
    __use_no_semihosting_swi                 0x0800190d   Thumb Code     2  use_no_semi.o(.text)
    __aeabi_llsl                             0x0800190f   Thumb Code     0  llshl.o(.text)
    __semihosting_library_function           0x0800190f   Thumb Code     0  indicate_semi.o(.text)
    _ll_shift_l                              0x0800190f   Thumb Code    38  llshl.o(.text)
    _chval                                   0x08001935   Thumb Code    28  _chval.o(.text)
    _btod_d2e                                0x08001951   Thumb Code    62  btod.o(CL$$btod_d2e)
    _d2e_denorm_low                          0x0800198f   Thumb Code    70  btod.o(CL$$btod_d2e_denorm_low)
    _d2e_norm_op1                            0x080019d5   Thumb Code    96  btod.o(CL$$btod_d2e_norm_op1)
    __btod_div_common                        0x08001a35   Thumb Code   696  btod.o(CL$$btod_div_common)
    _e2d                                     0x08001d6d   Thumb Code   122  btod.o(CL$$btod_e2d)
    _e2e                                     0x08001df1   Thumb Code   220  btod.o(CL$$btod_e2e)
    _btod_ediv                               0x08001ecd   Thumb Code    42  btod.o(CL$$btod_ediv)
    _btod_edivd                              0x08001ef7   Thumb Code    42  btod.o(CL$$btod_edivd)
    _btod_emul                               0x08001f21   Thumb Code    42  btod.o(CL$$btod_emul)
    _btod_emuld                              0x08001f4b   Thumb Code    42  btod.o(CL$$btod_emuld)
    __btod_mult_common                       0x08001f75   Thumb Code   580  btod.o(CL$$btod_mult_common)
    BusFault_Handler                         0x080021b9   Thumb Code     4  stm32g4xx_it.o(i.BusFault_Handler)
    DebugMon_Handler                         0x080021bd   Thumb Code     2  stm32g4xx_it.o(i.DebugMon_Handler)
    Error_Handler                            0x080021bf   Thumb Code     6  main.o(i.Error_Handler)
    HAL_DMA_Abort                            0x080021c5   Thumb Code   118  stm32g4xx_hal_dma.o(i.HAL_DMA_Abort)
    HAL_DMA_Abort_IT                         0x0800223b   Thumb Code   148  stm32g4xx_hal_dma.o(i.HAL_DMA_Abort_IT)
    HAL_GPIO_Init                            0x080022d1   Thumb Code   428  stm32g4xx_hal_gpio.o(i.HAL_GPIO_Init)
    HAL_GetTick                              0x0800249d   Thumb Code     6  stm32g4xx_hal.o(i.HAL_GetTick)
    HAL_I2CEx_ConfigAnalogFilter             0x080024a9   Thumb Code   106  stm32g4xx_hal_i2c_ex.o(i.HAL_I2CEx_ConfigAnalogFilter)
    HAL_I2CEx_ConfigDigitalFilter            0x08002513   Thumb Code   104  stm32g4xx_hal_i2c_ex.o(i.HAL_I2CEx_ConfigDigitalFilter)
    HAL_I2C_Init                             0x0800257d   Thumb Code   212  stm32g4xx_hal_i2c.o(i.HAL_I2C_Init)
    HAL_I2C_MspInit                          0x08002655   Thumb Code   194  i2c.o(i.HAL_I2C_MspInit)
    HAL_IncTick                              0x08002725   Thumb Code    16  stm32g4xx_hal.o(i.HAL_IncTick)
    HAL_Init                                 0x0800273d   Thumb Code    30  stm32g4xx_hal.o(i.HAL_Init)
    HAL_InitTick                             0x0800275d   Thumb Code    74  stm32g4xx_hal.o(i.HAL_InitTick)
    HAL_MspInit                              0x080027b5   Thumb Code    72  stm32g4xx_hal_msp.o(i.HAL_MspInit)
    HAL_NVIC_EnableIRQ                       0x08002801   Thumb Code    40  stm32g4xx_hal_cortex.o(i.HAL_NVIC_EnableIRQ)
    HAL_NVIC_SetPriority                     0x08002829   Thumb Code   122  stm32g4xx_hal_cortex.o(i.HAL_NVIC_SetPriority)
    HAL_NVIC_SetPriorityGrouping             0x080028a5   Thumb Code    32  stm32g4xx_hal_cortex.o(i.HAL_NVIC_SetPriorityGrouping)
    HAL_PWREx_ControlVoltageScaling          0x080028cd   Thumb Code   268  stm32g4xx_hal_pwr_ex.o(i.HAL_PWREx_ControlVoltageScaling)
    HAL_PWREx_DisableUCPDDeadBattery         0x080029e5   Thumb Code    14  stm32g4xx_hal_pwr_ex.o(i.HAL_PWREx_DisableUCPDDeadBattery)
    HAL_RCCEx_PeriphCLKConfig                0x080029f9   Thumb Code   872  stm32g4xx_hal_rcc_ex.o(i.HAL_RCCEx_PeriphCLKConfig)
    HAL_RCC_ClockConfig                      0x08002d69   Thumb Code   522  stm32g4xx_hal_rcc.o(i.HAL_RCC_ClockConfig)
    HAL_RCC_GetHCLKFreq                      0x08002f8d   Thumb Code     6  stm32g4xx_hal_rcc.o(i.HAL_RCC_GetHCLKFreq)
    HAL_RCC_GetPCLK1Freq                     0x08002f99   Thumb Code    26  stm32g4xx_hal_rcc.o(i.HAL_RCC_GetPCLK1Freq)
    HAL_RCC_GetPCLK2Freq                     0x08002fbd   Thumb Code    26  stm32g4xx_hal_rcc.o(i.HAL_RCC_GetPCLK2Freq)
    HAL_RCC_GetSysClockFreq                  0x08002fe1   Thumb Code   138  stm32g4xx_hal_rcc.o(i.HAL_RCC_GetSysClockFreq)
    HAL_RCC_OscConfig                        0x08003079   Thumb Code  1360  stm32g4xx_hal_rcc.o(i.HAL_RCC_OscConfig)
    HAL_SYSTICK_Config                       0x080035d5   Thumb Code    52  stm32g4xx_hal_cortex.o(i.HAL_SYSTICK_Config)
    HAL_UARTEx_DisableFifoMode               0x08003609   Thumb Code    78  stm32g4xx_hal_uart_ex.o(i.HAL_UARTEx_DisableFifoMode)
    HAL_UARTEx_RxEventCallback               0x08003657   Thumb Code     2  stm32g4xx_hal_uart.o(i.HAL_UARTEx_RxEventCallback)
    HAL_UARTEx_RxFifoFullCallback            0x08003659   Thumb Code     2  stm32g4xx_hal_uart_ex.o(i.HAL_UARTEx_RxFifoFullCallback)
    HAL_UARTEx_SetRxFifoThreshold            0x0800365b   Thumb Code    94  stm32g4xx_hal_uart_ex.o(i.HAL_UARTEx_SetRxFifoThreshold)
    HAL_UARTEx_SetTxFifoThreshold            0x080036b9   Thumb Code    94  stm32g4xx_hal_uart_ex.o(i.HAL_UARTEx_SetTxFifoThreshold)
    HAL_UARTEx_TxFifoEmptyCallback           0x08003717   Thumb Code     2  stm32g4xx_hal_uart_ex.o(i.HAL_UARTEx_TxFifoEmptyCallback)
    HAL_UARTEx_WakeupCallback                0x08003719   Thumb Code     2  stm32g4xx_hal_uart_ex.o(i.HAL_UARTEx_WakeupCallback)
    HAL_UART_ErrorCallback                   0x0800371b   Thumb Code     2  stm32g4xx_hal_uart.o(i.HAL_UART_ErrorCallback)
    HAL_UART_IRQHandler                      0x0800371d   Thumb Code   920  stm32g4xx_hal_uart.o(i.HAL_UART_IRQHandler)
    HAL_UART_Init                            0x08003ac1   Thumb Code   120  stm32g4xx_hal_uart.o(i.HAL_UART_Init)
    HAL_UART_MspInit                         0x08003b39   Thumb Code   152  usart.o(i.HAL_UART_MspInit)
    HAL_UART_Receive_IT                      0x08003bdd   Thumb Code    88  stm32g4xx_hal_uart.o(i.HAL_UART_Receive_IT)
    HAL_UART_RxCpltCallback                  0x08003c39   Thumb Code    32  comm.o(i.HAL_UART_RxCpltCallback)
    HAL_UART_Transmit                        0x08003c65   Thumb Code   194  stm32g4xx_hal_uart.o(i.HAL_UART_Transmit)
    HAL_UART_TxCpltCallback                  0x08003d27   Thumb Code     2  stm32g4xx_hal_uart.o(i.HAL_UART_TxCpltCallback)
    HardFault_Handler                        0x08003d29   Thumb Code     4  stm32g4xx_it.o(i.HardFault_Handler)
    MX_FREERTOS_Init                         0x08003d2d   Thumb Code    18  app_freertos.o(i.MX_FREERTOS_Init)
    MX_GPIO_Init                             0x08003d4d   Thumb Code    84  gpio.o(i.MX_GPIO_Init)
    MX_I2C1_Init                             0x08003da5   Thumb Code    74  i2c.o(i.MX_I2C1_Init)
    MX_USART3_UART_Init                      0x08003dfd   Thumb Code    98  usart.o(i.MX_USART3_UART_Init)
    MemManage_Handler                        0x08003e69   Thumb Code     4  stm32g4xx_it.o(i.MemManage_Handler)
    NMI_Handler                              0x08003e6d   Thumb Code     4  stm32g4xx_it.o(i.NMI_Handler)
    StartDefaultTask                         0x08003ed9   Thumb Code    18  app_freertos.o(i.StartDefaultTask)
    SysTick_Handler                          0x08003ef1   Thumb Code    20  stm32g4xx_it.o(i.SysTick_Handler)
    SystemClock_Config                       0x08003f05   Thumb Code   108  main.o(i.SystemClock_Config)
    SystemInit                               0x08003f71   Thumb Code    14  system_stm32g4xx.o(i.SystemInit)
    UART_AdvFeatureConfig                    0x08003fdd   Thumb Code   248  stm32g4xx_hal_uart.o(i.UART_AdvFeatureConfig)
    UART_CheckIdleState                      0x080040d5   Thumb Code   234  stm32g4xx_hal_uart.o(i.UART_CheckIdleState)
    UART_SetConfig                           0x08004871   Thumb Code   858  stm32g4xx_hal_uart.o(i.UART_SetConfig)
    UART_Start_Receive_IT                    0x08004bf5   Thumb Code   332  stm32g4xx_hal_uart.o(i.UART_Start_Receive_IT)
    UART_WaitOnFlagUntilTimeout              0x08004d51   Thumb Code   172  stm32g4xx_hal_uart.o(i.UART_WaitOnFlagUntilTimeout)
    USART3_IRQHandler                        0x08004dfd   Thumb Code    10  stm32g4xx_it.o(i.USART3_IRQHandler)
    UsageFault_Handler                       0x08004e0d   Thumb Code     4  stm32g4xx_it.o(i.UsageFault_Handler)
    communicationLoop(void*)                 0x08004e11   Thumb Code    20  usermain.o(i._Z17communicationLoopPv)
    uartRcv(char)                            0x08004e25   Thumb Code    82  comm.o(i._Z7uartRcvc)
    __ARM_fpclassify                         0x08004e7d   Thumb Code    48  fpclassify.o(i.__ARM_fpclassify)
    __hardfp___mathlib_tofloat               0x08004ef1   Thumb Code   232  narrow.o(i.__hardfp___mathlib_tofloat)
    __hardfp_atof                            0x08004fe9   Thumb Code    44  atof.o(i.__hardfp_atof)
    __hardfp_ldexp                           0x08005021   Thumb Code   200  ldexp.o(i.__hardfp_ldexp)
    __mathlib_dbl_overflow                   0x080050f1   Thumb Code    24  dunder.o(i.__mathlib_dbl_overflow)
    __mathlib_dbl_underflow                  0x08005111   Thumb Code    24  dunder.o(i.__mathlib_dbl_underflow)
    __mathlib_narrow                         0x08005131   Thumb Code    18  narrow.o(i.__mathlib_narrow)
    __support_ldexp                          0x08005143   Thumb Code    20  ldexp.o(i.__support_ldexp)
    _is_digit                                0x08005157   Thumb Code    14  __printf_wp.o(i._is_digit)
    commander_run                            0x08005165   Thumb Code   144  comm.o(i.commander_run)
    frexp                                    0x08005229   Thumb Code   118  frexp.o(i.frexp)
    main                                     0x080052b5   Thumb Code    46  main.o(i.main)
    osDelay                                  0x080052ed   Thumb Code    30  cmsis_os2.o(i.osDelay)
    osKernelInitialize                       0x0800530d   Thumb Code    38  cmsis_os2.o(i.osKernelInitialize)
    osKernelStart                            0x08005339   Thumb Code    82  cmsis_os2.o(i.osKernelStart)
    osThreadNew                              0x08005399   Thumb Code   184  cmsis_os2.o(i.osThreadNew)
    printLog                                 0x08005451   Thumb Code    26  comm.o(i.printLog)
    pvPortMalloc                             0x08005e9d   Thumb Code   306  heap_4.o(i.pvPortMalloc)
    pxPortInitialiseStack                    0x08005fe9   Thumb Code    38  port.o(i.pxPortInitialiseStack)
    userMain                                 0x08006015   Thumb Code    32  usermain.o(i.userMain)
    uxListRemove                             0x08006041   Thumb Code    40  list.o(i.uxListRemove)
    vApplicationGetIdleTaskMemory            0x08006069   Thumb Code    14  cmsis_os2.o(i.vApplicationGetIdleTaskMemory)
    vApplicationGetTimerTaskMemory           0x08006081   Thumb Code    16  cmsis_os2.o(i.vApplicationGetTimerTaskMemory)
    vListInitialise                          0x08006099   Thumb Code    26  list.o(i.vListInitialise)
    vListInitialiseItem                      0x080060b3   Thumb Code     6  list.o(i.vListInitialiseItem)
    vListInsert                              0x080060b9   Thumb Code    52  list.o(i.vListInsert)
    vListInsertEnd                           0x080060ed   Thumb Code    24  list.o(i.vListInsertEnd)
    vPortEnterCritical                       0x08006105   Thumb Code    76  port.o(i.vPortEnterCritical)
    vPortExitCritical                        0x08006159   Thumb Code    56  port.o(i.vPortExitCritical)
    vPortFree                                0x08006195   Thumb Code   150  heap_4.o(i.vPortFree)
    vPortSetupTimerInterrupt                 0x08006239   Thumb Code    36  port.o(i.vPortSetupTimerInterrupt)
    vPortValidateInterruptPriority           0x08006261   Thumb Code   106  port.o(i.vPortValidateInterruptPriority)
    vQueueAddToRegistry                      0x080062d9   Thumb Code    38  queue.o(i.vQueueAddToRegistry)
    vQueueWaitForMessageRestricted           0x08006305   Thumb Code    74  queue.o(i.vQueueWaitForMessageRestricted)
    vTaskDelay                               0x08006351   Thumb Code    82  tasks.o(i.vTaskDelay)
    vTaskDelete                              0x080063ad   Thumb Code   168  tasks.o(i.vTaskDelete)
    vTaskInternalSetTimeOutState             0x08006475   Thumb Code    14  tasks.o(i.vTaskInternalSetTimeOutState)
    vTaskMissedYield                         0x0800648d   Thumb Code     8  tasks.o(i.vTaskMissedYield)
    vTaskPlaceOnEventList                    0x08006499   Thumb Code    52  tasks.o(i.vTaskPlaceOnEventList)
    vTaskPlaceOnEventListRestricted          0x080064d1   Thumb Code    60  tasks.o(i.vTaskPlaceOnEventListRestricted)
    vTaskStartScheduler                      0x08006511   Thumb Code   156  tasks.o(i.vTaskStartScheduler)
    vTaskSuspendAll                          0x080065c9   Thumb Code    12  tasks.o(i.vTaskSuspendAll)
    vTaskSwitchContext                       0x080065d9   Thumb Code   122  tasks.o(i.vTaskSwitchContext)
    xPortStartScheduler                      0x08006669   Thumb Code   330  port.o(i.xPortStartScheduler)
    xPortSysTickHandler                      0x080067d1   Thumb Code    46  port.o(i.xPortSysTickHandler)
    xQueueGenericCreateStatic                0x08006805   Thumb Code   224  queue.o(i.xQueueGenericCreateStatic)
    xQueueGenericReset                       0x080068e5   Thumb Code   146  queue.o(i.xQueueGenericReset)
    xQueueGenericSend                        0x0800697d   Thumb Code   420  queue.o(i.xQueueGenericSend)
    xQueueGenericSendFromISR                 0x08006b25   Thumb Code   252  queue.o(i.xQueueGenericSendFromISR)
    xQueueReceive                            0x08006c21   Thumb Code   356  queue.o(i.xQueueReceive)
    xTaskCheckForTimeOut                     0x08006d89   Thumb Code   132  tasks.o(i.xTaskCheckForTimeOut)
    xTaskCreate                              0x08006e15   Thumb Code   100  tasks.o(i.xTaskCreate)
    xTaskCreateStatic                        0x08006e79   Thumb Code   186  tasks.o(i.xTaskCreateStatic)
    xTaskGetSchedulerState                   0x08006f35   Thumb Code    24  tasks.o(i.xTaskGetSchedulerState)
    xTaskGetTickCount                        0x08006f55   Thumb Code     6  tasks.o(i.xTaskGetTickCount)
    xTaskIncrementTick                       0x08006f61   Thumb Code   280  tasks.o(i.xTaskIncrementTick)
    xTaskPriorityDisinherit                  0x080070a5   Thumb Code   152  tasks.o(i.xTaskPriorityDisinherit)
    xTaskRemoveFromEventList                 0x08007149   Thumb Code   126  tasks.o(i.xTaskRemoveFromEventList)
    xTaskResumeAll                           0x080071e1   Thumb Code   222  tasks.o(i.xTaskResumeAll)
    xTimerCreateTimerTask                    0x080072e5   Thumb Code   100  timers.o(i.xTimerCreateTimerTask)
    xTimerGenericCommand                     0x0800735d   Thumb Code   128  timers.o(i.xTimerGenericCommand)
    _get_lc_numeric                          0x080073e1   Thumb Code    44  lc_numeric_c.o(locale$$code)
    _get_lc_ctype                            0x0800740d   Thumb Code    44  lc_ctype_c.o(locale$$code)
    __aeabi_d2f                              0x08007439   Thumb Code     0  d2f.o(x$fpl$d2f)
    _d2f                                     0x08007439   Thumb Code    98  d2f.o(x$fpl$d2f)
    __fpl_dcheck_NaN1                        0x0800749d   Thumb Code    10  dcheck1.o(x$fpl$dcheck1)
    __fpl_dcmp_Inf                           0x080074ad   Thumb Code    24  dcmpi.o(x$fpl$dcmpinf)
    __aeabi_cdcmpeq                          0x080074c5   Thumb Code     0  deqf.o(x$fpl$deqf)
    _dcmpeq                                  0x080074c5   Thumb Code   120  deqf.o(x$fpl$deqf)
    __aeabi_cdcmple                          0x0800753d   Thumb Code     0  dleqf.o(x$fpl$dleqf)
    _dcmple                                  0x0800753d   Thumb Code   120  dleqf.o(x$fpl$dleqf)
    __fpl_dcmple_InfNaN                      0x0800759f   Thumb Code     0  dleqf.o(x$fpl$dleqf)
    __aeabi_dmul                             0x080075b5   Thumb Code     0  dmul.o(x$fpl$dmul)
    _dmul                                    0x080075b5   Thumb Code   332  dmul.o(x$fpl$dmul)
    __fpl_dnaninf                            0x08007709   Thumb Code   156  dnaninf.o(x$fpl$dnaninf)
    __fpl_dretinf                            0x080077a5   Thumb Code    12  dretinf.o(x$fpl$dretinf)
    __aeabi_cdrcmple                         0x080077b1   Thumb Code     0  drleqf.o(x$fpl$drleqf)
    _drcmple                                 0x080077b1   Thumb Code   108  drleqf.o(x$fpl$drleqf)
    __aeabi_f2d                              0x0800781d   Thumb Code     0  f2d.o(x$fpl$f2d)
    _f2d                                     0x0800781d   Thumb Code    86  f2d.o(x$fpl$f2d)
    __fpl_fnaninf                            0x08007873   Thumb Code   140  fnaninf.o(x$fpl$fnaninf)
    _fp_init                                 0x080078ff   Thumb Code    10  fpinit.o(x$fpl$fpinit)
    __fplib_config_fpu_vfp                   0x08007907   Thumb Code     0  fpinit.o(x$fpl$fpinit)
    __fplib_config_pureend_doubles           0x08007907   Thumb Code     0  fpinit.o(x$fpl$fpinit)
    __fpl_fretinf                            0x08007909   Thumb Code    10  fretinf.o(x$fpl$fretinf)
    __ieee_status                            0x08007913   Thumb Code     6  istatus.o(x$fpl$ieeestatus)
    _printf_fp_dec                           0x08007919   Thumb Code     4  printf1.o(x$fpl$printf1)
    __fpl_return_NaN                         0x0800791d   Thumb Code   100  retnan.o(x$fpl$retnan)
    __ARM_scalbn                             0x08007981   Thumb Code    92  scalbn.o(x$fpl$scalbn)
    _scanf_real                              0x080079dd   Thumb Code     4  scanf1.o(x$fpl$scanf1)
    _scanf_hex_real                          0x080079e1   Thumb Code     4  scanf2.o(x$fpl$scanf2)
    _scanf_infnan                            0x080079e5   Thumb Code     4  scanf2.o(x$fpl$scanf2)
    __fpl_cmpreturn                          0x080079e9   Thumb Code    48  trapv.o(x$fpl$trapveneer)
    __I$use$fp                               0x08007a18   Number         0  usenofp.o(x$fpl$usenofp)
    defaultTask_attributes                   0x08007a18   Data          36  app_freertos.o(.constdata)
    UARTPrescTable                           0x08007a3c   Data          24  stm32g4xx_hal_uart.o(.constdata)
    AHBPrescTable                            0x08007a64   Data          16  system_stm32g4xx.o(.constdata)
    APBPrescTable                            0x08007a74   Data           8  system_stm32g4xx.o(.constdata)
    Region$$Table$$Base                      0x08007b4c   Number         0  anon$$obj.o(Region$$Table)
    Region$$Table$$Limit                     0x08007b6c   Number         0  anon$$obj.o(Region$$Table)
    __aeabi_HUGE_VAL                         0x08007b6c   Data           0  fpconst.o(c$$dinf)
    __aeabi_HUGE_VALL                        0x08007b6c   Data           0  fpconst.o(c$$dinf)
    __aeabi_INFINITY                         0x08007b6c   Data           0  fpconst.o(c$$dinf)
    __dInf                                   0x08007b6c   Data           0  fpconst.o(c$$dinf)
    __huge_val                               0x08007b6c   Data           0  fpconst.o(c$$dinf)
    __dbl_max                                0x08007b74   Data           0  fpconst.o(c$$dmax)
    __ctype                                  0x08007ba5   Data           0  lc_ctype_c.o(locale$$data)
    defaultTaskHandle                        0x20000000   Data           4  app_freertos.o(.data)
    uwTick                                   0x20000004   Data           4  stm32g4xx_hal.o(.data)
    uwTickPrio                               0x20000008   Data           4  stm32g4xx_hal.o(.data)
    uwTickFreq                               0x2000000c   Data           4  stm32g4xx_hal.o(.data)
    SystemCoreClock                          0x20000010   Data           4  system_stm32g4xx.o(.data)
    pxCurrentTCB                             0x20000014   Data           4  tasks.o(.data)
    commTaskHandle                           0x20000094   Data           4  usermain.o(.data)
    aRxBuffer                                0x20000098   Data           1  comm.o(.data)
    target                                   0x2000009c   Data           4  comm.o(.data)
    hi2c1                                    0x200000a0   Data          84  i2c.o(.bss)
    huart3                                   0x200000f4   Data         148  usart.o(.bss)
    xQueueRegistry                           0x20000188   Data          64  queue.o(.bss)
    rxUart                                   0x20001a5c   Data          18  comm.o(.bss)
    sendBuffer                               0x20001a6e   Data          15  comm.o(.bss)
    __libspace_start                         0x20001a80   Data          96  libspace.o(.bss)
    __temporary_stack_top$libspace           0x20001ae0   Data           0  libspace.o(.bss)



==============================================================================

Memory Map of the image

  Image Entry point : 0x080001d9

  Load Region LR_IROM1 (Base: 0x08000000, Size: 0x00007d48, Max: 0x00020000, ABSOLUTE)

    Execution Region ER_IROM1 (Exec base: 0x08000000, Load base: 0x08000000, Size: 0x00007ca8, Max: 0x00020000, ABSOLUTE)

    Exec Addr    Load Addr    Size         Type   Attr      Idx    E Section Name        Object

    0x08000000   0x08000000   0x000001d8   Data   RO            3    RESET               startup_stm32g431xx.o
    0x080001d8   0x080001d8   0x00000008   Code   RO         5881  * !!!main             c_w.l(__main.o)
    0x080001e0   0x080001e0   0x00000034   Code   RO         6286    !!!scatter          c_w.l(__scatter.o)
    0x08000214   0x08000214   0x0000001a   Code   RO         6288    !!handler_copy      c_w.l(__scatter_copy.o)
    0x0800022e   0x0800022e   0x00000002   PAD
    0x08000230   0x08000230   0x0000001c   Code   RO         6290    !!handler_zi        c_w.l(__scatter_zi.o)
    0x0800024c   0x0800024c   0x00000000   Code   RO         5866    .ARM.Collect$$_printf_percent$$00000000  c_w.l(_printf_percent.o)
    0x0800024c   0x0800024c   0x00000006   Code   RO         5865    .ARM.Collect$$_printf_percent$$00000003  c_w.l(_printf_f.o)
    0x08000252   0x08000252   0x00000004   Code   RO         5942    .ARM.Collect$$_printf_percent$$00000017  c_w.l(_printf_percent_end.o)
    0x08000256   0x08000256   0x00000002   Code   RO         6067    .ARM.Collect$$libinit$$00000000  c_w.l(libinit.o)
    0x08000258   0x08000258   0x00000004   Code   RO         6068    .ARM.Collect$$libinit$$00000001  c_w.l(libinit2.o)
    0x0800025c   0x0800025c   0x00000000   Code   RO         6071    .ARM.Collect$$libinit$$00000004  c_w.l(libinit2.o)
    0x0800025c   0x0800025c   0x00000000   Code   RO         6074    .ARM.Collect$$libinit$$0000000A  c_w.l(libinit2.o)
    0x0800025c   0x0800025c   0x00000000   Code   RO         6076    .ARM.Collect$$libinit$$0000000C  c_w.l(libinit2.o)
    0x0800025c   0x0800025c   0x00000000   Code   RO         6078    .ARM.Collect$$libinit$$0000000E  c_w.l(libinit2.o)
    0x0800025c   0x0800025c   0x00000006   Code   RO         6079    .ARM.Collect$$libinit$$0000000F  c_w.l(libinit2.o)
    0x08000262   0x08000262   0x00000000   Code   RO         6081    .ARM.Collect$$libinit$$00000011  c_w.l(libinit2.o)
    0x08000262   0x08000262   0x0000000c   Code   RO         6082    .ARM.Collect$$libinit$$00000012  c_w.l(libinit2.o)
    0x0800026e   0x0800026e   0x00000000   Code   RO         6083    .ARM.Collect$$libinit$$00000013  c_w.l(libinit2.o)
    0x0800026e   0x0800026e   0x00000000   Code   RO         6085    .ARM.Collect$$libinit$$00000015  c_w.l(libinit2.o)
    0x0800026e   0x0800026e   0x0000000a   Code   RO         6086    .ARM.Collect$$libinit$$00000016  c_w.l(libinit2.o)
    0x08000278   0x08000278   0x00000000   Code   RO         6087    .ARM.Collect$$libinit$$00000017  c_w.l(libinit2.o)
    0x08000278   0x08000278   0x00000000   Code   RO         6089    .ARM.Collect$$libinit$$00000019  c_w.l(libinit2.o)
    0x08000278   0x08000278   0x00000000   Code   RO         6091    .ARM.Collect$$libinit$$0000001B  c_w.l(libinit2.o)
    0x08000278   0x08000278   0x00000000   Code   RO         6093    .ARM.Collect$$libinit$$0000001D  c_w.l(libinit2.o)
    0x08000278   0x08000278   0x00000000   Code   RO         6095    .ARM.Collect$$libinit$$0000001F  c_w.l(libinit2.o)
    0x08000278   0x08000278   0x00000000   Code   RO         6097    .ARM.Collect$$libinit$$00000021  c_w.l(libinit2.o)
    0x08000278   0x08000278   0x00000000   Code   RO         6099    .ARM.Collect$$libinit$$00000023  c_w.l(libinit2.o)
    0x08000278   0x08000278   0x00000000   Code   RO         6101    .ARM.Collect$$libinit$$00000025  c_w.l(libinit2.o)
    0x08000278   0x08000278   0x00000000   Code   RO         6105    .ARM.Collect$$libinit$$0000002C  c_w.l(libinit2.o)
    0x08000278   0x08000278   0x00000000   Code   RO         6107    .ARM.Collect$$libinit$$0000002E  c_w.l(libinit2.o)
    0x08000278   0x08000278   0x00000000   Code   RO         6109    .ARM.Collect$$libinit$$00000030  c_w.l(libinit2.o)
    0x08000278   0x08000278   0x00000000   Code   RO         6111    .ARM.Collect$$libinit$$00000032  c_w.l(libinit2.o)
    0x08000278   0x08000278   0x00000002   Code   RO         6112    .ARM.Collect$$libinit$$00000033  c_w.l(libinit2.o)
    0x0800027a   0x0800027a   0x00000002   Code   RO         6196    .ARM.Collect$$libshutdown$$00000000  c_w.l(libshutdown.o)
    0x0800027c   0x0800027c   0x00000000   Code   RO         6234    .ARM.Collect$$libshutdown$$00000002  c_w.l(libshutdown2.o)
    0x0800027c   0x0800027c   0x00000000   Code   RO         6236    .ARM.Collect$$libshutdown$$00000004  c_w.l(libshutdown2.o)
    0x0800027c   0x0800027c   0x00000000   Code   RO         6238    .ARM.Collect$$libshutdown$$00000006  c_w.l(libshutdown2.o)
    0x0800027c   0x0800027c   0x00000000   Code   RO         6241    .ARM.Collect$$libshutdown$$00000009  c_w.l(libshutdown2.o)
    0x0800027c   0x0800027c   0x00000000   Code   RO         6244    .ARM.Collect$$libshutdown$$0000000C  c_w.l(libshutdown2.o)
    0x0800027c   0x0800027c   0x00000000   Code   RO         6246    .ARM.Collect$$libshutdown$$0000000E  c_w.l(libshutdown2.o)
    0x0800027c   0x0800027c   0x00000000   Code   RO         6249    .ARM.Collect$$libshutdown$$00000011  c_w.l(libshutdown2.o)
    0x0800027c   0x0800027c   0x00000002   Code   RO         6250    .ARM.Collect$$libshutdown$$00000012  c_w.l(libshutdown2.o)
    0x0800027e   0x0800027e   0x00000000   Code   RO         5929    .ARM.Collect$$rtentry$$00000000  c_w.l(__rtentry.o)
    0x0800027e   0x0800027e   0x00000000   Code   RO         5975    .ARM.Collect$$rtentry$$00000002  c_w.l(__rtentry2.o)
    0x0800027e   0x0800027e   0x00000006   Code   RO         5987    .ARM.Collect$$rtentry$$00000004  c_w.l(__rtentry4.o)
    0x08000284   0x08000284   0x00000000   Code   RO         5977    .ARM.Collect$$rtentry$$00000009  c_w.l(__rtentry2.o)
    0x08000284   0x08000284   0x00000004   Code   RO         5978    .ARM.Collect$$rtentry$$0000000A  c_w.l(__rtentry2.o)
    0x08000288   0x08000288   0x00000000   Code   RO         5980    .ARM.Collect$$rtentry$$0000000C  c_w.l(__rtentry2.o)
    0x08000288   0x08000288   0x00000008   Code   RO         5981    .ARM.Collect$$rtentry$$0000000D  c_w.l(__rtentry2.o)
    0x08000290   0x08000290   0x00000002   Code   RO         6113    .ARM.Collect$$rtexit$$00000000  c_w.l(rtexit.o)
    0x08000292   0x08000292   0x00000000   Code   RO         6149    .ARM.Collect$$rtexit$$00000002  c_w.l(rtexit2.o)
    0x08000292   0x08000292   0x00000004   Code   RO         6150    .ARM.Collect$$rtexit$$00000003  c_w.l(rtexit2.o)
    0x08000296   0x08000296   0x00000006   Code   RO         6151    .ARM.Collect$$rtexit$$00000004  c_w.l(rtexit2.o)
    0x0800029c   0x0800029c   0x000000be   Code   RO         4892    .emb_text           port.o
    0x0800035a   0x0800035a   0x00000002   PAD
    0x0800035c   0x0800035c   0x00000040   Code   RO            4    .text               startup_stm32g431xx.o
    0x0800039c   0x0800039c   0x000000ee   Code   RO         5837    .text               c_w.l(lludivv7m.o)
    0x0800048a   0x0800048a   0x00000002   PAD
    0x0800048c   0x0800048c   0x00000028   Code   RO         5841    .text               c_w.l(noretval__2sprintf.o)
    0x080004b4   0x080004b4   0x0000010e   Code   RO         5853    .text               c_w.l(__printf_wp.o)
    0x080005c2   0x080005c2   0x0000008a   Code   RO         5867    .text               c_w.l(rt_memcpy_v6.o)
    0x0800064c   0x0800064c   0x00000064   Code   RO         5869    .text               c_w.l(rt_memcpy_w.o)
    0x080006b0   0x080006b0   0x00000010   Code   RO         5873    .text               c_w.l(aeabi_memset.o)
    0x080006c0   0x080006c0   0x00000044   Code   RO         5875    .text               c_w.l(rt_memclr.o)
    0x08000704   0x08000704   0x0000004e   Code   RO         5877    .text               c_w.l(rt_memclr_w.o)
    0x08000752   0x08000752   0x00000006   Code   RO         5879    .text               c_w.l(heapauxi.o)
    0x08000758   0x08000758   0x00000016   Code   RO         5934    .text               c_w.l(_rserrno.o)
    0x0800076e   0x0800076e   0x0000041e   Code   RO         5936    .text               c_w.l(_printf_fp_dec.o)
    0x08000b8c   0x08000b8c   0x00000030   Code   RO         5938    .text               c_w.l(_printf_char_common.o)
    0x08000bbc   0x08000bbc   0x0000000a   Code   RO         5940    .text               c_w.l(_sputc.o)
    0x08000bc6   0x08000bc6   0x00000002   PAD
    0x08000bc8   0x08000bc8   0x000000a4   Code   RO         5943    .text               c_w.l(strtod.o)
    0x08000c6c   0x08000c6c   0x00000008   Code   RO         5994    .text               c_w.l(rt_locale_intlibspace.o)
    0x08000c74   0x08000c74   0x00000008   Code   RO         5999    .text               c_w.l(rt_errno_addr_intlibspace.o)
    0x08000c7c   0x08000c7c   0x0000008a   Code   RO         6001    .text               c_w.l(lludiv10.o)
    0x08000d06   0x08000d06   0x00000012   Code   RO         6003    .text               c_w.l(isspace.o)
    0x08000d18   0x08000d18   0x00000080   Code   RO         6005    .text               c_w.l(_printf_fp_infnan.o)
    0x08000d98   0x08000d98   0x00000040   Code   RO         6009    .text               c_w.l(_sgetc.o)
    0x08000dd8   0x08000dd8   0x000000e4   Code   RO         6011    .text               c_w.l(bigflt0.o)
    0x08000ebc   0x08000ebc   0x00000008   Code   RO         6045    .text               c_w.l(libspace.o)
    0x08000ec4   0x08000ec4   0x0000004a   Code   RO         6048    .text               c_w.l(sys_stackheap_outer.o)
    0x08000f0e   0x08000f0e   0x00000002   PAD
    0x08000f10   0x08000f10   0x00000010   Code   RO         6050    .text               c_w.l(rt_ctype_table.o)
    0x08000f20   0x08000f20   0x000004f8   Code   RO         6052    .text               c_w.l(scanf_fp.o)
    0x08001418   0x08001418   0x00000012   Code   RO         6054    .text               c_w.l(exit.o)
    0x0800142a   0x0800142a   0x00000002   PAD
    0x0800142c   0x0800142c   0x00000080   Code   RO         6060    .text               c_w.l(strcmpv7m.o)
    0x080014ac   0x080014ac   0x0000000c   Code   RO         6146    .text               c_w.l(sys_exit.o)
    0x080014b8   0x080014b8   0x00000320   Code   RO         6155    .text               c_w.l(scanf_hexfp.o)
    0x080017d8   0x080017d8   0x00000134   Code   RO         6157    .text               c_w.l(scanf_infnan.o)
    0x0800190c   0x0800190c   0x00000002   Code   RO         6179    .text               c_w.l(use_no_semi.o)
    0x0800190e   0x0800190e   0x00000000   Code   RO         6181    .text               c_w.l(indicate_semi.o)
    0x0800190e   0x0800190e   0x00000026   Code   RO         6184    .text               c_w.l(llshl.o)
    0x08001934   0x08001934   0x0000001c   Code   RO         6186    .text               c_w.l(_chval.o)
    0x08001950   0x08001950   0x0000003e   Code   RO         6014    CL$$btod_d2e        c_w.l(btod.o)
    0x0800198e   0x0800198e   0x00000046   Code   RO         6016    CL$$btod_d2e_denorm_low  c_w.l(btod.o)
    0x080019d4   0x080019d4   0x00000060   Code   RO         6015    CL$$btod_d2e_norm_op1  c_w.l(btod.o)
    0x08001a34   0x08001a34   0x00000338   Code   RO         6024    CL$$btod_div_common  c_w.l(btod.o)
    0x08001d6c   0x08001d6c   0x00000084   Code   RO         6022    CL$$btod_e2d        c_w.l(btod.o)
    0x08001df0   0x08001df0   0x000000dc   Code   RO         6021    CL$$btod_e2e        c_w.l(btod.o)
    0x08001ecc   0x08001ecc   0x0000002a   Code   RO         6018    CL$$btod_ediv       c_w.l(btod.o)
    0x08001ef6   0x08001ef6   0x0000002a   Code   RO         6020    CL$$btod_edivd      c_w.l(btod.o)
    0x08001f20   0x08001f20   0x0000002a   Code   RO         6017    CL$$btod_emul       c_w.l(btod.o)
    0x08001f4a   0x08001f4a   0x0000002a   Code   RO         6019    CL$$btod_emuld      c_w.l(btod.o)
    0x08001f74   0x08001f74   0x00000244   Code   RO         6023    CL$$btod_mult_common  c_w.l(btod.o)
    0x080021b8   0x080021b8   0x00000004   Code   RO          370    i.BusFault_Handler  stm32g4xx_it.o
    0x080021bc   0x080021bc   0x00000002   Code   RO          371    i.DebugMon_Handler  stm32g4xx_it.o
    0x080021be   0x080021be   0x00000006   Code   RO           13    i.Error_Handler     main.o
    0x080021c4   0x080021c4   0x00000076   Code   RO         1378    i.HAL_DMA_Abort     stm32g4xx_hal_dma.o
    0x0800223a   0x0800223a   0x00000094   Code   RO         1379    i.HAL_DMA_Abort_IT  stm32g4xx_hal_dma.o
    0x080022ce   0x080022ce   0x00000002   PAD
    0x080022d0   0x080022d0   0x000001cc   Code   RO         1240    i.HAL_GPIO_Init     stm32g4xx_hal_gpio.o
    0x0800249c   0x0800249c   0x0000000c   Code   RO          475    i.HAL_GetTick       stm32g4xx_hal.o
    0x080024a8   0x080024a8   0x0000006a   Code   RO         2494    i.HAL_I2CEx_ConfigAnalogFilter  stm32g4xx_hal_i2c_ex.o
    0x08002512   0x08002512   0x00000068   Code   RO         2495    i.HAL_I2CEx_ConfigDigitalFilter  stm32g4xx_hal_i2c_ex.o
    0x0800257a   0x0800257a   0x00000002   PAD
    0x0800257c   0x0800257c   0x000000d8   Code   RO         2033    i.HAL_I2C_Init      stm32g4xx_hal_i2c.o
    0x08002654   0x08002654   0x000000d0   Code   RO          287    i.HAL_I2C_MspInit   i2c.o
    0x08002724   0x08002724   0x00000018   Code   RO          481    i.HAL_IncTick       stm32g4xx_hal.o
    0x0800273c   0x0800273c   0x0000001e   Code   RO          482    i.HAL_Init          stm32g4xx_hal.o
    0x0800275a   0x0800275a   0x00000002   PAD
    0x0800275c   0x0800275c   0x00000058   Code   RO          483    i.HAL_InitTick      stm32g4xx_hal.o
    0x080027b4   0x080027b4   0x0000004c   Code   RO          440    i.HAL_MspInit       stm32g4xx_hal_msp.o
    0x08002800   0x08002800   0x00000028   Code   RO         1887    i.HAL_NVIC_EnableIRQ  stm32g4xx_hal_cortex.o
    0x08002828   0x08002828   0x0000007a   Code   RO         1893    i.HAL_NVIC_SetPriority  stm32g4xx_hal_cortex.o
    0x080028a2   0x080028a2   0x00000002   PAD
    0x080028a4   0x080028a4   0x00000028   Code   RO         1894    i.HAL_NVIC_SetPriorityGrouping  stm32g4xx_hal_cortex.o
    0x080028cc   0x080028cc   0x00000118   Code   RO         1643    i.HAL_PWREx_ControlVoltageScaling  stm32g4xx_hal_pwr_ex.o
    0x080029e4   0x080029e4   0x00000014   Code   RO         1655    i.HAL_PWREx_DisableUCPDDeadBattery  stm32g4xx_hal_pwr_ex.o
    0x080029f8   0x080029f8   0x00000370   Code   RO          847    i.HAL_RCCEx_PeriphCLKConfig  stm32g4xx_hal_rcc_ex.o
    0x08002d68   0x08002d68   0x00000224   Code   RO          717    i.HAL_RCC_ClockConfig  stm32g4xx_hal_rcc.o
    0x08002f8c   0x08002f8c   0x0000000c   Code   RO          723    i.HAL_RCC_GetHCLKFreq  stm32g4xx_hal_rcc.o
    0x08002f98   0x08002f98   0x00000024   Code   RO          725    i.HAL_RCC_GetPCLK1Freq  stm32g4xx_hal_rcc.o
    0x08002fbc   0x08002fbc   0x00000024   Code   RO          726    i.HAL_RCC_GetPCLK2Freq  stm32g4xx_hal_rcc.o
    0x08002fe0   0x08002fe0   0x00000098   Code   RO          727    i.HAL_RCC_GetSysClockFreq  stm32g4xx_hal_rcc.o
    0x08003078   0x08003078   0x0000055c   Code   RO          730    i.HAL_RCC_OscConfig  stm32g4xx_hal_rcc.o
    0x080035d4   0x080035d4   0x00000034   Code   RO         1898    i.HAL_SYSTICK_Config  stm32g4xx_hal_cortex.o
    0x08003608   0x08003608   0x0000004e   Code   RO         3009    i.HAL_UARTEx_DisableFifoMode  stm32g4xx_hal_uart_ex.o
    0x08003656   0x08003656   0x00000002   Code   RO         2593    i.HAL_UARTEx_RxEventCallback  stm32g4xx_hal_uart.o
    0x08003658   0x08003658   0x00000002   Code   RO         3017    i.HAL_UARTEx_RxFifoFullCallback  stm32g4xx_hal_uart_ex.o
    0x0800365a   0x0800365a   0x0000005e   Code   RO         3018    i.HAL_UARTEx_SetRxFifoThreshold  stm32g4xx_hal_uart_ex.o
    0x080036b8   0x080036b8   0x0000005e   Code   RO         3019    i.HAL_UARTEx_SetTxFifoThreshold  stm32g4xx_hal_uart_ex.o
    0x08003716   0x08003716   0x00000002   Code   RO         3021    i.HAL_UARTEx_TxFifoEmptyCallback  stm32g4xx_hal_uart_ex.o
    0x08003718   0x08003718   0x00000002   Code   RO         3022    i.HAL_UARTEx_WakeupCallback  stm32g4xx_hal_uart_ex.o
    0x0800371a   0x0800371a   0x00000002   Code   RO         2609    i.HAL_UART_ErrorCallback  stm32g4xx_hal_uart.o
    0x0800371c   0x0800371c   0x000003a4   Code   RO         2612    i.HAL_UART_IRQHandler  stm32g4xx_hal_uart.o
    0x08003ac0   0x08003ac0   0x00000078   Code   RO         2613    i.HAL_UART_Init     stm32g4xx_hal_uart.o
    0x08003b38   0x08003b38   0x000000a4   Code   RO          329    i.HAL_UART_MspInit  usart.o
    0x08003bdc   0x08003bdc   0x0000005c   Code   RO         2618    i.HAL_UART_Receive_IT  stm32g4xx_hal_uart.o
    0x08003c38   0x08003c38   0x0000002c   Code   RO         5166    i.HAL_UART_RxCpltCallback  comm.o
    0x08003c64   0x08003c64   0x000000c2   Code   RO         2622    i.HAL_UART_Transmit  stm32g4xx_hal_uart.o
    0x08003d26   0x08003d26   0x00000002   Code   RO         2625    i.HAL_UART_TxCpltCallback  stm32g4xx_hal_uart.o
    0x08003d28   0x08003d28   0x00000004   Code   RO          372    i.HardFault_Handler  stm32g4xx_it.o
    0x08003d2c   0x08003d2c   0x00000020   Code   RO          243    i.MX_FREERTOS_Init  app_freertos.o
    0x08003d4c   0x08003d4c   0x00000058   Code   RO          219    i.MX_GPIO_Init      gpio.o
    0x08003da4   0x08003da4   0x00000058   Code   RO          288    i.MX_I2C1_Init      i2c.o
    0x08003dfc   0x08003dfc   0x0000006c   Code   RO          330    i.MX_USART3_UART_Init  usart.o
    0x08003e68   0x08003e68   0x00000004   Code   RO          373    i.MemManage_Handler  stm32g4xx_it.o
    0x08003e6c   0x08003e6c   0x00000004   Code   RO          374    i.NMI_Handler       stm32g4xx_it.o
    0x08003e70   0x08003e70   0x00000068   Code   RO          731    i.RCC_GetSysClockFreqFromPLLSource  stm32g4xx_hal_rcc.o
    0x08003ed8   0x08003ed8   0x00000018   Code   RO          244    i.StartDefaultTask  app_freertos.o
    0x08003ef0   0x08003ef0   0x00000014   Code   RO          375    i.SysTick_Handler   stm32g4xx_it.o
    0x08003f04   0x08003f04   0x0000006c   Code   RO           14    i.SystemClock_Config  main.o
    0x08003f70   0x08003f70   0x00000014   Code   RO         3133    i.SystemInit        system_stm32g4xx.o
    0x08003f84   0x08003f84   0x00000058   Code   RO         3023    i.UARTEx_SetNbDataToProcess  stm32g4xx_hal_uart_ex.o
    0x08003fdc   0x08003fdc   0x000000f8   Code   RO         2627    i.UART_AdvFeatureConfig  stm32g4xx_hal_uart.o
    0x080040d4   0x080040d4   0x000000ea   Code   RO         2628    i.UART_CheckIdleState  stm32g4xx_hal_uart.o
    0x080041be   0x080041be   0x00000018   Code   RO         2629    i.UART_DMAAbortOnError  stm32g4xx_hal_uart.o
    0x080041d6   0x080041d6   0x00000002   PAD
    0x080041d8   0x080041d8   0x0000006c   Code   RO         2639    i.UART_EndRxTransfer  stm32g4xx_hal_uart.o
    0x08004244   0x08004244   0x00000030   Code   RO         2640    i.UART_EndTransmit_IT  stm32g4xx_hal_uart.o
    0x08004274   0x08004274   0x00000104   Code   RO         2642    i.UART_RxISR_16BIT  stm32g4xx_hal_uart.o
    0x08004378   0x08004378   0x000001fc   Code   RO         2643    i.UART_RxISR_16BIT_FIFOEN  stm32g4xx_hal_uart.o
    0x08004574   0x08004574   0x00000104   Code   RO         2644    i.UART_RxISR_8BIT   stm32g4xx_hal_uart.o
    0x08004678   0x08004678   0x000001f8   Code   RO         2645    i.UART_RxISR_8BIT_FIFOEN  stm32g4xx_hal_uart.o
    0x08004870   0x08004870   0x00000384   Code   RO         2646    i.UART_SetConfig    stm32g4xx_hal_uart.o
    0x08004bf4   0x08004bf4   0x0000015c   Code   RO         2648    i.UART_Start_Receive_IT  stm32g4xx_hal_uart.o
    0x08004d50   0x08004d50   0x000000ac   Code   RO         2653    i.UART_WaitOnFlagUntilTimeout  stm32g4xx_hal_uart.o
    0x08004dfc   0x08004dfc   0x00000010   Code   RO          376    i.USART3_IRQHandler  stm32g4xx_it.o
    0x08004e0c   0x08004e0c   0x00000004   Code   RO          377    i.UsageFault_Handler  stm32g4xx_it.o
    0x08004e10   0x08004e10   0x00000014   Code   RO         4972    i._Z17communicationLoopPv  usermain.o
    0x08004e24   0x08004e24   0x00000058   Code   RO         5167    i._Z7uartRcvc       comm.o
    0x08004e7c   0x08004e7c   0x00000030   Code   RO         6043    i.__ARM_fpclassify  m_wm.l(fpclassify.o)
    0x08004eac   0x08004eac   0x00000010   Code   RO         1900    i.__NVIC_GetPriorityGrouping  stm32g4xx_hal_cortex.o
    0x08004ebc   0x08004ebc   0x00000028   Code   RO         1901    i.__NVIC_SetPriority  stm32g4xx_hal_cortex.o
    0x08004ee4   0x08004ee4   0x00000006   Code   RO         4314    i.__get_IPSR        cmsis_os2.o
    0x08004eea   0x08004eea   0x00000006   PAD
    0x08004ef0   0x08004ef0   0x000000f8   Code   RO         6138    i.__hardfp___mathlib_tofloat  m_wm.l(narrow.o)
    0x08004fe8   0x08004fe8   0x00000038   Code   RO         5905    i.__hardfp_atof     m_wm.l(atof.o)
    0x08005020   0x08005020   0x000000d0   Code   RO         6201    i.__hardfp_ldexp    m_wm.l(ldexp.o)
    0x080050f0   0x080050f0   0x00000020   Code   RO         6257    i.__mathlib_dbl_overflow  m_wm.l(dunder.o)
    0x08005110   0x08005110   0x00000020   Code   RO         6259    i.__mathlib_dbl_underflow  m_wm.l(dunder.o)
    0x08005130   0x08005130   0x00000012   Code   RO         6139    i.__mathlib_narrow  m_wm.l(narrow.o)
    0x08005142   0x08005142   0x00000014   Code   RO         6203    i.__support_ldexp   m_wm.l(ldexp.o)
    0x08005156   0x08005156   0x0000000e   Code   RO         5855    i._is_digit         c_w.l(__printf_wp.o)
    0x08005164   0x08005164   0x000000c0   Code   RO         5168    i.commander_run     comm.o
    0x08005224   0x08005224   0x00000004   PAD
    0x08005228   0x08005228   0x0000008c   Code   RO         6171    i.frexp             m_wm.l(frexp.o)
    0x080052b4   0x080052b4   0x00000038   Code   RO           15    i.main              main.o
    0x080052ec   0x080052ec   0x0000001e   Code   RO         4315    i.osDelay           cmsis_os2.o
    0x0800530a   0x0800530a   0x00000002   PAD
    0x0800530c   0x0800530c   0x0000002c   Code   RO         4329    i.osKernelInitialize  cmsis_os2.o
    0x08005338   0x08005338   0x00000060   Code   RO         4332    i.osKernelStart     cmsis_os2.o
    0x08005398   0x08005398   0x000000b8   Code   RO         4374    i.osThreadNew       cmsis_os2.o
    0x08005450   0x08005450   0x00000028   Code   RO         5169    i.printLog          comm.o
    0x08005478   0x08005478   0x0000007c   Code   RO         3750    i.prvAddCurrentTaskToDelayedList  tasks.o
    0x080054f4   0x080054f4   0x000000b8   Code   RO         3751    i.prvAddNewTaskToReadyList  tasks.o
    0x080055ac   0x080055ac   0x00000074   Code   RO         4126    i.prvCheckForValidListAndQueue  timers.o
    0x08005620   0x08005620   0x00000048   Code   RO         3752    i.prvCheckTasksWaitingTermination  tasks.o
    0x08005668   0x08005668   0x0000002a   Code   RO         3337    i.prvCopyDataFromQueue  queue.o
    0x08005692   0x08005692   0x0000007e   Code   RO         3338    i.prvCopyDataToQueue  queue.o
    0x08005710   0x08005710   0x00000050   Code   RO         3753    i.prvDeleteTCB      tasks.o
    0x08005760   0x08005760   0x00000028   Code   RO         4127    i.prvGetNextExpireTime  timers.o
    0x08005788   0x08005788   0x0000007c   Code   RO         4837    i.prvHeapInit       heap_4.o
    0x08005804   0x08005804   0x00000028   Code   RO         3754    i.prvIdleTask       tasks.o
    0x0800582c   0x0800582c   0x0000002a   Code   RO         3341    i.prvInitialiseNewQueue  queue.o
    0x08005856   0x08005856   0x000000be   Code   RO         3755    i.prvInitialiseNewTask  tasks.o
    0x08005914   0x08005914   0x00000068   Code   RO         3756    i.prvInitialiseTaskLists  tasks.o
    0x0800597c   0x0800597c   0x00000068   Code   RO         4838    i.prvInsertBlockIntoFreeList  heap_4.o
    0x080059e4   0x080059e4   0x00000058   Code   RO         4129    i.prvInsertTimerInActiveList  timers.o
    0x08005a3c   0x08005a3c   0x0000001a   Code   RO         3342    i.prvIsQueueEmpty   queue.o
    0x08005a56   0x08005a56   0x0000001e   Code   RO         3343    i.prvIsQueueFull    queue.o
    0x08005a74   0x08005a74   0x00000074   Code   RO         4130    i.prvProcessExpiredTimer  timers.o
    0x08005ae8   0x08005ae8   0x00000164   Code   RO         4131    i.prvProcessReceivedCommands  timers.o
    0x08005c4c   0x08005c4c   0x00000074   Code   RO         4132    i.prvProcessTimerOrBlockTask  timers.o
    0x08005cc0   0x08005cc0   0x00000034   Code   RO         3758    i.prvResetNextTaskUnblockTime  tasks.o
    0x08005cf4   0x08005cf4   0x0000002c   Code   RO         4133    i.prvSampleTimeNow  timers.o
    0x08005d20   0x08005d20   0x000000a4   Code   RO         4134    i.prvSwitchTimerLists  timers.o
    0x08005dc4   0x08005dc4   0x00000040   Code   RO         4893    i.prvTaskExitError  port.o
    0x08005e04   0x08005e04   0x0000001a   Code   RO         4135    i.prvTimerTask      timers.o
    0x08005e1e   0x08005e1e   0x0000007e   Code   RO         3344    i.prvUnlockQueue    queue.o
    0x08005e9c   0x08005e9c   0x0000014c   Code   RO         4839    i.pvPortMalloc      heap_4.o
    0x08005fe8   0x08005fe8   0x0000002c   Code   RO         4894    i.pxPortInitialiseStack  port.o
    0x08006014   0x08006014   0x0000002c   Code   RO         4973    i.userMain          usermain.o
    0x08006040   0x08006040   0x00000028   Code   RO         3297    i.uxListRemove      list.o
    0x08006068   0x08006068   0x00000018   Code   RO         4386    i.vApplicationGetIdleTaskMemory  cmsis_os2.o
    0x08006080   0x08006080   0x00000018   Code   RO         4387    i.vApplicationGetTimerTaskMemory  cmsis_os2.o
    0x08006098   0x08006098   0x0000001a   Code   RO         3298    i.vListInitialise   list.o
    0x080060b2   0x080060b2   0x00000006   Code   RO         3299    i.vListInitialiseItem  list.o
    0x080060b8   0x080060b8   0x00000034   Code   RO         3300    i.vListInsert       list.o
    0x080060ec   0x080060ec   0x00000018   Code   RO         3301    i.vListInsertEnd    list.o
    0x08006104   0x08006104   0x00000054   Code   RO         4896    i.vPortEnterCritical  port.o
    0x08006158   0x08006158   0x0000003c   Code   RO         4897    i.vPortExitCritical  port.o
    0x08006194   0x08006194   0x000000a4   Code   RO         4840    i.vPortFree         heap_4.o
    0x08006238   0x08006238   0x00000028   Code   RO         4898    i.vPortSetupTimerInterrupt  port.o
    0x08006260   0x08006260   0x00000078   Code   RO         4899    i.vPortValidateInterruptPriority  port.o
    0x080062d8   0x080062d8   0x0000002c   Code   RO         3350    i.vQueueAddToRegistry  queue.o
    0x08006304   0x08006304   0x0000004a   Code   RO         3354    i.vQueueWaitForMessageRestricted  queue.o
    0x0800634e   0x0800634e   0x00000002   PAD
    0x08006350   0x08006350   0x0000005c   Code   RO         3771    i.vTaskDelay        tasks.o
    0x080063ac   0x080063ac   0x000000c8   Code   RO         3773    i.vTaskDelete       tasks.o
    0x08006474   0x08006474   0x00000018   Code   RO         3776    i.vTaskInternalSetTimeOutState  tasks.o
    0x0800648c   0x0800648c   0x0000000c   Code   RO         3777    i.vTaskMissedYield  tasks.o
    0x08006498   0x08006498   0x00000038   Code   RO         3779    i.vTaskPlaceOnEventList  tasks.o
    0x080064d0   0x080064d0   0x00000040   Code   RO         3780    i.vTaskPlaceOnEventListRestricted  tasks.o
    0x08006510   0x08006510   0x000000b8   Code   RO         3788    i.vTaskStartScheduler  tasks.o
    0x080065c8   0x080065c8   0x00000010   Code   RO         3790    i.vTaskSuspendAll   tasks.o
    0x080065d8   0x080065d8   0x00000090   Code   RO         3791    i.vTaskSwitchContext  tasks.o
    0x08006668   0x08006668   0x00000168   Code   RO         4900    i.xPortStartScheduler  port.o
    0x080067d0   0x080067d0   0x00000034   Code   RO         4901    i.xPortSysTickHandler  port.o
    0x08006804   0x08006804   0x000000e0   Code   RO         3360    i.xQueueGenericCreateStatic  queue.o
    0x080068e4   0x080068e4   0x00000098   Code   RO         3361    i.xQueueGenericReset  queue.o
    0x0800697c   0x0800697c   0x000001a8   Code   RO         3362    i.xQueueGenericSend  queue.o
    0x08006b24   0x08006b24   0x000000fc   Code   RO         3363    i.xQueueGenericSendFromISR  queue.o
    0x08006c20   0x08006c20   0x00000168   Code   RO         3372    i.xQueueReceive     queue.o
    0x08006d88   0x08006d88   0x0000008c   Code   RO         3793    i.xTaskCheckForTimeOut  tasks.o
    0x08006e14   0x08006e14   0x00000064   Code   RO         3794    i.xTaskCreate       tasks.o
    0x08006e78   0x08006e78   0x000000ba   Code   RO         3795    i.xTaskCreateStatic  tasks.o
    0x08006f32   0x08006f32   0x00000002   PAD
    0x08006f34   0x08006f34   0x00000020   Code   RO         3799    i.xTaskGetSchedulerState  tasks.o
    0x08006f54   0x08006f54   0x0000000c   Code   RO         3800    i.xTaskGetTickCount  tasks.o
    0x08006f60   0x08006f60   0x00000144   Code   RO         3802    i.xTaskIncrementTick  tasks.o
    0x080070a4   0x080070a4   0x000000a4   Code   RO         3805    i.xTaskPriorityDisinherit  tasks.o
    0x08007148   0x08007148   0x00000098   Code   RO         3807    i.xTaskRemoveFromEventList  tasks.o
    0x080071e0   0x080071e0   0x00000104   Code   RO         3808    i.xTaskResumeAll    tasks.o
    0x080072e4   0x080072e4   0x00000078   Code   RO         4144    i.xTimerCreateTimerTask  timers.o
    0x0800735c   0x0800735c   0x00000084   Code   RO         4145    i.xTimerGenericCommand  timers.o
    0x080073e0   0x080073e0   0x0000002c   Code   RO         6037    locale$$code        c_w.l(lc_numeric_c.o)
    0x0800740c   0x0800740c   0x0000002c   Code   RO         6118    locale$$code        c_w.l(lc_ctype_c.o)
    0x08007438   0x08007438   0x00000062   Code   RO         5883    x$fpl$d2f           fz_wm.l(d2f.o)
    0x0800749a   0x0800749a   0x00000002   PAD
    0x0800749c   0x0800749c   0x00000010   Code   RO         6274    x$fpl$dcheck1       fz_wm.l(dcheck1.o)
    0x080074ac   0x080074ac   0x00000018   Code   RO         5945    x$fpl$dcmpinf       fz_wm.l(dcmpi.o)
    0x080074c4   0x080074c4   0x00000078   Code   RO         5885    x$fpl$deqf          fz_wm.l(deqf.o)
    0x0800753c   0x0800753c   0x00000078   Code   RO         6197    x$fpl$dleqf         fz_wm.l(dleqf.o)
    0x080075b4   0x080075b4   0x00000154   Code   RO         6199    x$fpl$dmul          fz_wm.l(dmul.o)
    0x08007708   0x08007708   0x0000009c   Code   RO         5947    x$fpl$dnaninf       fz_wm.l(dnaninf.o)
    0x080077a4   0x080077a4   0x0000000c   Code   RO         5949    x$fpl$dretinf       fz_wm.l(dretinf.o)
    0x080077b0   0x080077b0   0x0000006c   Code   RO         6167    x$fpl$drleqf        fz_wm.l(drleqf.o)
    0x0800781c   0x0800781c   0x00000056   Code   RO         5887    x$fpl$f2d           fz_wm.l(f2d.o)
    0x08007872   0x08007872   0x0000008c   Code   RO         5951    x$fpl$fnaninf       fz_wm.l(fnaninf.o)
    0x080078fe   0x080078fe   0x0000000a   Code   RO         6130    x$fpl$fpinit        fz_wm.l(fpinit.o)
    0x08007908   0x08007908   0x0000000a   Code   RO         5955    x$fpl$fretinf       fz_wm.l(fretinf.o)
    0x08007912   0x08007912   0x00000006   Code   RO         6039    x$fpl$ieeestatus    fz_wm.l(istatus.o)
    0x08007918   0x08007918   0x00000004   Code   RO         5891    x$fpl$printf1       fz_wm.l(printf1.o)
    0x0800791c   0x0800791c   0x00000064   Code   RO         6280    x$fpl$retnan        fz_wm.l(retnan.o)
    0x08007980   0x08007980   0x0000005c   Code   RO         6251    x$fpl$scalbn        fz_wm.l(scalbn.o)
    0x080079dc   0x080079dc   0x00000004   Code   RO         6041    x$fpl$scanf1        fz_wm.l(scanf1.o)
    0x080079e0   0x080079e0   0x00000008   Code   RO         6132    x$fpl$scanf2        fz_wm.l(scanf2.o)
    0x080079e8   0x080079e8   0x00000030   Code   RO         6282    x$fpl$trapveneer    fz_wm.l(trapv.o)
    0x08007a18   0x08007a18   0x00000000   Code   RO         5957    x$fpl$usenofp       fz_wm.l(usenofp.o)
    0x08007a18   0x08007a18   0x00000024   Data   RO          245    .constdata          app_freertos.o
    0x08007a3c   0x08007a3c   0x00000018   Data   RO         2654    .constdata          stm32g4xx_hal_uart.o
    0x08007a54   0x08007a54   0x00000010   Data   RO         3025    .constdata          stm32g4xx_hal_uart_ex.o
    0x08007a64   0x08007a64   0x00000018   Data   RO         3134    .constdata          system_stm32g4xx.o
    0x08007a7c   0x08007a7c   0x00000024   Data   RO         4976    .constdata          usermain.o
    0x08007aa0   0x08007aa0   0x00000094   Data   RO         6012    .constdata          c_w.l(bigflt0.o)
    0x08007b34   0x08007b34   0x0000000c   Data   RO          246    .conststring        app_freertos.o
    0x08007b40   0x08007b40   0x00000009   Data   RO         4977    .conststring        usermain.o
    0x08007b49   0x08007b49   0x00000003   PAD
    0x08007b4c   0x08007b4c   0x00000020   Data   RO         6284    Region$$Table       anon$$obj.o
    0x08007b6c   0x08007b6c   0x00000008   Data   RO         6126    c$$dinf             fz_wm.l(fpconst.o)
    0x08007b74   0x08007b74   0x00000008   Data   RO         6129    c$$dmax             fz_wm.l(fpconst.o)
    0x08007b7c   0x08007b7c   0x0000001c   Data   RO         6036    locale$$data        c_w.l(lc_numeric_c.o)
    0x08007b98   0x08007b98   0x00000110   Data   RO         6117    locale$$data        c_w.l(lc_ctype_c.o)


    Execution Region RW_IRAM1 (Exec base: 0x20000000, Load base: 0x08007ca8, Size: 0x000020e0, Max: 0x00008000, ABSOLUTE)

    Exec Addr    Load Addr    Size         Type   Attr      Idx    E Section Name        Object

    0x20000000   0x08007ca8   0x00000004   Data   RW          247    .data               app_freertos.o
    0x20000004   0x08007cac   0x0000000c   Data   RW          502    .data               stm32g4xx_hal.o
    0x20000010   0x08007cb8   0x00000004   Data   RW         3135    .data               system_stm32g4xx.o
    0x20000014   0x08007cbc   0x0000003c   Data   RW         3811    .data               tasks.o
    0x20000050   0x08007cf8   0x00000014   Data   RW         4153    .data               timers.o
    0x20000064   0x08007d0c   0x00000004   Data   RW         4389    .data               cmsis_os2.o
    0x20000068   0x08007d10   0x00000020   Data   RW         4846    .data               heap_4.o
    0x20000088   0x08007d30   0x0000000c   Data   RW         4902    .data               port.o
    0x20000094   0x08007d3c   0x00000004   Data   RW         4978    .data               usermain.o
    0x20000098   0x08007d40   0x00000008   Data   RW         5175    .data               comm.o
    0x200000a0        -       0x00000054   Zero   RW          289    .bss                i2c.o
    0x200000f4        -       0x00000094   Zero   RW          331    .bss                usart.o
    0x20000188        -       0x00000040   Zero   RW         3376    .bss                queue.o
    0x200001c8        -       0x000004c4   Zero   RW         3810    .bss                tasks.o
    0x2000068c        -       0x00000118   Zero   RW         4152    .bss                timers.o
    0x200007a4        -       0x000006b8   Zero   RW         4388    .bss                cmsis_os2.o
    0x20000e5c        -       0x00000c00   Zero   RW         4845    .bss                heap_4.o
    0x20001a5c        -       0x00000021   Zero   RW         5174    .bss                comm.o
    0x20001a7d   0x08007d48   0x00000003   PAD
    0x20001a80        -       0x00000060   Zero   RW         6046    .bss                c_w.l(libspace.o)
    0x20001ae0        -       0x00000200   Zero   RW            2    HEAP                startup_stm32g431xx.o
    0x20001ce0        -       0x00000400   Zero   RW            1    STACK               startup_stm32g431xx.o


==============================================================================

Image component sizes


      Code (inc. data)   RO Data    RW Data    ZI Data      Debug   Object Name

        56         20         48          4          0       1825   app_freertos.o
       408         38          0          4       1720      64645   cmsis_os2.o
       364         80          0          8         33       3212   comm.o
         0          0          0          0          0      19488   event_groups.o
        88          4          0          0          0        851   gpio.o
       724         74          0         32       3072       4911   heap_4.o
       296         28          0          0         84       1817   i2c.o
       148          0          0          0          0       3610   list.o
       170         10          0          0          0     594573   main.o
      1014         92          0         12          0      11785   port.o
      1922         20          0          0         64      17520   queue.o
        64         26        472          0       1536        852   startup_stm32g431xx.o
       154         28          0         12          0       3729   stm32g4xx_hal.o
       310         22          0          0          0      34399   stm32g4xx_hal_cortex.o
       266          0          0          0          0       1791   stm32g4xx_hal_dma.o
       460         32          0          0          0       1416   stm32g4xx_hal_gpio.o
       216          4          0          0          0       2783   stm32g4xx_hal_i2c.o
       210          0          0          0          0       1971   stm32g4xx_hal_i2c_ex.o
        76          4          0          0          0        870   stm32g4xx_hal_msp.o
       300         18          0          0          0       1425   stm32g4xx_hal_pwr_ex.o
      2260        106          0          0          0       7312   stm32g4xx_hal_rcc.o
       880          8          0          0          0       1888   stm32g4xx_hal_rcc_ex.o
      4958        134         24          0          0      38042   stm32g4xx_hal_uart.o
       360         10         16          0          0       5498   stm32g4xx_hal_uart_ex.o
        58          6          0          0          0       3871   stm32g4xx_it.o
         0          0          0          0          0        392   stream_buffer.o
        20          6         24          4          0       1151   system_stm32g4xx.o
      3008        378          0         60       1220      28532   tasks.o
      1318        124          0         20        280      32991   timers.o
       272         22          0          0        148       1814   usart.o
        64         12         45          4          0     491625   usermain.o

    ----------------------------------------------------------------------
     20472       1310        664        160       8160    1386589   Object Totals
         0          0         32          0          0          0   (incl. Generated)
        28          4          3          0          3          0   (incl. Padding)

    ----------------------------------------------------------------------

      Code (inc. data)   RO Data    RW Data    ZI Data      Debug   Library Member Name

         8          0          0          0          0         68   __main.o
       284          0          0          0          0        156   __printf_wp.o
         0          0          0          0          0          0   __rtentry.o
        12          0          0          0          0          0   __rtentry2.o
         6          0          0          0          0          0   __rtentry4.o
        52          8          0          0          0          0   __scatter.o
        26          0          0          0          0          0   __scatter_copy.o
        28          0          0          0          0          0   __scatter_zi.o
        28          0          0          0          0         68   _chval.o
        48          6          0          0          0         96   _printf_char_common.o
         6          0          0          0          0          0   _printf_f.o
      1054          0          0          0          0        216   _printf_fp_dec.o
       128         16          0          0          0         84   _printf_fp_infnan.o
         0          0          0          0          0          0   _printf_percent.o
         4          0          0          0          0          0   _printf_percent_end.o
        22          0          0          0          0        100   _rserrno.o
        64          0          0          0          0         84   _sgetc.o
        10          0          0          0          0         68   _sputc.o
        16          0          0          0          0         68   aeabi_memset.o
       228          4        148          0          0         96   bigflt0.o
      2152        136          0          0          0        960   btod.o
        18          0          0          0          0         80   exit.o
         6          0          0          0          0        152   heapauxi.o
         0          0          0          0          0          0   indicate_semi.o
        18          0          0          0          0         76   isspace.o
        44         10        272          0          0         76   lc_ctype_c.o
        44         10         28          0          0         76   lc_numeric_c.o
         2          0          0          0          0          0   libinit.o
        34          0          0          0          0          0   libinit2.o
         2          0          0          0          0          0   libshutdown.o
         2          0          0          0          0          0   libshutdown2.o
         8          4          0          0         96         68   libspace.o
        38          0          0          0          0         68   llshl.o
       138          0          0          0          0         80   lludiv10.o
       238          0          0          0          0        100   lludivv7m.o
        40          6          0          0          0         84   noretval__2sprintf.o
        16          4          0          0          0         76   rt_ctype_table.o
         8          4          0          0          0         68   rt_errno_addr_intlibspace.o
         8          4          0          0          0         68   rt_locale_intlibspace.o
        68          0          0          0          0         68   rt_memclr.o
        78          0          0          0          0         80   rt_memclr_w.o
       138          0          0          0          0         68   rt_memcpy_v6.o
       100          0          0          0          0         80   rt_memcpy_w.o
         2          0          0          0          0          0   rtexit.o
        10          0          0          0          0          0   rtexit2.o
      1272         16          0          0          0        168   scanf_fp.o
       800         14          0          0          0        100   scanf_hexfp.o
       308         16          0          0          0        100   scanf_infnan.o
       128          0          0          0          0         68   strcmpv7m.o
       164         14          0          0          0        120   strtod.o
        12          4          0          0          0         68   sys_exit.o
        74          0          0          0          0         80   sys_stackheap_outer.o
         2          0          0          0          0         68   use_no_semi.o
        98          4          0          0          0        140   d2f.o
        16          4          0          0          0        116   dcheck1.o
        24          0          0          0          0        116   dcmpi.o
       120          4          0          0          0        140   deqf.o
       120          4          0          0          0        140   dleqf.o
       340         12          0          0          0        152   dmul.o
       156          4          0          0          0        140   dnaninf.o
        12          0          0          0          0        116   dretinf.o
       108          0          0          0          0        128   drleqf.o
        86          4          0          0          0        132   f2d.o
       140          4          0          0          0        132   fnaninf.o
         0          0         16          0          0          0   fpconst.o
        10          0          0          0          0        116   fpinit.o
        10          0          0          0          0        116   fretinf.o
         6          0          0          0          0        116   istatus.o
         4          0          0          0          0        116   printf1.o
       100          0          0          0          0        116   retnan.o
        92          0          0          0          0        116   scalbn.o
         4          0          0          0          0        116   scanf1.o
         8          0          0          0          0        132   scanf2.o
        48          0          0          0          0        116   trapv.o
         0          0          0          0          0          0   usenofp.o
        56         12          0          0          0        132   atof.o
        64         16          0          0          0        248   dunder.o
        48          0          0          0          0        124   fpclassify.o
       140         22          0          0          0        132   frexp.o
       228          8          0          0          0        308   ldexp.o
       266         16          0          0          0        308   narrow.o

    ----------------------------------------------------------------------
     10312        390        464          0         96       7968   Library Totals
        12          0          0          0          0          0   (incl. Padding)

    ----------------------------------------------------------------------

      Code (inc. data)   RO Data    RW Data    ZI Data      Debug   Library Name

      7996        276        448          0         96       4204   c_w.l
      1502         40         16          0          0       2512   fz_wm.l
       802         74          0          0          0       1252   m_wm.l

    ----------------------------------------------------------------------
     10312        390        464          0         96       7968   Library Totals

    ----------------------------------------------------------------------

==============================================================================


      Code (inc. data)   RO Data    RW Data    ZI Data      Debug   

     30784       1700       1128        160       8256    1374817   Grand Totals
     30784       1700       1128        160       8256    1374817   ELF Image Totals
     30784       1700       1128        160          0          0   ROM Totals

==============================================================================

    Total RO  Size (Code + RO Data)                31912 (  31.16kB)
    Total RW  Size (RW Data + ZI Data)              8416 (   8.22kB)
    Total ROM Size (Code + RO Data + RW Data)      32072 (  31.32kB)

==============================================================================

