<html>
<body>
<pre>
<h1>µVision Build Log</h1>
<h2>Tool Versions:</h2>
IDE-Version: ¦ÌVision V5.36.0.0
Copyright (C) 2021 ARM Ltd and ARM Germany GmbH. All rights reserved.
License Information: i 18575880679@163.com, d, LIC=8VRJ7-EBEEX-TGP7T-RDLR4-RY7SP-0MVZV
 
Tool Versions:
Toolchain:       MDK-ARM Plus  Version: 5.36.0.0
Toolchain Path:  C:\Keil_v5\ARM\ARMCC\Bin
C Compiler:      Armcc.exe V5.06 update 7 (build 960)
Assembler:       Armasm.exe V5.06 update 7 (build 960)
Linker/Locator:  ArmLink.exe V5.06 update 7 (build 960)
Library Manager: ArmAr.exe V5.06 update 7 (build 960)
Hex Converter:   FromElf.exe V5.06 update 7 (build 960)
CPU DLL:         SARMCM3.DLL V5.36.0.0
Dialog DLL:      DCM.DLL V1.17.3.0
Target DLL:      STLink\ST-LINKIII-KEIL_SWO.dll V3.0.9.0
Dialog DLL:      TCM.DLL V1.53.0.0
 
<h2>Project:</h2>
C:\Users\18575\Desktop\bldc\ref\5.SpeedLoop\10.FOC_template\STM32G4_FOC_template\MDK-ARM\STM32G4_GPIO.uvprojx
Project File Date:  01/12/2024

<h2>Output:</h2>
*** Using Compiler 'V5.06 update 7 (build 960)', folder: 'C:\Keil_v5\ARM\ARMCC\Bin'
Build target 'STM32G4_GPIO'
assembling startup_stm32g431xx.s...
compiling dma.c...
compiling gpio.c...
compiling dac.c...
compiling adc.c...
compiling main.c...
compiling comp.c...
compiling tim.c...
compiling fdcan.c...
compiling stm32g4xx_it.c...
compiling stm32g4xx_hal_msp.c...
compiling stm32g4xx_ll_adc.c...
compiling stm32g4xx_hal_adc.c...
compiling stm32g4xx_hal_adc_ex.c...
compiling stm32g4xx_hal_rcc.c...
compiling stm32g4xx_hal.c...
compiling stm32g4xx_hal_flash.c...
compiling stm32g4xx_hal_rcc_ex.c...
compiling usart.c...
compiling opamp.c...
compiling stm32g4xx_hal_flash_ramfunc.c...
compiling stm32g4xx_hal_gpio.c...
compiling stm32g4xx_hal_dma.c...
compiling stm32g4xx_hal_dma_ex.c...
compiling stm32g4xx_hal_exti.c...
compiling stm32g4xx_hal_pwr.c...
compiling stm32g4xx_hal_flash_ex.c...
compiling stm32g4xx_hal_cortex.c...
compiling stm32g4xx_hal_dac_ex.c...
compiling stm32g4xx_hal_comp.c...
compiling stm32g4xx_hal_pwr_ex.c...
compiling stm32g4xx_hal_dac.c...
compiling stm32g4xx_hal_fdcan.c...
compiling stm32g4xx_hal_opamp_ex.c...
compiling FOC_Model.c...
..\MATLAB\FOC_Model.c(208): warning:  #177-D: function "rtIsInf"  was declared but never referenced
  static boolean_T rtIsInf(real_T value)
..\MATLAB\FOC_Model.c(220): warning:  #177-D: function "rtIsNaN"  was declared but never referenced
  static boolean_T rtIsNaN(real_T value)
..\MATLAB\FOC_Model.c: 2 warnings, 0 errors
compiling stm32g4xx_hal_uart.c...
compiling stm32g4xx_hal_uart_ex.c...
compiling stm32g4xx_hal_tim_ex.c...
compiling stm32g4xx_hal_opamp.c...
compiling stm32g4xx_hal_tim.c...
compiling system_stm32g4xx.c...
linking...
Program Size: Code=31302 RO-data=622 RW-data=184 ZI-data=3088  
FromELF: creating hex file...
"STM32G4_GPIO\STM32G4_GPIO.axf" - 0 Error(s), 2 Warning(s).

<h2>Software Packages used:</h2>

Package Vendor: ARM
                http://www.keil.com/pack/ARM.CMSIS.5.8.0.pack
                ARM.CMSIS.5.8.0
                CMSIS (Common Microcontroller Software Interface Standard)
   * Component: CORE Version: 5.5.0

Package Vendor: Keil
                https://www.keil.com/pack/Keil.STM32G4xx_DFP.1.5.0.pack
                Keil.STM32G4xx_DFP.1.5.0
                STMicroelectronics STM32G4 Series Device Support, Drivers and Examples

<h2>Collection of Component include folders:</h2>
  .\RTE\_STM32G4_GPIO
  C:\Users\18575\AppData\Local\Arm\Packs\ARM\CMSIS\5.8.0\CMSIS\Core\Include
  C:\Users\18575\AppData\Local\Arm\Packs\Keil\STM32G4xx_DFP\1.5.0\Drivers\CMSIS\Device\ST\STM32G4xx\Include

<h2>Collection of Component Files used:</h2>

   * Component: ARM::CMSIS:CORE:5.5.0
      Include file:  CMSIS\Core\Include\tz_context.h
Build Time Elapsed:  00:02:29
</pre>
</body>
</html>
