Component: ARM Compiler 5.06 update 7 (build 960) Tool: armlink [4d3601]

==============================================================================

Section Cross References

    startup_stm32g431xx.o(RESET) refers to startup_stm32g431xx.o(STACK) for __initial_sp
    startup_stm32g431xx.o(RESET) refers to startup_stm32g431xx.o(.text) for Reset_Handler
    startup_stm32g431xx.o(RESET) refers to stm32g4xx_it.o(i.NMI_Handler) for NMI_Handler
    startup_stm32g431xx.o(RESET) refers to stm32g4xx_it.o(i.HardFault_Handler) for HardFault_Handler
    startup_stm32g431xx.o(RESET) refers to stm32g4xx_it.o(i.MemManage_Handler) for MemManage_Handler
    startup_stm32g431xx.o(RESET) refers to stm32g4xx_it.o(i.BusFault_Handler) for BusFault_Handler
    startup_stm32g431xx.o(RESET) refers to stm32g4xx_it.o(i.UsageFault_Handler) for UsageFault_Handler
    startup_stm32g431xx.o(RESET) refers to stm32g4xx_it.o(i.SVC_Handler) for SVC_Handler
    startup_stm32g431xx.o(RESET) refers to stm32g4xx_it.o(i.DebugMon_Handler) for DebugMon_Handler
    startup_stm32g431xx.o(RESET) refers to stm32g4xx_it.o(i.PendSV_Handler) for PendSV_Handler
    startup_stm32g431xx.o(RESET) refers to stm32g4xx_it.o(i.SysTick_Handler) for SysTick_Handler
    startup_stm32g431xx.o(RESET) refers to stm32g4xx_it.o(i.DMA1_Channel1_IRQHandler) for DMA1_Channel1_IRQHandler
    startup_stm32g431xx.o(RESET) refers to stm32g4xx_it.o(i.ADC1_2_IRQHandler) for ADC1_2_IRQHandler
    startup_stm32g431xx.o(RESET) refers to stm32g4xx_it.o(i.TIM1_BRK_TIM15_IRQHandler) for TIM1_BRK_TIM15_IRQHandler
    startup_stm32g431xx.o(RESET) refers to stm32g4xx_it.o(i.TIM1_UP_TIM16_IRQHandler) for TIM1_UP_TIM16_IRQHandler
    startup_stm32g431xx.o(RESET) refers to stm32g4xx_it.o(i.USART3_IRQHandler) for USART3_IRQHandler
    startup_stm32g431xx.o(RESET) refers to stm32g4xx_it.o(i.EXTI15_10_IRQHandler) for EXTI15_10_IRQHandler
    startup_stm32g431xx.o(.text) refers to system_stm32g4xx.o(i.SystemInit) for SystemInit
    startup_stm32g431xx.o(.text) refers to entry.o(.ARM.Collect$$$$00000000) for __main
    main.o(i.HAL_ADCEx_InjectedConvCpltCallback) refers to foc.o(i.FOC) for FOC
    main.o(i.HAL_ADCEx_InjectedConvCpltCallback) refers to memcpya.o(.text) for __aeabi_memcpy4
    main.o(i.HAL_ADCEx_InjectedConvCpltCallback) refers to stm32g4xx_hal_uart.o(i.HAL_UART_Transmit_DMA) for HAL_UART_Transmit_DMA
    main.o(i.HAL_ADCEx_InjectedConvCpltCallback) refers to adc.o(.bss) for hadc1
    main.o(i.HAL_ADCEx_InjectedConvCpltCallback) refers to main.o(.data) for .data
    main.o(i.HAL_ADCEx_InjectedConvCpltCallback) refers to main.o(.bss) for .bss
    main.o(i.HAL_ADCEx_InjectedConvCpltCallback) refers to usart.o(.bss) for huart3
    main.o(i.HAL_GPIO_EXTI_Callback) refers to stm32g4xx_hal_tim.o(i.HAL_TIM_PWM_Stop) for HAL_TIM_PWM_Stop
    main.o(i.HAL_GPIO_EXTI_Callback) refers to stm32g4xx_hal_tim_ex.o(i.HAL_TIMEx_PWMN_Stop) for HAL_TIMEx_PWMN_Stop
    main.o(i.HAL_GPIO_EXTI_Callback) refers to stm32g4xx_hal_tim.o(i.HAL_TIM_PWM_Start) for HAL_TIM_PWM_Start
    main.o(i.HAL_GPIO_EXTI_Callback) refers to stm32g4xx_hal_tim_ex.o(i.HAL_TIMEx_PWMN_Start) for HAL_TIMEx_PWMN_Start
    main.o(i.HAL_GPIO_EXTI_Callback) refers to tim.o(.bss) for htim1
    main.o(i.HAL_UART_RxCpltCallback) refers to memseta.o(.text) for __aeabi_memclr4
    main.o(i.HAL_UART_RxCpltCallback) refers to stm32g4xx_hal_uart.o(i.HAL_UART_Transmit) for HAL_UART_Transmit
    main.o(i.HAL_UART_RxCpltCallback) refers to stm32g4xx_hal_uart.o(i.HAL_UART_Receive_IT) for HAL_UART_Receive_IT
    main.o(i.HAL_UART_RxCpltCallback) refers to main.o(.data) for .data
    main.o(i.HAL_UART_RxCpltCallback) refers to main.o(.bss) for .bss
    main.o(i.HAL_UART_RxCpltCallback) refers to usart.o(.bss) for huart3
    main.o(i.SystemClock_Config) refers to memseta.o(.text) for __aeabi_memclr4
    main.o(i.SystemClock_Config) refers to stm32g4xx_hal_pwr_ex.o(i.HAL_PWREx_ControlVoltageScaling) for HAL_PWREx_ControlVoltageScaling
    main.o(i.SystemClock_Config) refers to stm32g4xx_hal_rcc.o(i.HAL_RCC_OscConfig) for HAL_RCC_OscConfig
    main.o(i.SystemClock_Config) refers to stm32g4xx_hal_rcc.o(i.HAL_RCC_ClockConfig) for HAL_RCC_ClockConfig
    main.o(i.main) refers to stm32g4xx_hal.o(i.HAL_Init) for HAL_Init
    main.o(i.main) refers to main.o(i.SystemClock_Config) for SystemClock_Config
    main.o(i.main) refers to gpio.o(i.MX_GPIO_Init) for MX_GPIO_Init
    main.o(i.main) refers to dma.o(i.MX_DMA_Init) for MX_DMA_Init
    main.o(i.main) refers to usart.o(i.MX_USART3_UART_Init) for MX_USART3_UART_Init
    main.o(i.main) refers to adc.o(i.MX_ADC1_Init) for MX_ADC1_Init
    main.o(i.main) refers to adc.o(i.MX_ADC2_Init) for MX_ADC2_Init
    main.o(i.main) refers to opamp.o(i.MX_OPAMP1_Init) for MX_OPAMP1_Init
    main.o(i.main) refers to opamp.o(i.MX_OPAMP2_Init) for MX_OPAMP2_Init
    main.o(i.main) refers to opamp.o(i.MX_OPAMP3_Init) for MX_OPAMP3_Init
    main.o(i.main) refers to tim.o(i.MX_TIM1_Init) for MX_TIM1_Init
[...]
    ..\Drivers\STM32G4xx_HAL_Driver\Src\stm32g4xx_hal_rcc.c 0x00000000   Number         0  stm32g4xx_hal_rcc.o ABSOLUTE
    ..\Drivers\STM32G4xx_HAL_Driver\Src\stm32g4xx_hal_rcc_ex.c 0x00000000   Number         0  stm32g4xx_hal_rcc_ex.o ABSOLUTE
    ..\Drivers\STM32G4xx_HAL_Driver\Src\stm32g4xx_hal_tim.c 0x00000000   Number         0  stm32g4xx_hal_tim.o ABSOLUTE
    ..\Drivers\STM32G4xx_HAL_Driver\Src\stm32g4xx_hal_tim_ex.c 0x00000000   Number         0  stm32g4xx_hal_tim_ex.o ABSOLUTE
    ..\Drivers\STM32G4xx_HAL_Driver\Src\stm32g4xx_hal_uart.c 0x00000000   Number         0  stm32g4xx_hal_uart.o ABSOLUTE
    ..\Drivers\STM32G4xx_HAL_Driver\Src\stm32g4xx_hal_uart_ex.c 0x00000000   Number         0  stm32g4xx_hal_uart_ex.o ABSOLUTE
    ..\User\foc.c                            0x00000000   Number         0  foc.o ABSOLUTE
    ..\\User\\foc.c                          0x00000000   Number         0  foc.o ABSOLUTE
    arm_common_tables.c                      0x00000000   Number         0  arm_common_tables.o ABSOLUTE
    arm_cos_f32.c                            0x00000000   Number         0  arm_cos_f32.o ABSOLUTE
    arm_sin_f32.c                            0x00000000   Number         0  arm_sin_f32.o ABSOLUTE
    cdcmple.s                                0x00000000   Number         0  cdcmple.o ABSOLUTE
    dc.s                                     0x00000000   Number         0  dc.o ABSOLUTE
    handlers.s                               0x00000000   Number         0  handlers.o ABSOLUTE
    init.s                                   0x00000000   Number         0  init.o ABSOLUTE
    startup_stm32g431xx.s                    0x00000000   Number         0  startup_stm32g431xx.o ABSOLUTE
    RESET                                    0x08000000   Section      472  startup_stm32g431xx.o(RESET)
    .ARM.Collect$$$$00000000                 0x080001d8   Section        0  entry.o(.ARM.Collect$$$$00000000)
    .ARM.Collect$$$$00000001                 0x080001d8   Section        4  entry2.o(.ARM.Collect$$$$00000001)
    .ARM.Collect$$$$00000004                 0x080001dc   Section        4  entry5.o(.ARM.Collect$$$$00000004)
    .ARM.Collect$$$$00000008                 0x080001e0   Section        0  entry7b.o(.ARM.Collect$$$$00000008)
    .ARM.Collect$$$$0000000A                 0x080001e0   Section        0  entry8b.o(.ARM.Collect$$$$0000000A)
    .ARM.Collect$$$$0000000B                 0x080001e0   Section        8  entry9a.o(.ARM.Collect$$$$0000000B)
    .ARM.Collect$$$$0000000E                 0x080001e8   Section        4  entry12b.o(.ARM.Collect$$$$0000000E)
    .ARM.Collect$$$$0000000F                 0x080001ec   Section        0  entry10a.o(.ARM.Collect$$$$0000000F)
    .ARM.Collect$$$$00000011                 0x080001ec   Section        0  entry11a.o(.ARM.Collect$$$$00000011)
    .ARM.Collect$$$$00002712                 0x080001ec   Section        4  entry2.o(.ARM.Collect$$$$00002712)
    __lit__00000000                          0x080001ec   Data           4  entry2.o(.ARM.Collect$$$$00002712)
    .text                                    0x080001f0   Section       36  startup_stm32g431xx.o(.text)
    $v0                                      0x080001f0   Number         0  startup_stm32g431xx.o(.text)
    .text                                    0x08000214   Section        0  uldiv.o(.text)
    .text                                    0x08000276   Section        0  memcpya.o(.text)
    .text                                    0x0800029a   Section        0  memseta.o(.text)
    .text                                    0x080002be   Section        0  dadd.o(.text)
    .text                                    0x0800040c   Section        0  dmul.o(.text)
    .text                                    0x080004f0   Section        0  ddiv.o(.text)
    .text                                    0x080005ce   Section        0  f2d.o(.text)
    .text                                    0x080005f4   Section        0  d2f.o(.text)
    .text                                    0x0800062c   Section        0  llshl.o(.text)
    .text                                    0x0800064a   Section        0  llushr.o(.text)
    .text                                    0x0800066a   Section        0  llsshr.o(.text)
    .text                                    0x0800068e   Section        0  fepilogue.o(.text)
    .text                                    0x0800068e   Section        0  iusefp.o(.text)
    .text                                    0x080006fc   Section        0  depilogue.o(.text)
    .text                                    0x080007b6   Section        0  dsqrt.o(.text)
    .text                                    0x08000858   Section       36  init.o(.text)
    [Anonymous Symbol]                       0x0800087c   Section        0  arm_cos_f32.o(.text.arm_cos_f32)
    [Anonymous Symbol]                       0x0800091c   Section        0  arm_sin_f32.o(.text.arm_sin_f32)
    i.ADC1_2_IRQHandler                      0x080009b4   Section        0  stm32g4xx_it.o(i.ADC1_2_IRQHandler)
    i.ADC_Disable                            0x080009d0   Section        0  stm32g4xx_hal_adc.o(i.ADC_Disable)
    i.ADC_Enable                             0x08000a40   Section        0  stm32g4xx_hal_adc.o(i.ADC_Enable)
    i.BusFault_Handler                       0x08000ab4   Section        0  stm32g4xx_it.o(i.BusFault_Handler)
    i.DMA1_Channel1_IRQHandler               0x08000ab8   Section        0  stm32g4xx_it.o(i.DMA1_Channel1_IRQHandler)
    i.DMA_CalcDMAMUXChannelBaseAndMask       0x08000ac4   Section        0  stm32g4xx_hal_dma.o(i.DMA_CalcDMAMUXChannelBaseAndMask)
    DMA_CalcDMAMUXChannelBaseAndMask         0x08000ac5   Thumb Code    54  stm32g4xx_hal_dma.o(i.DMA_CalcDMAMUXChannelBaseAndMask)
    i.DMA_CalcDMAMUXRequestGenBaseAndMask    0x08000b04   Section        0  stm32g4xx_hal_dma.o(i.DMA_CalcDMAMUXRequestGenBaseAndMask)
    DMA_CalcDMAMUXRequestGenBaseAndMask      0x08000b05   Thumb Code    30  stm32g4xx_hal_dma.o(i.DMA_CalcDMAMUXRequestGenBaseAndMask)
    i.DMA_SetConfig                          0x08000b28   Section        0  stm32g4xx_hal_dma.o(i.DMA_SetConfig)
    DMA_SetConfig                            0x08000b29   Thumb Code    62  stm32g4xx_hal_dma.o(i.DMA_SetConfig)
    i.DebugMon_Handler                       0x08000b66   Section        0  stm32g4xx_it.o(i.DebugMon_Handler)
    i.EXTI15_10_IRQHandler                   0x08000b68   Section        0  stm32g4xx_it.o(i.EXTI15_10_IRQHandler)
    i.Error_Handler                          0x08000b86   Section        0  main.o(i.Error_Handler)
    i.FOC                                    0x08000b8a   Section        0  foc.o(i.FOC)
    i.HAL_ADCEx_Calibration_Start            0x08000ba8   Section        0  stm32g4xx_hal_adc_ex.o(i.HAL_ADCEx_Calibration_Start)
    i.HAL_ADCEx_EndOfSamplingCallback        0x08000c3c   Section        0  stm32g4xx_hal_adc_ex.o(i.HAL_ADCEx_EndOfSamplingCallback)
    i.HAL_ADCEx_InjectedConfigChannel        0x08000c40   Section        0  stm32g4xx_hal_adc_ex.o(i.HAL_ADCEx_InjectedConfigChannel)
    i.HAL_ADCEx_InjectedConvCpltCallback     0x0800114c   Section        0  main.o(i.HAL_ADCEx_InjectedConvCpltCallback)
    i.HAL_ADCEx_InjectedQueueOverflowCallback 0x080012a0   Section        0  stm32g4xx_hal_adc_ex.o(i.HAL_ADCEx_InjectedQueueOverflowCallback)
    i.HAL_ADCEx_InjectedStart                0x080012a4   Section        0  stm32g4xx_hal_adc_ex.o(i.HAL_ADCEx_InjectedStart)
    i.HAL_ADCEx_InjectedStart_IT             0x0800138c   Section        0  stm32g4xx_hal_adc_ex.o(i.HAL_ADCEx_InjectedStart_IT)
    i.HAL_ADCEx_LevelOutOfWindow2Callback    0x080014b4   Section        0  stm32g4xx_hal_adc_ex.o(i.HAL_ADCEx_LevelOutOfWindow2Callback)
    i.HAL_ADCEx_LevelOutOfWindow3Callback    0x080014b6   Section        0  stm32g4xx_hal_adc_ex.o(i.HAL_ADCEx_LevelOutOfWindow3Callback)
    i.HAL_ADCEx_MultiModeConfigChannel       0x080014b8   Section        0  stm32g4xx_hal_adc_ex.o(i.HAL_ADCEx_MultiModeConfigChannel)
    i.HAL_ADC_ConfigChannel                  0x08001590   Section        0  stm32g4xx_hal_adc.o(i.HAL_ADC_ConfigChannel)
    i.HAL_ADC_ConvCpltCallback               0x080019a8   Section        0  stm32g4xx_hal_adc.o(i.HAL_ADC_ConvCpltCallback)
    i.HAL_ADC_ErrorCallback                  0x080019aa   Section        0  stm32g4xx_hal_adc.o(i.HAL_ADC_ErrorCallback)
    i.HAL_ADC_IRQHandler                     0x080019ac   Section        0  stm32g4xx_hal_adc.o(i.HAL_ADC_IRQHandler)
    i.HAL_ADC_Init                           0x08001c18   Section        0  stm32g4xx_hal_adc.o(i.HAL_ADC_Init)
    i.HAL_ADC_LevelOutOfWindowCallback       0x08001e14   Section        0  stm32g4xx_hal_adc.o(i.HAL_ADC_LevelOutOfWindowCallback)
    i.HAL_ADC_MspInit                        0x08001e18   Section        0  adc.o(i.HAL_ADC_MspInit)
    i.HAL_DMA_Abort                          0x08001f2c   Section        0  stm32g4xx_hal_dma.o(i.HAL_DMA_Abort)
    i.HAL_DMA_Abort_IT                       0x08001f96   Section        0  stm32g4xx_hal_dma.o(i.HAL_DMA_Abort_IT)
    i.HAL_DMA_IRQHandler                     0x0800200e   Section        0  stm32g4xx_hal_dma.o(i.HAL_DMA_IRQHandler)
    i.HAL_DMA_Init                           0x080020c8   Section        0  stm32g4xx_hal_dma.o(i.HAL_DMA_Init)
    i.HAL_DMA_Start_IT                       0x08002188   Section        0  stm32g4xx_hal_dma.o(i.HAL_DMA_Start_IT)
    i.HAL_GPIO_EXTI_Callback                 0x08002214   Section        0  main.o(i.HAL_GPIO_EXTI_Callback)
    i.HAL_GPIO_EXTI_IRQHandler               0x08002290   Section        0  stm32g4xx_hal_gpio.o(i.HAL_GPIO_EXTI_IRQHandler)
    i.HAL_GPIO_Init                          0x080022a8   Section        0  stm32g4xx_hal_gpio.o(i.HAL_GPIO_Init)
    i.HAL_GPIO_WritePin                      0x080024f0   Section        0  stm32g4xx_hal_gpio.o(i.HAL_GPIO_WritePin)
    i.HAL_GetTick                            0x080024fc   Section        0  stm32g4xx_hal.o(i.HAL_GetTick)
    i.HAL_IncTick                            0x08002508   Section        0  stm32g4xx_hal.o(i.HAL_IncTick)
    i.HAL_Init                               0x08002518   Section        0  stm32g4xx_hal.o(i.HAL_Init)
    i.HAL_InitTick                           0x08002538   Section        0  stm32g4xx_hal.o(i.HAL_InitTick)
    i.HAL_MspInit                            0x0800257c   Section        0  stm32g4xx_hal_msp.o(i.HAL_MspInit)
    i.HAL_NVIC_EnableIRQ                     0x080025ac   Section        0  stm32g4xx_hal_cortex.o(i.HAL_NVIC_EnableIRQ)
    i.HAL_NVIC_SetPriority                   0x080025c8   Section        0  stm32g4xx_hal_cortex.o(i.HAL_NVIC_SetPriority)
    i.HAL_NVIC_SetPriorityGrouping           0x08002608   Section        0  stm32g4xx_hal_cortex.o(i.HAL_NVIC_SetPriorityGrouping)
    i.HAL_OPAMP_Init                         0x0800262c   Section        0  stm32g4xx_hal_opamp.o(i.HAL_OPAMP_Init)
    i.HAL_OPAMP_MspInit                      0x08002720   Section        0  opamp.o(i.HAL_OPAMP_MspInit)
    i.HAL_OPAMP_Start                        0x080027b4   Section        0  stm32g4xx_hal_opamp.o(i.HAL_OPAMP_Start)
    i.HAL_PWREx_ControlVoltageScaling        0x080027e0   Section        0  stm32g4xx_hal_pwr_ex.o(i.HAL_PWREx_ControlVoltageScaling)
    i.HAL_PWREx_DisableUCPDDeadBattery       0x0800289c   Section        0  stm32g4xx_hal_pwr_ex.o(i.HAL_PWREx_DisableUCPDDeadBattery)
    i.HAL_RCCEx_PeriphCLKConfig              0x080028ac   Section        0  stm32g4xx_hal_rcc_ex.o(i.HAL_RCCEx_PeriphCLKConfig)
    i.HAL_RCC_ClockConfig                    0x08002b34   Section        0  stm32g4xx_hal_rcc.o(i.HAL_RCC_ClockConfig)
    i.HAL_RCC_GetPCLK1Freq                   0x08002d10   Section        0  stm32g4xx_hal_rcc.o(i.HAL_RCC_GetPCLK1Freq)
    i.HAL_RCC_GetPCLK2Freq                   0x08002d34   Section        0  stm32g4xx_hal_rcc.o(i.HAL_RCC_GetPCLK2Freq)
    i.HAL_RCC_GetSysClockFreq                0x08002d58   Section        0  stm32g4xx_hal_rcc.o(i.HAL_RCC_GetSysClockFreq)
    i.HAL_RCC_OscConfig                      0x08002dc8   Section        0  stm32g4xx_hal_rcc.o(i.HAL_RCC_OscConfig)
    i.HAL_SYSTICK_Config                     0x080031d4   Section        0  stm32g4xx_hal_cortex.o(i.HAL_SYSTICK_Config)
    i.HAL_TIMEx_Break2Callback               0x080031fc   Section        0  stm32g4xx_hal_tim_ex.o(i.HAL_TIMEx_Break2Callback)
    i.HAL_TIMEx_BreakCallback                0x080031fe   Section        0  stm32g4xx_hal_tim_ex.o(i.HAL_TIMEx_BreakCallback)
    i.HAL_TIMEx_CommutCallback               0x08003200   Section        0  stm32g4xx_hal_tim_ex.o(i.HAL_TIMEx_CommutCallback)
    i.HAL_TIMEx_ConfigBreakDeadTime          0x08003204   Section        0  stm32g4xx_hal_tim_ex.o(i.HAL_TIMEx_ConfigBreakDeadTime)
    i.HAL_TIMEx_DirectionChangeCallback      0x080032b0   Section        0  stm32g4xx_hal_tim_ex.o(i.HAL_TIMEx_DirectionChangeCallback)
    i.HAL_TIMEx_EnableDeadTimePreload        0x080032b2   Section        0  stm32g4xx_hal_tim_ex.o(i.HAL_TIMEx_EnableDeadTimePreload)
    i.HAL_TIMEx_EncoderIndexCallback         0x080032c0   Section        0  stm32g4xx_hal_tim_ex.o(i.HAL_TIMEx_EncoderIndexCallback)
    i.HAL_TIMEx_IndexErrorCallback           0x080032c2   Section        0  stm32g4xx_hal_tim_ex.o(i.HAL_TIMEx_IndexErrorCallback)
    i.HAL_TIMEx_MasterConfigSynchronization  0x080032c4   Section        0  stm32g4xx_hal_tim_ex.o(i.HAL_TIMEx_MasterConfigSynchronization)
    i.HAL_TIMEx_PWMN_Start                   0x08003360   Section        0  stm32g4xx_hal_tim_ex.o(i.HAL_TIMEx_PWMN_Start)
    i.HAL_TIMEx_PWMN_Stop                    0x08003418   Section        0  stm32g4xx_hal_tim_ex.o(i.HAL_TIMEx_PWMN_Stop)
    i.HAL_TIMEx_TransitionErrorCallback      0x08003480   Section        0  stm32g4xx_hal_tim_ex.o(i.HAL_TIMEx_TransitionErrorCallback)
    i.HAL_TIM_Base_Init                      0x08003482   Section        0  stm32g4xx_hal_tim.o(i.HAL_TIM_Base_Init)
    i.HAL_TIM_Base_MspInit                   0x080034e4   Section        0  tim.o(i.HAL_TIM_Base_MspInit)
    i.HAL_TIM_Base_Start                     0x08003530   Section        0  stm32g4xx_hal_tim.o(i.HAL_TIM_Base_Start)
    i.HAL_TIM_ConfigClockSource              0x0800359c   Section        0  stm32g4xx_hal_tim.o(i.HAL_TIM_ConfigClockSource)
    i.HAL_TIM_IC_CaptureCallback             0x0800369c   Section        0  stm32g4xx_hal_tim.o(i.HAL_TIM_IC_CaptureCallback)
    i.HAL_TIM_IRQHandler                     0x0800369e   Section        0  stm32g4xx_hal_tim.o(i.HAL_TIM_IRQHandler)
    i.HAL_TIM_MspPostInit                    0x0800389c   Section        0  tim.o(i.HAL_TIM_MspPostInit)
    i.HAL_TIM_OC_DelayElapsedCallback        0x08003930   Section        0  stm32g4xx_hal_tim.o(i.HAL_TIM_OC_DelayElapsedCallback)
    i.HAL_TIM_PWM_ConfigChannel              0x08003932   Section        0  stm32g4xx_hal_tim.o(i.HAL_TIM_PWM_ConfigChannel)
    i.HAL_TIM_PWM_Init                       0x08003a56   Section        0  stm32g4xx_hal_tim.o(i.HAL_TIM_PWM_Init)
    i.HAL_TIM_PWM_MspInit                    0x08003ab8   Section        0  stm32g4xx_hal_tim.o(i.HAL_TIM_PWM_MspInit)
    i.HAL_TIM_PWM_PulseFinishedCallback      0x08003aba   Section        0  stm32g4xx_hal_tim.o(i.HAL_TIM_PWM_PulseFinishedCallback)
    i.HAL_TIM_PWM_Start                      0x08003abc   Section        0  stm32g4xx_hal_tim.o(i.HAL_TIM_PWM_Start)
    i.HAL_TIM_PWM_Stop                       0x08003bb8   Section        0  stm32g4xx_hal_tim.o(i.HAL_TIM_PWM_Stop)
    i.HAL_TIM_PeriodElapsedCallback          0x08003c64   Section        0  stm32g4xx_hal_tim.o(i.HAL_TIM_PeriodElapsedCallback)
    i.HAL_TIM_TriggerCallback                0x08003c66   Section        0  stm32g4xx_hal_tim.o(i.HAL_TIM_TriggerCallback)
    i.HAL_UARTEx_DisableFifoMode             0x08003c68   Section        0  stm32g4xx_hal_uart_ex.o(i.HAL_UARTEx_DisableFifoMode)
    i.HAL_UARTEx_RxEventCallback             0x08003ca6   Section        0  stm32g4xx_hal_uart.o(i.HAL_UARTEx_RxEventCallback)
    i.HAL_UARTEx_RxFifoFullCallback          0x08003ca8   Section        0  stm32g4xx_hal_uart_ex.o(i.HAL_UARTEx_RxFifoFullCallback)
    i.HAL_UARTEx_SetRxFifoThreshold          0x08003caa   Section        0  stm32g4xx_hal_uart_ex.o(i.HAL_UARTEx_SetRxFifoThreshold)
    i.HAL_UARTEx_SetTxFifoThreshold          0x08003cf6   Section        0  stm32g4xx_hal_uart_ex.o(i.HAL_UARTEx_SetTxFifoThreshold)
    i.HAL_UARTEx_TxFifoEmptyCallback         0x08003d42   Section        0  stm32g4xx_hal_uart_ex.o(i.HAL_UARTEx_TxFifoEmptyCallback)
    i.HAL_UARTEx_WakeupCallback              0x08003d44   Section        0  stm32g4xx_hal_uart_ex.o(i.HAL_UARTEx_WakeupCallback)
    i.HAL_UART_ErrorCallback                 0x08003d46   Section        0  stm32g4xx_hal_uart.o(i.HAL_UART_ErrorCallback)
    i.HAL_UART_IRQHandler                    0x08003d48   Section        0  stm32g4xx_hal_uart.o(i.HAL_UART_IRQHandler)
    i.HAL_UART_Init                          0x08004028   Section        0  stm32g4xx_hal_uart.o(i.HAL_UART_Init)
    i.HAL_UART_MspInit                       0x08004094   Section        0  usart.o(i.HAL_UART_MspInit)
    i.HAL_UART_Transmit_DMA                  0x08004158   Section        0  stm32g4xx_hal_uart.o(i.HAL_UART_Transmit_DMA)
    i.HAL_UART_TxCpltCallback                0x080041fc   Section        0  stm32g4xx_hal_uart.o(i.HAL_UART_TxCpltCallback)
    i.HAL_UART_TxHalfCpltCallback            0x080041fe   Section        0  stm32g4xx_hal_uart.o(i.HAL_UART_TxHalfCpltCallback)
    i.HardFault_Handler                      0x08004200   Section        0  stm32g4xx_it.o(i.HardFault_Handler)
    i.LL_ADC_GetOffsetChannel                0x08004202   Section        0  stm32g4xx_hal_adc.o(i.LL_ADC_GetOffsetChannel)
    LL_ADC_GetOffsetChannel                  0x08004203   Thumb Code    12  stm32g4xx_hal_adc.o(i.LL_ADC_GetOffsetChannel)
    i.LL_ADC_GetOffsetChannel                0x0800420e   Section        0  stm32g4xx_hal_adc_ex.o(i.LL_ADC_GetOffsetChannel)
    LL_ADC_GetOffsetChannel                  0x0800420f   Thumb Code    12  stm32g4xx_hal_adc_ex.o(i.LL_ADC_GetOffsetChannel)
    i.LL_ADC_INJ_IsConversionOngoing         0x0800421a   Section        0  stm32g4xx_hal_adc.o(i.LL_ADC_INJ_IsConversionOngoing)
    LL_ADC_INJ_IsConversionOngoing           0x0800421b   Thumb Code     8  stm32g4xx_hal_adc.o(i.LL_ADC_INJ_IsConversionOngoing)
    i.LL_ADC_INJ_IsConversionOngoing         0x08004222   Section        0  stm32g4xx_hal_adc_ex.o(i.LL_ADC_INJ_IsConversionOngoing)
    LL_ADC_INJ_IsConversionOngoing           0x08004223   Thumb Code     8  stm32g4xx_hal_adc_ex.o(i.LL_ADC_INJ_IsConversionOngoing)
    i.LL_ADC_REG_IsConversionOngoing         0x0800422a   Section        0  stm32g4xx_hal_adc.o(i.LL_ADC_REG_IsConversionOngoing)
    LL_ADC_REG_IsConversionOngoing           0x0800422b   Thumb Code     8  stm32g4xx_hal_adc.o(i.LL_ADC_REG_IsConversionOngoing)
    i.LL_ADC_REG_IsConversionOngoing         0x08004232   Section        0  stm32g4xx_hal_adc_ex.o(i.LL_ADC_REG_IsConversionOngoing)
    LL_ADC_REG_IsConversionOngoing           0x08004233   Thumb Code     8  stm32g4xx_hal_adc_ex.o(i.LL_ADC_REG_IsConversionOngoing)
    i.LL_ADC_REG_IsTriggerSourceSWStart      0x0800423a   Section        0  stm32g4xx_hal_adc.o(i.LL_ADC_REG_IsTriggerSourceSWStart)
    LL_ADC_REG_IsTriggerSourceSWStart        0x0800423b   Thumb Code    16  stm32g4xx_hal_adc.o(i.LL_ADC_REG_IsTriggerSourceSWStart)
    i.LL_ADC_SetChannelSamplingTime          0x0800424a   Section        0  stm32g4xx_hal_adc.o(i.LL_ADC_SetChannelSamplingTime)
    LL_ADC_SetChannelSamplingTime            0x0800424b   Thumb Code    30  stm32g4xx_hal_adc.o(i.LL_ADC_SetChannelSamplingTime)
    i.LL_ADC_SetChannelSamplingTime          0x08004268   Section        0  stm32g4xx_hal_adc_ex.o(i.LL_ADC_SetChannelSamplingTime)
    LL_ADC_SetChannelSamplingTime            0x08004269   Thumb Code    30  stm32g4xx_hal_adc_ex.o(i.LL_ADC_SetChannelSamplingTime)
    i.LL_ADC_SetOffsetState                  0x08004286   Section        0  stm32g4xx_hal_adc.o(i.LL_ADC_SetOffsetState)
    LL_ADC_SetOffsetState                    0x08004287   Thumb Code    16  stm32g4xx_hal_adc.o(i.LL_ADC_SetOffsetState)
    i.LL_ADC_SetOffsetState                  0x08004296   Section        0  stm32g4xx_hal_adc_ex.o(i.LL_ADC_SetOffsetState)
    LL_ADC_SetOffsetState                    0x08004297   Thumb Code    16  stm32g4xx_hal_adc_ex.o(i.LL_ADC_SetOffsetState)
    i.MX_ADC1_Init                           0x080042a8   Section        0  adc.o(i.MX_ADC1_Init)
    i.MX_ADC2_Init                           0x0800439c   Section        0  adc.o(i.MX_ADC2_Init)
    i.MX_DMA_Init                            0x0800445c   Section        0  dma.o(i.MX_DMA_Init)
    i.MX_GPIO_Init                           0x08004498   Section        0  gpio.o(i.MX_GPIO_Init)
    i.MX_OPAMP1_Init                         0x08004550   Section        0  opamp.o(i.MX_OPAMP1_Init)
    i.MX_OPAMP2_Init                         0x08004584   Section        0  opamp.o(i.MX_OPAMP2_Init)
    i.MX_OPAMP3_Init                         0x080045b8   Section        0  opamp.o(i.MX_OPAMP3_Init)
    i.MX_TIM1_Init                           0x080045ec   Section        0  tim.o(i.MX_TIM1_Init)
    i.MX_USART3_UART_Init                    0x08004710   Section        0  usart.o(i.MX_USART3_UART_Init)
    i.MemManage_Handler                      0x08004778   Section        0  stm32g4xx_it.o(i.MemManage_Handler)
    i.NMI_Handler                            0x0800477a   Section        0  stm32g4xx_it.o(i.NMI_Handler)
    i.PendSV_Handler                         0x0800477c   Section        0  stm32g4xx_it.o(i.PendSV_Handler)
    i.SVC_Handler                            0x0800477e   Section        0  stm32g4xx_it.o(i.SVC_Handler)
    i.SVPWM                                  0x08004780   Section        0  foc.o(i.SVPWM)
    i.SysTick_Handler                        0x08004a44   Section        0  stm32g4xx_it.o(i.SysTick_Handler)
    i.SystemClock_Config                     0x08004a48   Section        0  main.o(i.SystemClock_Config)
    i.SystemInit                             0x08004aac   Section        0  system_stm32g4xx.o(i.SystemInit)
    i.TIM1_BRK_TIM15_IRQHandler              0x08004abc   Section        0  stm32g4xx_it.o(i.TIM1_BRK_TIM15_IRQHandler)
    i.TIM1_UP_TIM16_IRQHandler               0x08004ac8   Section        0  stm32g4xx_it.o(i.TIM1_UP_TIM16_IRQHandler)
    i.TIM_Base_SetConfig                     0x08004ad4   Section        0  stm32g4xx_hal_tim.o(i.TIM_Base_SetConfig)
    i.TIM_CCxChannelCmd                      0x08004b84   Section        0  stm32g4xx_hal_tim.o(i.TIM_CCxChannelCmd)
    i.TIM_CCxNChannelCmd                     0x08004b9e   Section        0  stm32g4xx_hal_tim_ex.o(i.TIM_CCxNChannelCmd)
    TIM_CCxNChannelCmd                       0x08004b9f   Thumb Code    26  stm32g4xx_hal_tim_ex.o(i.TIM_CCxNChannelCmd)
    i.TIM_ETR_SetConfig                      0x08004bb8   Section        0  stm32g4xx_hal_tim.o(i.TIM_ETR_SetConfig)
    i.TIM_ITRx_SetConfig                     0x08004bcc   Section        0  stm32g4xx_hal_tim.o(i.TIM_ITRx_SetConfig)
    TIM_ITRx_SetConfig                       0x08004bcd   Thumb Code    16  stm32g4xx_hal_tim.o(i.TIM_ITRx_SetConfig)
    i.TIM_OC1_SetConfig                      0x08004be0   Section        0  stm32g4xx_hal_tim.o(i.TIM_OC1_SetConfig)
    TIM_OC1_SetConfig                        0x08004be1   Thumb Code   132  stm32g4xx_hal_tim.o(i.TIM_OC1_SetConfig)
    i.TIM_OC2_SetConfig                      0x08004c7c   Section        0  stm32g4xx_hal_tim.o(i.TIM_OC2_SetConfig)
    i.TIM_OC3_SetConfig                      0x08004d0c   Section        0  stm32g4xx_hal_tim.o(i.TIM_OC3_SetConfig)
    TIM_OC3_SetConfig                        0x08004d0d   Thumb Code   118  stm32g4xx_hal_tim.o(i.TIM_OC3_SetConfig)
    i.TIM_OC4_SetConfig                      0x08004d9c   Section        0  stm32g4xx_hal_tim.o(i.TIM_OC4_SetConfig)
    TIM_OC4_SetConfig                        0x08004d9d   Thumb Code   120  stm32g4xx_hal_tim.o(i.TIM_OC4_SetConfig)
    i.TIM_OC5_SetConfig                      0x08004e2c   Section        0  stm32g4xx_hal_tim.o(i.TIM_OC5_SetConfig)
    TIM_OC5_SetConfig                        0x08004e2d   Thumb Code    86  stm32g4xx_hal_tim.o(i.TIM_OC5_SetConfig)
    i.TIM_OC6_SetConfig                      0x08004e9c   Section        0  stm32g4xx_hal_tim.o(i.TIM_OC6_SetConfig)
    TIM_OC6_SetConfig                        0x08004e9d   Thumb Code    88  stm32g4xx_hal_tim.o(i.TIM_OC6_SetConfig)
    i.TIM_TI1_ConfigInputStage               0x08004f0c   Section        0  stm32g4xx_hal_tim.o(i.TIM_TI1_ConfigInputStage)
    TIM_TI1_ConfigInputStage                 0x08004f0d   Thumb Code    34  stm32g4xx_hal_tim.o(i.TIM_TI1_ConfigInputStage)
    i.TIM_TI2_ConfigInputStage               0x08004f2e   Section        0  stm32g4xx_hal_tim.o(i.TIM_TI2_ConfigInputStage)
    TIM_TI2_ConfigInputStage                 0x08004f2f   Thumb Code    36  stm32g4xx_hal_tim.o(i.TIM_TI2_ConfigInputStage)
    i.UARTEx_SetNbDataToProcess              0x08004f54   Section        0  stm32g4xx_hal_uart_ex.o(i.UARTEx_SetNbDataToProcess)
    UARTEx_SetNbDataToProcess                0x08004f55   Thumb Code    62  stm32g4xx_hal_uart_ex.o(i.UARTEx_SetNbDataToProcess)
    i.UART_AdvFeatureConfig                  0x08004f98   Section        0  stm32g4xx_hal_uart.o(i.UART_AdvFeatureConfig)
    i.UART_CheckIdleState                    0x08005060   Section        0  stm32g4xx_hal_uart.o(i.UART_CheckIdleState)
    i.UART_DMAAbortOnError                   0x080050c0   Section        0  stm32g4xx_hal_uart.o(i.UART_DMAAbortOnError)
    UART_DMAAbortOnError                     0x080050c1   Thumb Code    20  stm32g4xx_hal_uart.o(i.UART_DMAAbortOnError)
    i.UART_DMAError                          0x080050d4   Section        0  stm32g4xx_hal_uart.o(i.UART_DMAError)
    UART_DMAError                            0x080050d5   Thumb Code    80  stm32g4xx_hal_uart.o(i.UART_DMAError)
    i.UART_DMATransmitCplt                   0x08005124   Section        0  stm32g4xx_hal_uart.o(i.UART_DMATransmitCplt)
    UART_DMATransmitCplt                     0x08005125   Thumb Code    66  stm32g4xx_hal_uart.o(i.UART_DMATransmitCplt)
    i.UART_DMATxHalfCplt                     0x08005166   Section        0  stm32g4xx_hal_uart.o(i.UART_DMATxHalfCplt)
    UART_DMATxHalfCplt                       0x08005167   Thumb Code    10  stm32g4xx_hal_uart.o(i.UART_DMATxHalfCplt)
    i.UART_EndRxTransfer                     0x08005170   Section        0  stm32g4xx_hal_uart.o(i.UART_EndRxTransfer)
    UART_EndRxTransfer                       0x08005171   Thumb Code    78  stm32g4xx_hal_uart.o(i.UART_EndRxTransfer)
    i.UART_EndTxTransfer                     0x080051c4   Section        0  stm32g4xx_hal_uart.o(i.UART_EndTxTransfer)
    UART_EndTxTransfer                       0x080051c5   Thumb Code    46  stm32g4xx_hal_uart.o(i.UART_EndTxTransfer)
    i.UART_SetConfig                         0x080051f4   Section        0  stm32g4xx_hal_uart.o(i.UART_SetConfig)
    i.UART_WaitOnFlagUntilTimeout            0x08005468   Section        0  stm32g4xx_hal_uart.o(i.UART_WaitOnFlagUntilTimeout)
    i.USART3_IRQHandler                      0x08005530   Section        0  stm32g4xx_it.o(i.USART3_IRQHandler)
    i.UsageFault_Handler                     0x0800553c   Section        0  stm32g4xx_it.o(i.UsageFault_Handler)
    i.__NVIC_SetPriority                     0x0800553e   Section        0  stm32g4xx_hal_cortex.o(i.__NVIC_SetPriority)
    __NVIC_SetPriority                       0x0800553f   Thumb Code    32  stm32g4xx_hal_cortex.o(i.__NVIC_SetPriority)
    i.__hardfp_sqrt                          0x0800555e   Section        0  sqrt.o(i.__hardfp_sqrt)
    i.__scatterload_copy                     0x080055d8   Section       14  handlers.o(i.__scatterload_copy)
    i.__scatterload_null                     0x080055e6   Section        2  handlers.o(i.__scatterload_null)
    i.__scatterload_zeroinit                 0x080055e8   Section       14  handlers.o(i.__scatterload_zeroinit)
    i.__set_errno                            0x080055f8   Section        0  errno.o(i.__set_errno)
    i.getSector                              0x08005604   Section        0  foc.o(i.getSector)
    i.main                                   0x08005724   Section        0  main.o(i.main)
    i.revParkOperate                         0x08005800   Section        0  foc.o(i.revParkOperate)
    .constdata                               0x08005854   Section       24  stm32g4xx_hal_uart.o(.constdata)
    .constdata                               0x0800586c   Section       16  stm32g4xx_hal_uart_ex.o(.constdata)
    numerator                                0x0800586c   Data           8  stm32g4xx_hal_uart_ex.o(.constdata)
    denominator                              0x08005874   Data           8  stm32g4xx_hal_uart_ex.o(.constdata)
    .constdata                               0x0800587c   Section       16  system_stm32g4xx.o(.constdata)
    .constdata                               0x0800588c   Section        8  system_stm32g4xx.o(.constdata)
    .constdata                               0x08005894   Section        7  foc.o(.constdata)
    .data                                    0x20000000   Section       56  main.o(.data)
    cnt                                      0x20000002   Data           1  main.o(.data)
    theta                                    0x20000010   Data           4  main.o(.data)
    .data                                    0x20000038   Section        4  adc.o(.data)
    HAL_RCC_ADC12_CLK_ENABLED                0x20000038   Data           4  adc.o(.data)
    .data                                    0x2000003c   Section       12  stm32g4xx_hal.o(.data)
    .data                                    0x20000048   Section        4  system_stm32g4xx.o(.data)
    .data                                    0x2000004c   Section       12  foc.o(.data)
    A                                        0x2000004c   Data           4  foc.o(.data)
    B                                        0x20000050   Data           4  foc.o(.data)
    C                                        0x20000054   Data           4  foc.o(.data)
    .data                                    0x20000058   Section        4  errno.o(.data)
    _errno                                   0x20000058   Data           4  errno.o(.data)
    .bss                                     0x2000005c   Section      276  main.o(.bss)
    .bss                                     0x20000170   Section      216  adc.o(.bss)
    .bss                                     0x20000248   Section      180  opamp.o(.bss)
    .bss                                     0x200002fc   Section       76  tim.o(.bss)
    .bss                                     0x20000348   Section      240  usart.o(.bss)
    STACK                                    0x20000438   Section     1024  startup_stm32g431xx.o(STACK)

    Global Symbols

    Symbol Name                              Value     Ov Type        Size  Object(Section)

    BuildAttributes$$THM_ISAv4$E$P$D$K$B$S$7EM$VFPi3$EXTD16$VFPS$VFMA$PE$A:L22UL41UL21$X:L11$S22US41US21$IEEE1$IW$USESV6$~STKCKD$USESV7$~SHL$OTIME$ROPI$IEEEJ$EBA8$MICROLIB$REQ8$PRES8$EABIv2 0x00000000   Number         0  anon$$obj.o ABSOLUTE
    __ARM_use_no_argv                        0x00000000   Number         0  main.o ABSOLUTE
    __arm_fini_                               - Undefined Weak Reference
    __cpp_initialize__aeabi_                  - Undefined Weak Reference
    __cxa_finalize                            - Undefined Weak Reference
    __decompress                              - Undefined Weak Reference
    _clock_init                               - Undefined Weak Reference
    _microlib_exit                            - Undefined Weak Reference
    __Vectors_Size                           0x000001d8   Number         0  startup_stm32g431xx.o ABSOLUTE
    __Vectors                                0x08000000   Data           4  startup_stm32g431xx.o(RESET)
    __Vectors_End                            0x080001d8   Data           0  startup_stm32g431xx.o(RESET)
    __main                                   0x080001d9   Thumb Code     0  entry.o(.ARM.Collect$$$$00000000)
    _main_stk                                0x080001d9   Thumb Code     0  entry2.o(.ARM.Collect$$$$00000001)
    _main_scatterload                        0x080001dd   Thumb Code     0  entry5.o(.ARM.Collect$$$$00000004)
    __main_after_scatterload                 0x080001e1   Thumb Code     0  entry5.o(.ARM.Collect$$$$00000004)
    _main_clock                              0x080001e1   Thumb Code     0  entry7b.o(.ARM.Collect$$$$00000008)
    _main_cpp_init                           0x080001e1   Thumb Code     0  entry8b.o(.ARM.Collect$$$$0000000A)
    _main_init                               0x080001e1   Thumb Code     0  entry9a.o(.ARM.Collect$$$$0000000B)
    __rt_lib_shutdown_fini                   0x080001e9   Thumb Code     0  entry12b.o(.ARM.Collect$$$$0000000E)
    __rt_final_cpp                           0x080001ed   Thumb Code     0  entry10a.o(.ARM.Collect$$$$0000000F)
    __rt_final_exit                          0x080001ed   Thumb Code     0  entry11a.o(.ARM.Collect$$$$00000011)
    Reset_Handler                            0x080001f1   Thumb Code     8  startup_stm32g431xx.o(.text)
    COMP1_2_3_IRQHandler                     0x0800020b   Thumb Code     0  startup_stm32g431xx.o(.text)
    COMP4_IRQHandler                         0x0800020b   Thumb Code     0  startup_stm32g431xx.o(.text)
    CORDIC_IRQHandler                        0x0800020b   Thumb Code     0  startup_stm32g431xx.o(.text)
    CRS_IRQHandler                           0x0800020b   Thumb Code     0  startup_stm32g431xx.o(.text)
    DMA1_Channel2_IRQHandler                 0x0800020b   Thumb Code     0  startup_stm32g431xx.o(.text)
    DMA1_Channel3_IRQHandler                 0x0800020b   Thumb Code     0  startup_stm32g431xx.o(.text)
    DMA1_Channel4_IRQHandler                 0x0800020b   Thumb Code     0  startup_stm32g431xx.o(.text)
    DMA1_Channel5_IRQHandler                 0x0800020b   Thumb Code     0  startup_stm32g431xx.o(.text)
    DMA1_Channel6_IRQHandler                 0x0800020b   Thumb Code     0  startup_stm32g431xx.o(.text)
    DMA2_Channel1_IRQHandler                 0x0800020b   Thumb Code     0  startup_stm32g431xx.o(.text)
    DMA2_Channel2_IRQHandler                 0x0800020b   Thumb Code     0  startup_stm32g431xx.o(.text)
    DMA2_Channel3_IRQHandler                 0x0800020b   Thumb Code     0  startup_stm32g431xx.o(.text)
    DMA2_Channel4_IRQHandler                 0x0800020b   Thumb Code     0  startup_stm32g431xx.o(.text)
    DMA2_Channel5_IRQHandler                 0x0800020b   Thumb Code     0  startup_stm32g431xx.o(.text)
    DMA2_Channel6_IRQHandler                 0x0800020b   Thumb Code     0  startup_stm32g431xx.o(.text)
    DMAMUX_OVR_IRQHandler                    0x0800020b   Thumb Code     0  startup_stm32g431xx.o(.text)
    EXTI0_IRQHandler                         0x0800020b   Thumb Code     0  startup_stm32g431xx.o(.text)
    EXTI1_IRQHandler                         0x0800020b   Thumb Code     0  startup_stm32g431xx.o(.text)
    EXTI2_IRQHandler                         0x0800020b   Thumb Code     0  startup_stm32g431xx.o(.text)
    EXTI3_IRQHandler                         0x0800020b   Thumb Code     0  startup_stm32g431xx.o(.text)
    EXTI4_IRQHandler                         0x0800020b   Thumb Code     0  startup_stm32g431xx.o(.text)
    EXTI9_5_IRQHandler                       0x0800020b   Thumb Code     0  startup_stm32g431xx.o(.text)
    FDCAN1_IT0_IRQHandler                    0x0800020b   Thumb Code     0  startup_stm32g431xx.o(.text)
    FDCAN1_IT1_IRQHandler                    0x0800020b   Thumb Code     0  startup_stm32g431xx.o(.text)
    FLASH_IRQHandler                         0x0800020b   Thumb Code     0  startup_stm32g431xx.o(.text)
    FMAC_IRQHandler                          0x0800020b   Thumb Code     0  startup_stm32g431xx.o(.text)
    FPU_IRQHandler                           0x0800020b   Thumb Code     0  startup_stm32g431xx.o(.text)
    I2C1_ER_IRQHandler                       0x0800020b   Thumb Code     0  startup_stm32g431xx.o(.text)
    I2C1_EV_IRQHandler                       0x0800020b   Thumb Code     0  startup_stm32g431xx.o(.text)
    I2C2_ER_IRQHandler                       0x0800020b   Thumb Code     0  startup_stm32g431xx.o(.text)
    I2C2_EV_IRQHandler                       0x0800020b   Thumb Code     0  startup_stm32g431xx.o(.text)
    I2C3_ER_IRQHandler                       0x0800020b   Thumb Code     0  startup_stm32g431xx.o(.text)
    I2C3_EV_IRQHandler                       0x0800020b   Thumb Code     0  startup_stm32g431xx.o(.text)
    LPTIM1_IRQHandler                        0x0800020b   Thumb Code     0  startup_stm32g431xx.o(.text)
    LPUART1_IRQHandler                       0x0800020b   Thumb Code     0  startup_stm32g431xx.o(.text)
    PVD_PVM_IRQHandler                       0x0800020b   Thumb Code     0  startup_stm32g431xx.o(.text)
    RCC_IRQHandler                           0x0800020b   Thumb Code     0  startup_stm32g431xx.o(.text)
    RNG_IRQHandler                           0x0800020b   Thumb Code     0  startup_stm32g431xx.o(.text)
    RTC_Alarm_IRQHandler                     0x0800020b   Thumb Code     0  startup_stm32g431xx.o(.text)
    RTC_TAMP_LSECSS_IRQHandler               0x0800020b   Thumb Code     0  startup_stm32g431xx.o(.text)
    RTC_WKUP_IRQHandler                      0x0800020b   Thumb Code     0  startup_stm32g431xx.o(.text)
    SAI1_IRQHandler                          0x0800020b   Thumb Code     0  startup_stm32g431xx.o(.text)
    SPI1_IRQHandler                          0x0800020b   Thumb Code     0  startup_stm32g431xx.o(.text)
    SPI2_IRQHandler                          0x0800020b   Thumb Code     0  startup_stm32g431xx.o(.text)
    SPI3_IRQHandler                          0x0800020b   Thumb Code     0  startup_stm32g431xx.o(.text)
    TIM1_CC_IRQHandler                       0x0800020b   Thumb Code     0  startup_stm32g431xx.o(.text)
    TIM1_TRG_COM_TIM17_IRQHandler            0x0800020b   Thumb Code     0  startup_stm32g431xx.o(.text)
    TIM2_IRQHandler                          0x0800020b   Thumb Code     0  startup_stm32g431xx.o(.text)
    TIM3_IRQHandler                          0x0800020b   Thumb Code     0  startup_stm32g431xx.o(.text)
    TIM4_IRQHandler                          0x0800020b   Thumb Code     0  startup_stm32g431xx.o(.text)
    TIM6_DAC_IRQHandler                      0x0800020b   Thumb Code     0  startup_stm32g431xx.o(.text)
    TIM7_IRQHandler                          0x0800020b   Thumb Code     0  startup_stm32g431xx.o(.text)
    TIM8_BRK_IRQHandler                      0x0800020b   Thumb Code     0  startup_stm32g431xx.o(.text)
    TIM8_CC_IRQHandler                       0x0800020b   Thumb Code     0  startup_stm32g431xx.o(.text)
    TIM8_TRG_COM_IRQHandler                  0x0800020b   Thumb Code     0  startup_stm32g431xx.o(.text)
    TIM8_UP_IRQHandler                       0x0800020b   Thumb Code     0  startup_stm32g431xx.o(.text)
    UART4_IRQHandler                         0x0800020b   Thumb Code     0  startup_stm32g431xx.o(.text)
    UCPD1_IRQHandler                         0x0800020b   Thumb Code     0  startup_stm32g431xx.o(.text)
    USART1_IRQHandler                        0x0800020b   Thumb Code     0  startup_stm32g431xx.o(.text)
    USART2_IRQHandler                        0x0800020b   Thumb Code     0  startup_stm32g431xx.o(.text)
    USBWakeUp_IRQHandler                     0x0800020b   Thumb Code     0  startup_stm32g431xx.o(.text)
    USB_HP_IRQHandler                        0x0800020b   Thumb Code     0  startup_stm32g431xx.o(.text)
    USB_LP_IRQHandler                        0x0800020b   Thumb Code     0  startup_stm32g431xx.o(.text)
    WWDG_IRQHandler                          0x0800020b   Thumb Code     0  startup_stm32g431xx.o(.text)
    __aeabi_uldivmod                         0x08000215   Thumb Code    98  uldiv.o(.text)
    __aeabi_memcpy                           0x08000277   Thumb Code    36  memcpya.o(.text)
    __aeabi_memcpy4                          0x08000277   Thumb Code     0  memcpya.o(.text)
    __aeabi_memcpy8                          0x08000277   Thumb Code     0  memcpya.o(.text)
    __aeabi_memset                           0x0800029b   Thumb Code    14  memseta.o(.text)
    __aeabi_memset4                          0x0800029b   Thumb Code     0  memseta.o(.text)
    __aeabi_memset8                          0x0800029b   Thumb Code     0  memseta.o(.text)
    __aeabi_memclr                           0x080002a9   Thumb Code     4  memseta.o(.text)
    __aeabi_memclr4                          0x080002a9   Thumb Code     0  memseta.o(.text)
    __aeabi_memclr8                          0x080002a9   Thumb Code     0  memseta.o(.text)
    _memset$wrapper                          0x080002ad   Thumb Code    18  memseta.o(.text)
    __aeabi_dadd                             0x080002bf   Thumb Code   322  dadd.o(.text)
    __aeabi_dsub                             0x08000401   Thumb Code     6  dadd.o(.text)
    __aeabi_drsub                            0x08000407   Thumb Code     6  dadd.o(.text)
    __aeabi_dmul                             0x0800040d   Thumb Code   228  dmul.o(.text)
    __aeabi_ddiv                             0x080004f1   Thumb Code   222  ddiv.o(.text)
    __aeabi_f2d                              0x080005cf   Thumb Code    38  f2d.o(.text)
    __aeabi_d2f                              0x080005f5   Thumb Code    56  d2f.o(.text)
    __aeabi_llsl                             0x0800062d   Thumb Code    30  llshl.o(.text)
    _ll_shift_l                              0x0800062d   Thumb Code     0  llshl.o(.text)
    __aeabi_llsr                             0x0800064b   Thumb Code    32  llushr.o(.text)
    _ll_ushift_r                             0x0800064b   Thumb Code     0  llushr.o(.text)
    __aeabi_lasr                             0x0800066b   Thumb Code    36  llsshr.o(.text)
    _ll_sshift_r                             0x0800066b   Thumb Code     0  llsshr.o(.text)
    __I$use$fp                               0x0800068f   Thumb Code     0  iusefp.o(.text)
    _float_round                             0x0800068f   Thumb Code    18  fepilogue.o(.text)
    _float_epilogue                          0x080006a1   Thumb Code    92  fepilogue.o(.text)
    _double_round                            0x080006fd   Thumb Code    30  depilogue.o(.text)
    _double_epilogue                         0x0800071b   Thumb Code   156  depilogue.o(.text)
    _dsqrt                                   0x080007b7   Thumb Code   162  dsqrt.o(.text)
    __scatterload                            0x08000859   Thumb Code    28  init.o(.text)
    __scatterload_rt2                        0x08000859   Thumb Code     0  init.o(.text)
    arm_cos_f32                              0x0800087d   Thumb Code   160  arm_cos_f32.o(.text.arm_cos_f32)
    arm_sin_f32                              0x0800091d   Thumb Code   152  arm_sin_f32.o(.text.arm_sin_f32)
    ADC1_2_IRQHandler                        0x080009b5   Thumb Code    18  stm32g4xx_it.o(i.ADC1_2_IRQHandler)
    ADC_Disable                              0x080009d1   Thumb Code   106  stm32g4xx_hal_adc.o(i.ADC_Disable)
    ADC_Enable                               0x08000a41   Thumb Code   110  stm32g4xx_hal_adc.o(i.ADC_Enable)
    BusFault_Handler                         0x08000ab5   Thumb Code     2  stm32g4xx_it.o(i.BusFault_Handler)
    DMA1_Channel1_IRQHandler                 0x08000ab9   Thumb Code     6  stm32g4xx_it.o(i.DMA1_Channel1_IRQHandler)
    DebugMon_Handler                         0x08000b67   Thumb Code     2  stm32g4xx_it.o(i.DebugMon_Handler)
    EXTI15_10_IRQHandler                     0x08000b69   Thumb Code    30  stm32g4xx_it.o(i.EXTI15_10_IRQHandler)
    Error_Handler                            0x08000b87   Thumb Code     4  main.o(i.Error_Handler)
    FOC                                      0x08000b8b   Thumb Code    28  foc.o(i.FOC)
    HAL_ADCEx_Calibration_Start              0x08000ba9   Thumb Code   138  stm32g4xx_hal_adc_ex.o(i.HAL_ADCEx_Calibration_Start)
    HAL_ADCEx_EndOfSamplingCallback          0x08000c3d   Thumb Code     2  stm32g4xx_hal_adc_ex.o(i.HAL_ADCEx_EndOfSamplingCallback)
    HAL_ADCEx_InjectedConfigChannel          0x08000c41   Thumb Code  1250  stm32g4xx_hal_adc_ex.o(i.HAL_ADCEx_InjectedConfigChannel)
    HAL_ADCEx_InjectedConvCpltCallback       0x0800114d   Thumb Code   302  main.o(i.HAL_ADCEx_InjectedConvCpltCallback)
    HAL_ADCEx_InjectedQueueOverflowCallback  0x080012a1   Thumb Code     2  stm32g4xx_hal_adc_ex.o(i.HAL_ADCEx_InjectedQueueOverflowCallback)
    HAL_ADCEx_InjectedStart                  0x080012a5   Thumb Code   220  stm32g4xx_hal_adc_ex.o(i.HAL_ADCEx_InjectedStart)
    HAL_ADCEx_InjectedStart_IT               0x0800138d   Thumb Code   282  stm32g4xx_hal_adc_ex.o(i.HAL_ADCEx_InjectedStart_IT)
    HAL_ADCEx_LevelOutOfWindow2Callback      0x080014b5   Thumb Code     2  stm32g4xx_hal_adc_ex.o(i.HAL_ADCEx_LevelOutOfWindow2Callback)
    HAL_ADCEx_LevelOutOfWindow3Callback      0x080014b7   Thumb Code     2  stm32g4xx_hal_adc_ex.o(i.HAL_ADCEx_LevelOutOfWindow3Callback)
    HAL_ADCEx_MultiModeConfigChannel         0x080014b9   Thumb Code   208  stm32g4xx_hal_adc_ex.o(i.HAL_ADCEx_MultiModeConfigChannel)
    HAL_ADC_ConfigChannel                    0x08001591   Thumb Code   998  stm32g4xx_hal_adc.o(i.HAL_ADC_ConfigChannel)
    HAL_ADC_ConvCpltCallback                 0x080019a9   Thumb Code     2  stm32g4xx_hal_adc.o(i.HAL_ADC_ConvCpltCallback)
    HAL_ADC_ErrorCallback                    0x080019ab   Thumb Code     2  stm32g4xx_hal_adc.o(i.HAL_ADC_ErrorCallback)
    HAL_ADC_IRQHandler                       0x080019ad   Thumb Code   612  stm32g4xx_hal_adc.o(i.HAL_ADC_IRQHandler)
    HAL_ADC_Init                             0x08001c19   Thumb Code   476  stm32g4xx_hal_adc.o(i.HAL_ADC_Init)
    HAL_ADC_LevelOutOfWindowCallback         0x08001e15   Thumb Code     2  stm32g4xx_hal_adc.o(i.HAL_ADC_LevelOutOfWindowCallback)
    HAL_ADC_MspInit                          0x08001e19   Thumb Code   260  adc.o(i.HAL_ADC_MspInit)
    HAL_DMA_Abort                            0x08001f2d   Thumb Code   106  stm32g4xx_hal_dma.o(i.HAL_DMA_Abort)
    HAL_DMA_Abort_IT                         0x08001f97   Thumb Code   120  stm32g4xx_hal_dma.o(i.HAL_DMA_Abort_IT)
    HAL_DMA_IRQHandler                       0x0800200f   Thumb Code   186  stm32g4xx_hal_dma.o(i.HAL_DMA_IRQHandler)
    HAL_DMA_Init                             0x080020c9   Thumb Code   178  stm32g4xx_hal_dma.o(i.HAL_DMA_Init)
    HAL_DMA_Start_IT                         0x08002189   Thumb Code   140  stm32g4xx_hal_dma.o(i.HAL_DMA_Start_IT)
    HAL_GPIO_EXTI_Callback                   0x08002215   Thumb Code   120  main.o(i.HAL_GPIO_EXTI_Callback)
    HAL_GPIO_EXTI_IRQHandler                 0x08002291   Thumb Code    18  stm32g4xx_hal_gpio.o(i.HAL_GPIO_EXTI_IRQHandler)
    HAL_GPIO_Init                            0x080022a9   Thumb Code   550  stm32g4xx_hal_gpio.o(i.HAL_GPIO_Init)
    HAL_GPIO_WritePin                        0x080024f1   Thumb Code    10  stm32g4xx_hal_gpio.o(i.HAL_GPIO_WritePin)
    HAL_GetTick                              0x080024fd   Thumb Code     6  stm32g4xx_hal.o(i.HAL_GetTick)
    HAL_IncTick                              0x08002509   Thumb Code    12  stm32g4xx_hal.o(i.HAL_IncTick)
    HAL_Init                                 0x08002519   Thumb Code    30  stm32g4xx_hal.o(i.HAL_Init)
    HAL_InitTick                             0x08002539   Thumb Code    58  stm32g4xx_hal.o(i.HAL_InitTick)
    HAL_MspInit                              0x0800257d   Thumb Code    42  stm32g4xx_hal_msp.o(i.HAL_MspInit)
    HAL_NVIC_EnableIRQ                       0x080025ad   Thumb Code    26  stm32g4xx_hal_cortex.o(i.HAL_NVIC_EnableIRQ)
    HAL_NVIC_SetPriority                     0x080025c9   Thumb Code    60  stm32g4xx_hal_cortex.o(i.HAL_NVIC_SetPriority)
    HAL_NVIC_SetPriorityGrouping             0x08002609   Thumb Code    26  stm32g4xx_hal_cortex.o(i.HAL_NVIC_SetPriorityGrouping)
    HAL_OPAMP_Init                           0x0800262d   Thumb Code   236  stm32g4xx_hal_opamp.o(i.HAL_OPAMP_Init)
    HAL_OPAMP_MspInit                        0x08002721   Thumb Code   134  opamp.o(i.HAL_OPAMP_MspInit)
    HAL_OPAMP_Start                          0x080027b5   Thumb Code    44  stm32g4xx_hal_opamp.o(i.HAL_OPAMP_Start)
    HAL_PWREx_ControlVoltageScaling          0x080027e1   Thumb Code   174  stm32g4xx_hal_pwr_ex.o(i.HAL_PWREx_ControlVoltageScaling)
    HAL_PWREx_DisableUCPDDeadBattery         0x0800289d   Thumb Code    12  stm32g4xx_hal_pwr_ex.o(i.HAL_PWREx_DisableUCPDDeadBattery)
    HAL_RCCEx_PeriphCLKConfig                0x080028ad   Thumb Code   638  stm32g4xx_hal_rcc_ex.o(i.HAL_RCCEx_PeriphCLKConfig)
    HAL_RCC_ClockConfig                      0x08002b35   Thumb Code   444  stm32g4xx_hal_rcc.o(i.HAL_RCC_ClockConfig)
    HAL_RCC_GetPCLK1Freq                     0x08002d11   Thumb Code    24  stm32g4xx_hal_rcc.o(i.HAL_RCC_GetPCLK1Freq)
    HAL_RCC_GetPCLK2Freq                     0x08002d35   Thumb Code    24  stm32g4xx_hal_rcc.o(i.HAL_RCC_GetPCLK2Freq)
    HAL_RCC_GetSysClockFreq                  0x08002d59   Thumb Code    98  stm32g4xx_hal_rcc.o(i.HAL_RCC_GetSysClockFreq)
    HAL_RCC_OscConfig                        0x08002dc9   Thumb Code  1036  stm32g4xx_hal_rcc.o(i.HAL_RCC_OscConfig)
    HAL_SYSTICK_Config                       0x080031d5   Thumb Code    40  stm32g4xx_hal_cortex.o(i.HAL_SYSTICK_Config)
    HAL_TIMEx_Break2Callback                 0x080031fd   Thumb Code     2  stm32g4xx_hal_tim_ex.o(i.HAL_TIMEx_Break2Callback)
    HAL_TIMEx_BreakCallback                  0x080031ff   Thumb Code     2  stm32g4xx_hal_tim_ex.o(i.HAL_TIMEx_BreakCallback)
    HAL_TIMEx_CommutCallback                 0x08003201   Thumb Code     2  stm32g4xx_hal_tim_ex.o(i.HAL_TIMEx_CommutCallback)
    HAL_TIMEx_ConfigBreakDeadTime            0x08003205   Thumb Code   164  stm32g4xx_hal_tim_ex.o(i.HAL_TIMEx_ConfigBreakDeadTime)
    HAL_TIMEx_DirectionChangeCallback        0x080032b1   Thumb Code     2  stm32g4xx_hal_tim_ex.o(i.HAL_TIMEx_DirectionChangeCallback)
    HAL_TIMEx_EnableDeadTimePreload          0x080032b3   Thumb Code    14  stm32g4xx_hal_tim_ex.o(i.HAL_TIMEx_EnableDeadTimePreload)
    HAL_TIMEx_EncoderIndexCallback           0x080032c1   Thumb Code     2  stm32g4xx_hal_tim_ex.o(i.HAL_TIMEx_EncoderIndexCallback)
    HAL_TIMEx_IndexErrorCallback             0x080032c3   Thumb Code     2  stm32g4xx_hal_tim_ex.o(i.HAL_TIMEx_IndexErrorCallback)
    HAL_TIMEx_MasterConfigSynchronization    0x080032c5   Thumb Code   132  stm32g4xx_hal_tim_ex.o(i.HAL_TIMEx_MasterConfigSynchronization)
    HAL_TIMEx_PWMN_Start                     0x08003361   Thumb Code   158  stm32g4xx_hal_tim_ex.o(i.HAL_TIMEx_PWMN_Start)
    HAL_TIMEx_PWMN_Stop                      0x08003419   Thumb Code   104  stm32g4xx_hal_tim_ex.o(i.HAL_TIMEx_PWMN_Stop)
    HAL_TIMEx_TransitionErrorCallback        0x08003481   Thumb Code     2  stm32g4xx_hal_tim_ex.o(i.HAL_TIMEx_TransitionErrorCallback)
    HAL_TIM_Base_Init                        0x08003483   Thumb Code    98  stm32g4xx_hal_tim.o(i.HAL_TIM_Base_Init)
    HAL_TIM_Base_MspInit                     0x080034e5   Thumb Code    66  tim.o(i.HAL_TIM_Base_MspInit)
    HAL_TIM_Base_Start                       0x08003531   Thumb Code    84  stm32g4xx_hal_tim.o(i.HAL_TIM_Base_Start)
    HAL_TIM_ConfigClockSource                0x0800359d   Thumb Code   246  stm32g4xx_hal_tim.o(i.HAL_TIM_ConfigClockSource)
    HAL_TIM_IC_CaptureCallback               0x0800369d   Thumb Code     2  stm32g4xx_hal_tim.o(i.HAL_TIM_IC_CaptureCallback)
    HAL_TIM_IRQHandler                       0x0800369f   Thumb Code   508  stm32g4xx_hal_tim.o(i.HAL_TIM_IRQHandler)
    HAL_TIM_MspPostInit                      0x0800389d   Thumb Code   136  tim.o(i.HAL_TIM_MspPostInit)
    HAL_TIM_OC_DelayElapsedCallback          0x08003931   Thumb Code     2  stm32g4xx_hal_tim.o(i.HAL_TIM_OC_DelayElapsedCallback)
    HAL_TIM_PWM_ConfigChannel                0x08003933   Thumb Code   292  stm32g4xx_hal_tim.o(i.HAL_TIM_PWM_ConfigChannel)
    HAL_TIM_PWM_Init                         0x08003a57   Thumb Code    98  stm32g4xx_hal_tim.o(i.HAL_TIM_PWM_Init)
    HAL_TIM_PWM_MspInit                      0x08003ab9   Thumb Code     2  stm32g4xx_hal_tim.o(i.HAL_TIM_PWM_MspInit)
    HAL_TIM_PWM_PulseFinishedCallback        0x08003abb   Thumb Code     2  stm32g4xx_hal_tim.o(i.HAL_TIM_PWM_PulseFinishedCallback)
    HAL_TIM_PWM_Start                        0x08003abd   Thumb Code   218  stm32g4xx_hal_tim.o(i.HAL_TIM_PWM_Start)
    HAL_TIM_PWM_Stop                         0x08003bb9   Thumb Code   152  stm32g4xx_hal_tim.o(i.HAL_TIM_PWM_Stop)
    HAL_TIM_PeriodElapsedCallback            0x08003c65   Thumb Code     2  stm32g4xx_hal_tim.o(i.HAL_TIM_PeriodElapsedCallback)
    HAL_TIM_TriggerCallback                  0x08003c67   Thumb Code     2  stm32g4xx_hal_tim.o(i.HAL_TIM_TriggerCallback)
    HAL_UARTEx_DisableFifoMode               0x08003c69   Thumb Code    62  stm32g4xx_hal_uart_ex.o(i.HAL_UARTEx_DisableFifoMode)
    HAL_UARTEx_RxEventCallback               0x08003ca7   Thumb Code     2  stm32g4xx_hal_uart.o(i.HAL_UARTEx_RxEventCallback)
    HAL_UARTEx_RxFifoFullCallback            0x08003ca9   Thumb Code     2  stm32g4xx_hal_uart_ex.o(i.HAL_UARTEx_RxFifoFullCallback)
    HAL_UARTEx_SetRxFifoThreshold            0x08003cab   Thumb Code    76  stm32g4xx_hal_uart_ex.o(i.HAL_UARTEx_SetRxFifoThreshold)
    HAL_UARTEx_SetTxFifoThreshold            0x08003cf7   Thumb Code    76  stm32g4xx_hal_uart_ex.o(i.HAL_UARTEx_SetTxFifoThreshold)
    HAL_UARTEx_TxFifoEmptyCallback           0x08003d43   Thumb Code     2  stm32g4xx_hal_uart_ex.o(i.HAL_UARTEx_TxFifoEmptyCallback)
    HAL_UARTEx_WakeupCallback                0x08003d45   Thumb Code     2  stm32g4xx_hal_uart_ex.o(i.HAL_UARTEx_WakeupCallback)
    HAL_UART_ErrorCallback                   0x08003d47   Thumb Code     2  stm32g4xx_hal_uart.o(i.HAL_UART_ErrorCallback)
    HAL_UART_IRQHandler                      0x08003d49   Thumb Code   722  stm32g4xx_hal_uart.o(i.HAL_UART_IRQHandler)
    HAL_UART_Init                            0x08004029   Thumb Code   106  stm32g4xx_hal_uart.o(i.HAL_UART_Init)
    HAL_UART_MspInit                         0x08004095   Thumb Code   174  usart.o(i.HAL_UART_MspInit)
    HAL_UART_Transmit_DMA                    0x08004159   Thumb Code   150  stm32g4xx_hal_uart.o(i.HAL_UART_Transmit_DMA)
    HAL_UART_TxCpltCallback                  0x080041fd   Thumb Code     2  stm32g4xx_hal_uart.o(i.HAL_UART_TxCpltCallback)
    HAL_UART_TxHalfCpltCallback              0x080041ff   Thumb Code     2  stm32g4xx_hal_uart.o(i.HAL_UART_TxHalfCpltCallback)
    HardFault_Handler                        0x08004201   Thumb Code     2  stm32g4xx_it.o(i.HardFault_Handler)
    MX_ADC1_Init                             0x080042a9   Thumb Code   228  adc.o(i.MX_ADC1_Init)
    MX_ADC2_Init                             0x0800439d   Thumb Code   174  adc.o(i.MX_ADC2_Init)
    MX_DMA_Init                              0x0800445d   Thumb Code    56  dma.o(i.MX_DMA_Init)
    MX_GPIO_Init                             0x08004499   Thumb Code   172  gpio.o(i.MX_GPIO_Init)
    MX_OPAMP1_Init                           0x08004551   Thumb Code    42  opamp.o(i.MX_OPAMP1_Init)
    MX_OPAMP2_Init                           0x08004585   Thumb Code    42  opamp.o(i.MX_OPAMP2_Init)
    MX_OPAMP3_Init                           0x080045b9   Thumb Code    42  opamp.o(i.MX_OPAMP3_Init)
    MX_TIM1_Init                             0x080045ed   Thumb Code   284  tim.o(i.MX_TIM1_Init)
    MX_USART3_UART_Init                      0x08004711   Thumb Code    94  usart.o(i.MX_USART3_UART_Init)
    MemManage_Handler                        0x08004779   Thumb Code     2  stm32g4xx_it.o(i.MemManage_Handler)
    NMI_Handler                              0x0800477b   Thumb Code     2  stm32g4xx_it.o(i.NMI_Handler)
    PendSV_Handler                           0x0800477d   Thumb Code     2  stm32g4xx_it.o(i.PendSV_Handler)
    SVC_Handler                              0x0800477f   Thumb Code     2  stm32g4xx_it.o(i.SVC_Handler)
    SVPWM                                    0x08004781   Thumb Code   646  foc.o(i.SVPWM)
    SysTick_Handler                          0x08004a45   Thumb Code     4  stm32g4xx_it.o(i.SysTick_Handler)
    SystemClock_Config                       0x08004a49   Thumb Code   100  main.o(i.SystemClock_Config)
    SystemInit                               0x08004aad   Thumb Code    12  system_stm32g4xx.o(i.SystemInit)
    TIM1_BRK_TIM15_IRQHandler                0x08004abd   Thumb Code     6  stm32g4xx_it.o(i.TIM1_BRK_TIM15_IRQHandler)
    TIM1_UP_TIM16_IRQHandler                 0x08004ac9   Thumb Code     6  stm32g4xx_it.o(i.TIM1_UP_TIM16_IRQHandler)
    TIM_Base_SetConfig                       0x08004ad5   Thumb Code   146  stm32g4xx_hal_tim.o(i.TIM_Base_SetConfig)
    TIM_CCxChannelCmd                        0x08004b85   Thumb Code    26  stm32g4xx_hal_tim.o(i.TIM_CCxChannelCmd)
    TIM_ETR_SetConfig                        0x08004bb9   Thumb Code    20  stm32g4xx_hal_tim.o(i.TIM_ETR_SetConfig)
    TIM_OC2_SetConfig                        0x08004c7d   Thumb Code   120  stm32g4xx_hal_tim.o(i.TIM_OC2_SetConfig)
    UART_AdvFeatureConfig                    0x08004f99   Thumb Code   200  stm32g4xx_hal_uart.o(i.UART_AdvFeatureConfig)
    UART_CheckIdleState                      0x08005061   Thumb Code    96  stm32g4xx_hal_uart.o(i.UART_CheckIdleState)
    UART_SetConfig                           0x080051f5   Thumb Code   582  stm32g4xx_hal_uart.o(i.UART_SetConfig)
    UART_WaitOnFlagUntilTimeout              0x08005469   Thumb Code   198  stm32g4xx_hal_uart.o(i.UART_WaitOnFlagUntilTimeout)
    USART3_IRQHandler                        0x08005531   Thumb Code     6  stm32g4xx_it.o(i.USART3_IRQHandler)
    UsageFault_Handler                       0x0800553d   Thumb Code     2  stm32g4xx_it.o(i.UsageFault_Handler)
    __hardfp_sqrt                            0x0800555f   Thumb Code   122  sqrt.o(i.__hardfp_sqrt)
    __scatterload_copy                       0x080055d9   Thumb Code    14  handlers.o(i.__scatterload_copy)
    __scatterload_null                       0x080055e7   Thumb Code     2  handlers.o(i.__scatterload_null)
    __scatterload_zeroinit                   0x080055e9   Thumb Code    14  handlers.o(i.__scatterload_zeroinit)
    __set_errno                              0x080055f9   Thumb Code     6  errno.o(i.__set_errno)
    getSector                                0x08005605   Thumb Code   252  foc.o(i.getSector)
    main                                     0x08005725   Thumb Code   190  main.o(i.main)
    revParkOperate                           0x08005801   Thumb Code    84  foc.o(i.revParkOperate)
    UARTPrescTable                           0x08005854   Data          24  stm32g4xx_hal_uart.o(.constdata)
    AHBPrescTable                            0x0800587c   Data          16  system_stm32g4xx.o(.constdata)
    APBPrescTable                            0x0800588c   Data           8  system_stm32g4xx.o(.constdata)
    sectorRemap                              0x08005894   Data           7  foc.o(.constdata)
    sinTable_f32                             0x0800589c   Data        2052  arm_common_tables.o(.rodata.sinTable_f32)
    Region$$Table$$Base                      0x080060a0   Number         0  anon$$obj.o(Region$$Table)
    Region$$Table$$Limit                     0x080060c0   Number         0  anon$$obj.o(Region$$Table)
    Uart1_Rx_Cnt                             0x20000000   Data           1  main.o(.data)
    ADC_offset                               0x20000001   Data           1  main.o(.data)
    aRxBuffer                                0x20000003   Data           1  main.o(.data)
    IA_Offset                                0x20000004   Data           2  main.o(.data)
    IB_Offset                                0x20000006   Data           2  main.o(.data)
    IC_Offset                                0x20000008   Data           2  main.o(.data)
    adc1_in1                                 0x2000000a   Data           2  main.o(.data)
    adc1_in2                                 0x2000000c   Data           2  main.o(.data)
    adc1_in3                                 0x2000000e   Data           2  main.o(.data)
    Ia                                       0x20000014   Data           4  main.o(.data)
    Ib                                       0x20000018   Data           4  main.o(.data)
    Ic                                       0x2000001c   Data           4  main.o(.data)
    tempData                                 0x20000020   Data          24  main.o(.data)
    uwTickPrio                               0x2000003c   Data           4  stm32g4xx_hal.o(.data)
    uwTickFreq                               0x20000040   Data           4  stm32g4xx_hal.o(.data)
    uwTick                                   0x20000044   Data           4  stm32g4xx_hal.o(.data)
    SystemCoreClock                          0x20000048   Data           4  system_stm32g4xx.o(.data)
    RxBuffer                                 0x2000005c   Data         256  main.o(.bss)
    temp                                     0x2000015c   Data          20  main.o(.bss)
    hadc1                                    0x20000170   Data         108  adc.o(.bss)
    hadc2                                    0x200001dc   Data         108  adc.o(.bss)
    hopamp1                                  0x20000248   Data          60  opamp.o(.bss)
    hopamp2                                  0x20000284   Data          60  opamp.o(.bss)
    hopamp3                                  0x200002c0   Data          60  opamp.o(.bss)
    htim1                                    0x200002fc   Data          76  tim.o(.bss)
    huart3                                   0x20000348   Data         144  usart.o(.bss)
    hdma_usart3_tx                           0x200003d8   Data          96  usart.o(.bss)
    __initial_sp                             0x20000838   Data           0  startup_stm32g431xx.o(STACK)



==============================================================================

Memory Map of the image

  Image Entry point : 0x080001d9

  Load Region LR_IROM1 (Base: 0x08000000, Size: 0x0000611c, Max: 0x00020000, ABSOLUTE)

    Execution Region ER_IROM1 (Exec base: 0x08000000, Load base: 0x08000000, Size: 0x000060c0, Max: 0x00020000, ABSOLUTE)

    Exec Addr    Load Addr    Size         Type   Attr      Idx    E Section Name        Object

    0x08000000   0x08000000   0x000001d8   Data   RO            3    RESET               startup_stm32g431xx.o
    0x080001d8   0x080001d8   0x00000000   Code   RO         4538  * .ARM.Collect$$$$00000000  mc_w.l(entry.o)
    0x080001d8   0x080001d8   0x00000004   Code   RO         4559    .ARM.Collect$$$$00000001  mc_w.l(entry2.o)
    0x080001dc   0x080001dc   0x00000004   Code   RO         4562    .ARM.Collect$$$$00000004  mc_w.l(entry5.o)
    0x080001e0   0x080001e0   0x00000000   Code   RO         4564    .ARM.Collect$$$$00000008  mc_w.l(entry7b.o)
    0x080001e0   0x080001e0   0x00000000   Code   RO         4566    .ARM.Collect$$$$0000000A  mc_w.l(entry8b.o)
    0x080001e0   0x080001e0   0x00000008   Code   RO         4567    .ARM.Collect$$$$0000000B  mc_w.l(entry9a.o)
    0x080001e8   0x080001e8   0x00000004   Code   RO         4574    .ARM.Collect$$$$0000000E  mc_w.l(entry12b.o)
    0x080001ec   0x080001ec   0x00000000   Code   RO         4569    .ARM.Collect$$$$0000000F  mc_w.l(entry10a.o)
    0x080001ec   0x080001ec   0x00000000   Code   RO         4571    .ARM.Collect$$$$00000011  mc_w.l(entry11a.o)
    0x080001ec   0x080001ec   0x00000004   Code   RO         4560    .ARM.Collect$$$$00002712  mc_w.l(entry2.o)
    0x080001f0   0x080001f0   0x00000024   Code   RO            4    .text               startup_stm32g431xx.o
    0x08000214   0x08000214   0x00000062   Code   RO         4541    .text               mc_w.l(uldiv.o)
    0x08000276   0x08000276   0x00000024   Code   RO         4543    .text               mc_w.l(memcpya.o)
    0x0800029a   0x0800029a   0x00000024   Code   RO         4545    .text               mc_w.l(memseta.o)
    0x080002be   0x080002be   0x0000014e   Code   RO         4549    .text               mf_w.l(dadd.o)
    0x0800040c   0x0800040c   0x000000e4   Code   RO         4551    .text               mf_w.l(dmul.o)
    0x080004f0   0x080004f0   0x000000de   Code   RO         4553    .text               mf_w.l(ddiv.o)
    0x080005ce   0x080005ce   0x00000026   Code   RO         4555    .text               mf_w.l(f2d.o)
    0x080005f4   0x080005f4   0x00000038   Code   RO         4557    .text               mf_w.l(d2f.o)
    0x0800062c   0x0800062c   0x0000001e   Code   RO         4575    .text               mc_w.l(llshl.o)
    0x0800064a   0x0800064a   0x00000020   Code   RO         4577    .text               mc_w.l(llushr.o)
    0x0800066a   0x0800066a   0x00000024   Code   RO         4579    .text               mc_w.l(llsshr.o)
    0x0800068e   0x0800068e   0x00000000   Code   RO         4588    .text               mc_w.l(iusefp.o)
    0x0800068e   0x0800068e   0x0000006e   Code   RO         4589    .text               mf_w.l(fepilogue.o)
    0x080006fc   0x080006fc   0x000000ba   Code   RO         4591    .text               mf_w.l(depilogue.o)
    0x080007b6   0x080007b6   0x000000a2   Code   RO         4593    .text               mf_w.l(dsqrt.o)
    0x08000858   0x08000858   0x00000024   Code   RO         4597    .text               mc_w.l(init.o)
    0x0800087c   0x0800087c   0x000000a0   Code   RO         4412    .text.arm_cos_f32   arm_cortexM4lf_math.lib(arm_cos_f32.o)
    0x0800091c   0x0800091c   0x00000098   Code   RO         4422    .text.arm_sin_f32   arm_cortexM4lf_math.lib(arm_sin_f32.o)
    0x080009b4   0x080009b4   0x0000001c   Code   RO          477    i.ADC1_2_IRQHandler  stm32g4xx_it.o
    0x080009d0   0x080009d0   0x00000070   Code   RO          617    i.ADC_Disable       stm32g4xx_hal_adc.o
    0x08000a40   0x08000a40   0x00000074   Code   RO          618    i.ADC_Enable        stm32g4xx_hal_adc.o
    0x08000ab4   0x08000ab4   0x00000002   Code   RO          478    i.BusFault_Handler  stm32g4xx_it.o
    0x08000ab6   0x08000ab6   0x00000002   PAD
    0x08000ab8   0x08000ab8   0x0000000c   Code   RO          479    i.DMA1_Channel1_IRQHandler  stm32g4xx_it.o
    0x08000ac4   0x08000ac4   0x00000040   Code   RO         1893    i.DMA_CalcDMAMUXChannelBaseAndMask  stm32g4xx_hal_dma.o
    0x08000b04   0x08000b04   0x00000024   Code   RO         1894    i.DMA_CalcDMAMUXRequestGenBaseAndMask  stm32g4xx_hal_dma.o
    0x08000b28   0x08000b28   0x0000003e   Code   RO         1895    i.DMA_SetConfig     stm32g4xx_hal_dma.o
    0x08000b66   0x08000b66   0x00000002   Code   RO          480    i.DebugMon_Handler  stm32g4xx_it.o
    0x08000b68   0x08000b68   0x0000001e   Code   RO          481    i.EXTI15_10_IRQHandler  stm32g4xx_it.o
    0x08000b86   0x08000b86   0x00000004   Code   RO           13    i.Error_Handler     main.o
    0x08000b8a   0x08000b8a   0x0000001c   Code   RO         4358    i.FOC               foc.o
    0x08000ba6   0x08000ba6   0x00000002   PAD
    0x08000ba8   0x08000ba8   0x00000094   Code   RO          851    i.HAL_ADCEx_Calibration_Start  stm32g4xx_hal_adc_ex.o
    0x08000c3c   0x08000c3c   0x00000002   Code   RO          855    i.HAL_ADCEx_EndOfSamplingCallback  stm32g4xx_hal_adc_ex.o
    0x08000c3e   0x08000c3e   0x00000002   PAD
    0x08000c40   0x08000c40   0x0000050c   Code   RO          857    i.HAL_ADCEx_InjectedConfigChannel  stm32g4xx_hal_adc_ex.o
    0x0800114c   0x0800114c   0x00000154   Code   RO           14    i.HAL_ADCEx_InjectedConvCpltCallback  main.o
    0x080012a0   0x080012a0   0x00000002   Code   RO          861    i.HAL_ADCEx_InjectedQueueOverflowCallback  stm32g4xx_hal_adc_ex.o
    0x080012a2   0x080012a2   0x00000002   PAD
    0x080012a4   0x080012a4   0x000000e8   Code   RO          862    i.HAL_ADCEx_InjectedStart  stm32g4xx_hal_adc_ex.o
    0x0800138c   0x0800138c   0x00000128   Code   RO          863    i.HAL_ADCEx_InjectedStart_IT  stm32g4xx_hal_adc_ex.o
    0x080014b4   0x080014b4   0x00000002   Code   RO          866    i.HAL_ADCEx_LevelOutOfWindow2Callback  stm32g4xx_hal_adc_ex.o
    0x080014b6   0x080014b6   0x00000002   Code   RO          867    i.HAL_ADCEx_LevelOutOfWindow3Callback  stm32g4xx_hal_adc_ex.o
    0x080014b8   0x080014b8   0x000000d8   Code   RO          868    i.HAL_ADCEx_MultiModeConfigChannel  stm32g4xx_hal_adc_ex.o
    0x08001590   0x08001590   0x00000418   Code   RO          620    i.HAL_ADC_ConfigChannel  stm32g4xx_hal_adc.o
    0x080019a8   0x080019a8   0x00000002   Code   RO          621    i.HAL_ADC_ConvCpltCallback  stm32g4xx_hal_adc.o
    0x080019aa   0x080019aa   0x00000002   Code   RO          624    i.HAL_ADC_ErrorCallback  stm32g4xx_hal_adc.o
    0x080019ac   0x080019ac   0x0000026c   Code   RO          628    i.HAL_ADC_IRQHandler  stm32g4xx_hal_adc.o
    0x08001c18   0x08001c18   0x000001fc   Code   RO          629    i.HAL_ADC_Init      stm32g4xx_hal_adc.o
    0x08001e14   0x08001e14   0x00000002   Code   RO          630    i.HAL_ADC_LevelOutOfWindowCallback  stm32g4xx_hal_adc.o
    0x08001e16   0x08001e16   0x00000002   PAD
    0x08001e18   0x08001e18   0x00000114   Code   RO          261    i.HAL_ADC_MspInit   adc.o
    0x08001f2c   0x08001f2c   0x0000006a   Code   RO         1896    i.HAL_DMA_Abort     stm32g4xx_hal_dma.o
    0x08001f96   0x08001f96   0x00000078   Code   RO         1897    i.HAL_DMA_Abort_IT  stm32g4xx_hal_dma.o
    0x0800200e   0x0800200e   0x000000ba   Code   RO         1901    i.HAL_DMA_IRQHandler  stm32g4xx_hal_dma.o
    0x080020c8   0x080020c8   0x000000c0   Code   RO         1902    i.HAL_DMA_Init      stm32g4xx_hal_dma.o
    0x08002188   0x08002188   0x0000008c   Code   RO         1906    i.HAL_DMA_Start_IT  stm32g4xx_hal_dma.o
    0x08002214   0x08002214   0x0000007c   Code   RO           15    i.HAL_GPIO_EXTI_Callback  main.o
    0x08002290   0x08002290   0x00000018   Code   RO         1757    i.HAL_GPIO_EXTI_IRQHandler  stm32g4xx_hal_gpio.o
    0x080022a8   0x080022a8   0x00000248   Code   RO         1758    i.HAL_GPIO_Init     stm32g4xx_hal_gpio.o
    0x080024f0   0x080024f0   0x0000000a   Code   RO         1762    i.HAL_GPIO_WritePin  stm32g4xx_hal_gpio.o
    0x080024fa   0x080024fa   0x00000002   PAD
    0x080024fc   0x080024fc   0x0000000c   Code   RO         1071    i.HAL_GetTick       stm32g4xx_hal.o
    0x08002508   0x08002508   0x00000010   Code   RO         1074    i.HAL_IncTick       stm32g4xx_hal.o
    0x08002518   0x08002518   0x0000001e   Code   RO         1075    i.HAL_Init          stm32g4xx_hal.o
    0x08002536   0x08002536   0x00000002   PAD
    0x08002538   0x08002538   0x00000044   Code   RO         1076    i.HAL_InitTick      stm32g4xx_hal.o
    0x0800257c   0x0800257c   0x00000030   Code   RO          589    i.HAL_MspInit       stm32g4xx_hal_msp.o
    0x080025ac   0x080025ac   0x0000001a   Code   RO         2405    i.HAL_NVIC_EnableIRQ  stm32g4xx_hal_cortex.o
    0x080025c6   0x080025c6   0x00000002   PAD
    0x080025c8   0x080025c8   0x00000040   Code   RO         2411    i.HAL_NVIC_SetPriority  stm32g4xx_hal_cortex.o
    0x08002608   0x08002608   0x00000024   Code   RO         2412    i.HAL_NVIC_SetPriorityGrouping  stm32g4xx_hal_cortex.o
    0x0800262c   0x0800262c   0x000000f4   Code   RO         2538    i.HAL_OPAMP_Init    stm32g4xx_hal_opamp.o
    0x08002720   0x08002720   0x00000094   Code   RO          334    i.HAL_OPAMP_MspInit  opamp.o
    0x080027b4   0x080027b4   0x0000002c   Code   RO         2544    i.HAL_OPAMP_Start   stm32g4xx_hal_opamp.o
    0x080027e0   0x080027e0   0x000000bc   Code   RO         2161    i.HAL_PWREx_ControlVoltageScaling  stm32g4xx_hal_pwr_ex.o
    0x0800289c   0x0800289c   0x00000010   Code   RO         2173    i.HAL_PWREx_DisableUCPDDeadBattery  stm32g4xx_hal_pwr_ex.o
    0x080028ac   0x080028ac   0x00000288   Code   RO         1420    i.HAL_RCCEx_PeriphCLKConfig  stm32g4xx_hal_rcc_ex.o
    0x08002b34   0x08002b34   0x000001dc   Code   RO         1295    i.HAL_RCC_ClockConfig  stm32g4xx_hal_rcc.o
    0x08002d10   0x08002d10   0x00000024   Code   RO         1303    i.HAL_RCC_GetPCLK1Freq  stm32g4xx_hal_rcc.o
    0x08002d34   0x08002d34   0x00000024   Code   RO         1304    i.HAL_RCC_GetPCLK2Freq  stm32g4xx_hal_rcc.o
    0x08002d58   0x08002d58   0x00000070   Code   RO         1305    i.HAL_RCC_GetSysClockFreq  stm32g4xx_hal_rcc.o
    0x08002dc8   0x08002dc8   0x0000040c   Code   RO         1308    i.HAL_RCC_OscConfig  stm32g4xx_hal_rcc.o
    0x080031d4   0x080031d4   0x00000028   Code   RO         2416    i.HAL_SYSTICK_Config  stm32g4xx_hal_cortex.o
    0x080031fc   0x080031fc   0x00000002   Code   RO         3359    i.HAL_TIMEx_Break2Callback  stm32g4xx_hal_tim_ex.o
    0x080031fe   0x080031fe   0x00000002   Code   RO         3360    i.HAL_TIMEx_BreakCallback  stm32g4xx_hal_tim_ex.o
    0x08003200   0x08003200   0x00000002   Code   RO         3361    i.HAL_TIMEx_CommutCallback  stm32g4xx_hal_tim_ex.o
    0x08003202   0x08003202   0x00000002   PAD
    0x08003204   0x08003204   0x000000ac   Code   RO         3364    i.HAL_TIMEx_ConfigBreakDeadTime  stm32g4xx_hal_tim_ex.o
    0x080032b0   0x080032b0   0x00000002   Code   RO         3372    i.HAL_TIMEx_DirectionChangeCallback  stm32g4xx_hal_tim_ex.o
    0x080032b2   0x080032b2   0x0000000e   Code   RO         3382    i.HAL_TIMEx_EnableDeadTimePreload  stm32g4xx_hal_tim_ex.o
    0x080032c0   0x080032c0   0x00000002   Code   RO         3386    i.HAL_TIMEx_EncoderIndexCallback  stm32g4xx_hal_tim_ex.o
    0x080032c2   0x080032c2   0x00000002   Code   RO         3400    i.HAL_TIMEx_IndexErrorCallback  stm32g4xx_hal_tim_ex.o
    0x080032c4   0x080032c4   0x0000009c   Code   RO         3401    i.HAL_TIMEx_MasterConfigSynchronization  stm32g4xx_hal_tim_ex.o
    0x08003360   0x08003360   0x000000b8   Code   RO         3413    i.HAL_TIMEx_PWMN_Start  stm32g4xx_hal_tim_ex.o
    0x08003418   0x08003418   0x00000068   Code   RO         3416    i.HAL_TIMEx_PWMN_Stop  stm32g4xx_hal_tim_ex.o
    0x08003480   0x08003480   0x00000002   Code   RO         3422    i.HAL_TIMEx_TransitionErrorCallback  stm32g4xx_hal_tim_ex.o
    0x08003482   0x08003482   0x00000062   Code   RO         2645    i.HAL_TIM_Base_Init  stm32g4xx_hal_tim.o
    0x080034e4   0x080034e4   0x0000004c   Code   RO          388    i.HAL_TIM_Base_MspInit  tim.o
    0x08003530   0x08003530   0x0000006c   Code   RO         2648    i.HAL_TIM_Base_Start  stm32g4xx_hal_tim.o
    0x0800359c   0x0800359c   0x00000100   Code   RO         2654    i.HAL_TIM_ConfigClockSource  stm32g4xx_hal_tim.o
    0x0800369c   0x0800369c   0x00000002   Code   RO         2679    i.HAL_TIM_IC_CaptureCallback  stm32g4xx_hal_tim.o
    0x0800369e   0x0800369e   0x000001fc   Code   RO         2693    i.HAL_TIM_IRQHandler  stm32g4xx_hal_tim.o
    0x0800389a   0x0800389a   0x00000002   PAD
    0x0800389c   0x0800389c   0x00000094   Code   RO          389    i.HAL_TIM_MspPostInit  tim.o
    0x08003930   0x08003930   0x00000002   Code   RO         2696    i.HAL_TIM_OC_DelayElapsedCallback  stm32g4xx_hal_tim.o
    0x08003932   0x08003932   0x00000124   Code   RO         2717    i.HAL_TIM_PWM_ConfigChannel  stm32g4xx_hal_tim.o
    0x08003a56   0x08003a56   0x00000062   Code   RO         2720    i.HAL_TIM_PWM_Init  stm32g4xx_hal_tim.o
    0x08003ab8   0x08003ab8   0x00000002   Code   RO         2722    i.HAL_TIM_PWM_MspInit  stm32g4xx_hal_tim.o
    0x08003aba   0x08003aba   0x00000002   Code   RO         2723    i.HAL_TIM_PWM_PulseFinishedCallback  stm32g4xx_hal_tim.o
    0x08003abc   0x08003abc   0x000000fc   Code   RO         2725    i.HAL_TIM_PWM_Start  stm32g4xx_hal_tim.o
    0x08003bb8   0x08003bb8   0x000000ac   Code   RO         2728    i.HAL_TIM_PWM_Stop  stm32g4xx_hal_tim.o
    0x08003c64   0x08003c64   0x00000002   Code   RO         2731    i.HAL_TIM_PeriodElapsedCallback  stm32g4xx_hal_tim.o
    0x08003c66   0x08003c66   0x00000002   Code   RO         2736    i.HAL_TIM_TriggerCallback  stm32g4xx_hal_tim.o
    0x08003c68   0x08003c68   0x0000003e   Code   RO         4208    i.HAL_UARTEx_DisableFifoMode  stm32g4xx_hal_uart_ex.o
    0x08003ca6   0x08003ca6   0x00000002   Code   RO         3797    i.HAL_UARTEx_RxEventCallback  stm32g4xx_hal_uart.o
    0x08003ca8   0x08003ca8   0x00000002   Code   RO         4215    i.HAL_UARTEx_RxFifoFullCallback  stm32g4xx_hal_uart_ex.o
    0x08003caa   0x08003caa   0x0000004c   Code   RO         4216    i.HAL_UARTEx_SetRxFifoThreshold  stm32g4xx_hal_uart_ex.o
    0x08003cf6   0x08003cf6   0x0000004c   Code   RO         4217    i.HAL_UARTEx_SetTxFifoThreshold  stm32g4xx_hal_uart_ex.o
    0x08003d42   0x08003d42   0x00000002   Code   RO         4219    i.HAL_UARTEx_TxFifoEmptyCallback  stm32g4xx_hal_uart_ex.o
    0x08003d44   0x08003d44   0x00000002   Code   RO         4220    i.HAL_UARTEx_WakeupCallback  stm32g4xx_hal_uart_ex.o
    0x08003d46   0x08003d46   0x00000002   Code   RO         3813    i.HAL_UART_ErrorCallback  stm32g4xx_hal_uart.o
    0x08003d48   0x08003d48   0x000002e0   Code   RO         3816    i.HAL_UART_IRQHandler  stm32g4xx_hal_uart.o
    0x08004028   0x08004028   0x0000006a   Code   RO         3817    i.HAL_UART_Init     stm32g4xx_hal_uart.o
    0x08004092   0x08004092   0x00000002   PAD
    0x08004094   0x08004094   0x000000c4   Code   RO          436    i.HAL_UART_MspInit  usart.o
    0x08004158   0x08004158   0x000000a4   Code   RO         3827    i.HAL_UART_Transmit_DMA  stm32g4xx_hal_uart.o
    0x080041fc   0x080041fc   0x00000002   Code   RO         3829    i.HAL_UART_TxCpltCallback  stm32g4xx_hal_uart.o
    0x080041fe   0x080041fe   0x00000002   Code   RO         3830    i.HAL_UART_TxHalfCpltCallback  stm32g4xx_hal_uart.o
    0x08004200   0x08004200   0x00000002   Code   RO          482    i.HardFault_Handler  stm32g4xx_it.o
    0x08004202   0x08004202   0x0000000c   Code   RO          643    i.LL_ADC_GetOffsetChannel  stm32g4xx_hal_adc.o
    0x0800420e   0x0800420e   0x0000000c   Code   RO          876    i.LL_ADC_GetOffsetChannel  stm32g4xx_hal_adc_ex.o
    0x0800421a   0x0800421a   0x00000008   Code   RO          644    i.LL_ADC_INJ_IsConversionOngoing  stm32g4xx_hal_adc.o
    0x08004222   0x08004222   0x00000008   Code   RO          877    i.LL_ADC_INJ_IsConversionOngoing  stm32g4xx_hal_adc_ex.o
    0x0800422a   0x0800422a   0x00000008   Code   RO          645    i.LL_ADC_REG_IsConversionOngoing  stm32g4xx_hal_adc.o
    0x08004232   0x08004232   0x00000008   Code   RO          878    i.LL_ADC_REG_IsConversionOngoing  stm32g4xx_hal_adc_ex.o
    0x0800423a   0x0800423a   0x00000010   Code   RO          646    i.LL_ADC_REG_IsTriggerSourceSWStart  stm32g4xx_hal_adc.o
    0x0800424a   0x0800424a   0x0000001e   Code   RO          648    i.LL_ADC_SetChannelSamplingTime  stm32g4xx_hal_adc.o
    0x08004268   0x08004268   0x0000001e   Code   RO          879    i.LL_ADC_SetChannelSamplingTime  stm32g4xx_hal_adc_ex.o
    0x08004286   0x08004286   0x00000010   Code   RO          649    i.LL_ADC_SetOffsetState  stm32g4xx_hal_adc.o
    0x08004296   0x08004296   0x00000010   Code   RO          880    i.LL_ADC_SetOffsetState  stm32g4xx_hal_adc_ex.o
    0x080042a6   0x080042a6   0x00000002   PAD
    0x080042a8   0x080042a8   0x000000f4   Code   RO          262    i.MX_ADC1_Init      adc.o
    0x0800439c   0x0800439c   0x000000c0   Code   RO          263    i.MX_ADC2_Init      adc.o
    0x0800445c   0x0800445c   0x0000003c   Code   RO          309    i.MX_DMA_Init       dma.o
    0x08004498   0x08004498   0x000000b8   Code   RO          232    i.MX_GPIO_Init      gpio.o
    0x08004550   0x08004550   0x00000034   Code   RO          335    i.MX_OPAMP1_Init    opamp.o
    0x08004584   0x08004584   0x00000034   Code   RO          336    i.MX_OPAMP2_Init    opamp.o
    0x080045b8   0x080045b8   0x00000034   Code   RO          337    i.MX_OPAMP3_Init    opamp.o
    0x080045ec   0x080045ec   0x00000124   Code   RO          390    i.MX_TIM1_Init      tim.o
    0x08004710   0x08004710   0x00000068   Code   RO          437    i.MX_USART3_UART_Init  usart.o
    0x08004778   0x08004778   0x00000002   Code   RO          483    i.MemManage_Handler  stm32g4xx_it.o
    0x0800477a   0x0800477a   0x00000002   Code   RO          484    i.NMI_Handler       stm32g4xx_it.o
    0x0800477c   0x0800477c   0x00000002   Code   RO          485    i.PendSV_Handler    stm32g4xx_it.o
    0x0800477e   0x0800477e   0x00000002   Code   RO          486    i.SVC_Handler       stm32g4xx_it.o
    0x08004780   0x08004780   0x000002c4   Code   RO         4359    i.SVPWM             foc.o
    0x08004a44   0x08004a44   0x00000004   Code   RO          487    i.SysTick_Handler   stm32g4xx_it.o
    0x08004a48   0x08004a48   0x00000064   Code   RO           17    i.SystemClock_Config  main.o
    0x08004aac   0x08004aac   0x00000010   Code   RO         4321    i.SystemInit        system_stm32g4xx.o
    0x08004abc   0x08004abc   0x0000000c   Code   RO          488    i.TIM1_BRK_TIM15_IRQHandler  stm32g4xx_it.o
    0x08004ac8   0x08004ac8   0x0000000c   Code   RO          489    i.TIM1_UP_TIM16_IRQHandler  stm32g4xx_it.o
    0x08004ad4   0x08004ad4   0x000000b0   Code   RO         2738    i.TIM_Base_SetConfig  stm32g4xx_hal_tim.o
    0x08004b84   0x08004b84   0x0000001a   Code   RO         2739    i.TIM_CCxChannelCmd  stm32g4xx_hal_tim.o
    0x08004b9e   0x08004b9e   0x0000001a   Code   RO         3425    i.TIM_CCxNChannelCmd  stm32g4xx_hal_tim_ex.o
    0x08004bb8   0x08004bb8   0x00000014   Code   RO         2749    i.TIM_ETR_SetConfig  stm32g4xx_hal_tim.o
    0x08004bcc   0x08004bcc   0x00000014   Code   RO         2750    i.TIM_ITRx_SetConfig  stm32g4xx_hal_tim.o
    0x08004be0   0x08004be0   0x0000009c   Code   RO         2751    i.TIM_OC1_SetConfig  stm32g4xx_hal_tim.o
    0x08004c7c   0x08004c7c   0x00000090   Code   RO         2752    i.TIM_OC2_SetConfig  stm32g4xx_hal_tim.o
    0x08004d0c   0x08004d0c   0x00000090   Code   RO         2753    i.TIM_OC3_SetConfig  stm32g4xx_hal_tim.o
    0x08004d9c   0x08004d9c   0x00000090   Code   RO         2754    i.TIM_OC4_SetConfig  stm32g4xx_hal_tim.o
    0x08004e2c   0x08004e2c   0x00000070   Code   RO         2755    i.TIM_OC5_SetConfig  stm32g4xx_hal_tim.o
    0x08004e9c   0x08004e9c   0x00000070   Code   RO         2756    i.TIM_OC6_SetConfig  stm32g4xx_hal_tim.o
    0x08004f0c   0x08004f0c   0x00000022   Code   RO         2758    i.TIM_TI1_ConfigInputStage  stm32g4xx_hal_tim.o
    0x08004f2e   0x08004f2e   0x00000024   Code   RO         2760    i.TIM_TI2_ConfigInputStage  stm32g4xx_hal_tim.o
    0x08004f52   0x08004f52   0x00000002   PAD
    0x08004f54   0x08004f54   0x00000044   Code   RO         4221    i.UARTEx_SetNbDataToProcess  stm32g4xx_hal_uart_ex.o
    0x08004f98   0x08004f98   0x000000c8   Code   RO         3831    i.UART_AdvFeatureConfig  stm32g4xx_hal_uart.o
    0x08005060   0x08005060   0x00000060   Code   RO         3832    i.UART_CheckIdleState  stm32g4xx_hal_uart.o
    0x080050c0   0x080050c0   0x00000014   Code   RO         3833    i.UART_DMAAbortOnError  stm32g4xx_hal_uart.o
    0x080050d4   0x080050d4   0x00000050   Code   RO         3834    i.UART_DMAError     stm32g4xx_hal_uart.o
    0x08005124   0x08005124   0x00000042   Code   RO         3839    i.UART_DMATransmitCplt  stm32g4xx_hal_uart.o
    0x08005166   0x08005166   0x0000000a   Code   RO         3841    i.UART_DMATxHalfCplt  stm32g4xx_hal_uart.o
    0x08005170   0x08005170   0x00000054   Code   RO         3843    i.UART_EndRxTransfer  stm32g4xx_hal_uart.o
    0x080051c4   0x080051c4   0x0000002e   Code   RO         3844    i.UART_EndTxTransfer  stm32g4xx_hal_uart.o
    0x080051f2   0x080051f2   0x00000002   PAD
    0x080051f4   0x080051f4   0x00000274   Code   RO         3849    i.UART_SetConfig    stm32g4xx_hal_uart.o
    0x08005468   0x08005468   0x000000c6   Code   RO         3856    i.UART_WaitOnFlagUntilTimeout  stm32g4xx_hal_uart.o
    0x0800552e   0x0800552e   0x00000002   PAD
    0x08005530   0x08005530   0x0000000c   Code   RO          490    i.USART3_IRQHandler  stm32g4xx_it.o
    0x0800553c   0x0800553c   0x00000002   Code   RO          491    i.UsageFault_Handler  stm32g4xx_it.o
    0x0800553e   0x0800553e   0x00000020   Code   RO         2418    i.__NVIC_SetPriority  stm32g4xx_hal_cortex.o
    0x0800555e   0x0800555e   0x0000007a   Code   RO         4526    i.__hardfp_sqrt     m_wm.l(sqrt.o)
    0x080055d8   0x080055d8   0x0000000e   Code   RO         4601    i.__scatterload_copy  mc_w.l(handlers.o)
    0x080055e6   0x080055e6   0x00000002   Code   RO         4602    i.__scatterload_null  mc_w.l(handlers.o)
    0x080055e8   0x080055e8   0x0000000e   Code   RO         4603    i.__scatterload_zeroinit  mc_w.l(handlers.o)
    0x080055f6   0x080055f6   0x00000002   PAD
    0x080055f8   0x080055f8   0x0000000c   Code   RO         4583    i.__set_errno       mc_w.l(errno.o)
    0x08005604   0x08005604   0x00000120   Code   RO         4360    i.getSector         foc.o
    0x08005724   0x08005724   0x000000dc   Code   RO           19    i.main              main.o
    0x08005800   0x08005800   0x00000054   Code   RO         4361    i.revParkOperate    foc.o
    0x08005854   0x08005854   0x00000018   Data   RO         3857    .constdata          stm32g4xx_hal_uart.o
    0x0800586c   0x0800586c   0x00000010   Data   RO         4222    .constdata          stm32g4xx_hal_uart_ex.o
    0x0800587c   0x0800587c   0x00000010   Data   RO         4322    .constdata          system_stm32g4xx.o
    0x0800588c   0x0800588c   0x00000008   Data   RO         4323    .constdata          system_stm32g4xx.o
    0x08005894   0x08005894   0x00000007   Data   RO         4362    .constdata          foc.o
    0x0800589b   0x0800589b   0x00000001   PAD
    0x0800589c   0x0800589c   0x00000804   Data   RO         4518    .rodata.sinTable_f32  arm_cortexM4lf_math.lib(arm_common_tables.o)
    0x080060a0   0x080060a0   0x00000020   Data   RO         4599    Region$$Table       anon$$obj.o


    Execution Region RW_IRAM1 (Exec base: 0x20000000, Load base: 0x080060c0, Size: 0x00000838, Max: 0x00008000, ABSOLUTE)

    Exec Addr    Load Addr    Size         Type   Attr      Idx    E Section Name        Object

    0x20000000   0x080060c0   0x00000038   Data   RW           24    .data               main.o
    0x20000038   0x080060f8   0x00000004   Data   RW          265    .data               adc.o
    0x2000003c   0x080060fc   0x0000000c   Data   RW         1095    .data               stm32g4xx_hal.o
    0x20000048   0x08006108   0x00000004   Data   RW         4324    .data               system_stm32g4xx.o
    0x2000004c   0x0800610c   0x0000000c   Data   RW         4363    .data               foc.o
    0x20000058   0x08006118   0x00000004   Data   RW         4584    .data               mc_w.l(errno.o)
    0x2000005c        -       0x00000114   Zero   RW           20    .bss                main.o
    0x20000170        -       0x000000d8   Zero   RW          264    .bss                adc.o
    0x20000248        -       0x000000b4   Zero   RW          338    .bss                opamp.o
    0x200002fc        -       0x0000004c   Zero   RW          391    .bss                tim.o
    0x20000348        -       0x000000f0   Zero   RW          438    .bss                usart.o
    0x20000438        -       0x00000400   Zero   RW            1    STACK               startup_stm32g431xx.o


==============================================================================

Image component sizes


      Code (inc. data)   RO Data    RW Data    ZI Data      Debug   Object Name

       712         50          0          4        216       2934   adc.o
        60          4          0          0          0        822   dma.o
      1108        114          7         12          0       4261   foc.o
       184         12          0          0          0        995   gpio.o
       788         72          0         56        276     688453   main.o
       304         44          0          0        180       2969   opamp.o
        36          8        472          0       1024        840   startup_stm32g431xx.o
       126         20          0         12          0       3717   stm32g4xx_hal.o
      2500        102          0          0          0      79269   stm32g4xx_hal_adc.o
      2266         98          0          0          0      79086   stm32g4xx_hal_adc_ex.o
       198         14          0          0          0      33863   stm32g4xx_hal_cortex.o
       906         30          0          0          0       6614   stm32g4xx_hal_dma.o
       618         40          0          0          0       2987   stm32g4xx_hal_gpio.o
        48          6          0          0          0        874   stm32g4xx_hal_msp.o
       288          8          0          0          0       2479   stm32g4xx_hal_opamp.o
       204         18          0          0          0       1417   stm32g4xx_hal_pwr_ex.o
      1696         92          0          0          0       6296   stm32g4xx_hal_rcc.o
       648         10          0          0          0       1884   stm32g4xx_hal_rcc_ex.o
      2920        278          0          0          0      20222   stm32g4xx_hal_tim.o
       670         58          0          0          0       9259   stm32g4xx_hal_tim_ex.o
      2442        100         24          0          0      33350   stm32g4xx_hal_uart.o
       288          6         16          0          0       5394   stm32g4xx_hal_uart_ex.o
       126         34          0          0          0       7191   stm32g4xx_it.o
        16          4         24          4          0       1139   system_stm32g4xx.o
       516         30          0          0         76       2648   tim.o
       300         32          0          0        240       1913   usart.o

    ----------------------------------------------------------------------
     19998       1284        576         88       2012    1000876   Object Totals
         0          0         32          0          0          0   (incl. Generated)
        30          0          1          0          0          0   (incl. Padding)

    ----------------------------------------------------------------------

      Code (inc. data)   RO Data    RW Data    ZI Data      Debug   Library Member Name

         0          0       2052          0          0       4961   arm_common_tables.o
       160         12          0          0          0       1103   arm_cos_f32.o
       152         12          0          0          0       1098   arm_sin_f32.o
       122          0          0          0          0        148   sqrt.o
         0          0          0          0          0          0   entry.o
         0          0          0          0          0          0   entry10a.o
         0          0          0          0          0          0   entry11a.o
         4          0          0          0          0          0   entry12b.o
         8          4          0          0          0          0   entry2.o
         4          0          0          0          0          0   entry5.o
         0          0          0          0          0          0   entry7b.o
         0          0          0          0          0          0   entry8b.o
         8          4          0          0          0          0   entry9a.o
        12          6          0          4          0         68   errno.o
        30          0          0          0          0          0   handlers.o
        36          8          0          0          0         68   init.o
         0          0          0          0          0          0   iusefp.o
        30          0          0          0          0         68   llshl.o
        36          0          0          0          0         68   llsshr.o
        32          0          0          0          0         68   llushr.o
        36          0          0          0          0         68   memcpya.o
        36          0          0          0          0        108   memseta.o
        98          0          0          0          0         92   uldiv.o
        56          0          0          0          0         88   d2f.o
       334          0          0          0          0        148   dadd.o
       222          0          0          0          0        100   ddiv.o
       186          0          0          0          0        176   depilogue.o
       228          0          0          0          0         96   dmul.o
       162          0          0          0          0        100   dsqrt.o
        38          0          0          0          0         68   f2d.o
       110          0          0          0          0        168   fepilogue.o

    ----------------------------------------------------------------------
      2142         46       2052          4          0       8862   Library Totals
         2          0          0          0          0          0   (incl. Padding)

    ----------------------------------------------------------------------

      Code (inc. data)   RO Data    RW Data    ZI Data      Debug   Library Name

       312         24       2052          0          0       7162   arm_cortexM4lf_math.lib
       122          0          0          0          0        148   m_wm.l
       370         22          0          4          0        608   mc_w.l
      1336          0          0          0          0        944   mf_w.l

    ----------------------------------------------------------------------
      2142         46       2052          4          0       8862   Library Totals

    ----------------------------------------------------------------------

==============================================================================


      Code (inc. data)   RO Data    RW Data    ZI Data      Debug   

     22140       1330       2628         92       2012     993650   Grand Totals
     22140       1330       2628         92       2012     993650   ELF Image Totals
     22140       1330       2628         92          0          0   ROM Totals

==============================================================================

    Total RO  Size (Code + RO Data)                24768 (  24.19kB)
    Total RW  Size (RW Data + ZI Data)              2104 (   2.05kB)
    Total ROM Size (Code + RO Data + RW Data)      24860 (  24.28kB)

==============================================================================

